#
# A fatal error has been detected by the Java Runtime Environment:
#
#  EXCEPTION_ACCESS_VIOLATION (0xc0000005) at pc=0x00007ffb5bdcb806, pid=11328, tid=8436
#
# JRE version: OpenJDK Runtime Environment Temurin-17.0.15+6 (17.0.15+6) (build 17.0.15+6)
# Java VM: OpenJDK 64-Bit Server VM Temurin-17.0.15+6 (17.0.15+6, mixed mode, sharing, tiered, compressed oops, compressed class ptrs, g1 gc, windows-amd64)
# Problematic frame:
# C  [glass.dll+0x1b806]
#
# No core dump will be written. Minidumps are not enabled by default on client versions of Windows
#
# If you would like to submit a bug report, please visit:
#   https://github.com/adoptium/adoptium-support/issues
# The crash happened outside the Java Virtual Machine in native code.
# See problematic frame for where to report the bug.
#

---------------  S U M M A R Y ------------

Command Line: --add-modules=javafx.controls --module-path=C:\Users\emile\.gradle\caches\modules-2\files-2.1\org.openjfx\javafx-controls\12.0.1\838555460c025b8df0fbc0fa03bf3f3767698f89\javafx-controls-12.0.1-win.jar;C:\Users\emile\.gradle\caches\modules-2\files-2.1\org.openjfx\javafx-graphics\12.0.1\18a01ffdd4edb82e7da3bc99937c6a608d1eaaa6\javafx-graphics-12.0.1-win.jar;C:\Users\emile\.gradle\caches\modules-2\files-2.1\org.openjfx\javafx-base\12.0.1\6f5947b255bb26e072862b3bb0c32d54d8effe84\javafx-base-12.0.1-win.jar -Dfile.encoding=windows-1252 -Duser.country=FR -Duser.language=fr -Duser.variant game.Main

Host: Intel(R) Core(TM) i5-9400F CPU @ 2.90GHz, 6 cores, 15G,  Windows 11 , 64 bit Build 26100 (10.0.26100.4484)
Time: Sat Aug  9 17:59:10 2025 Paris, Madrid (heure duild 26100 (10.0.26100.4484) elapsed time: 33.845373 seconds (0d 0h 0m 33s)

---------------  T H R E A D  ---------------

Current thread (0x00000287a7373e50):  JavaThread "JavaFX Application Thread" [_thread_in_native, id=8436, stack(0x000000e50d300000,0x000000e50d400000)]

Stack: [0x000000e50d300000,0x000000e50d400000],  sp=0x000000e50d3fe290,  free space=1016k
Native frames: (J=compiled Java code, j=interpreted, Vv=VM code, C=native code)
C  [glass.dll+0x1b806]

Java frames: (J=compiled Java code, j=interpreted, Vv=VM code)
j  com.sun.glass.ui.win.WinWindow._close(J)Z+0 javafx.graphics
j  com.sun.glass.ui.Window.close()V+63 javafx.graphics
j  com.sun.glass.ui.win.WinWindow.close()V+8 javafx.graphics
j  com.sun.glass.ui.Application.terminate()V+75 javafx.graphics
j  com.sun.javafx.tk.quantum.QuantumToolkit.lambda$exit$13()Ljava/lang/Object;+5 javafx.graphics
j  com.sun.javafx.tk.quantum.QuantumToolkit$$Lambda$517+0x00000287631fea58.get()Ljava/lang/Object;+0 javafx.graphics
j  com.sun.javafx.tk.quantum.QuantumToolkit.runWithRenderLock(Ljava/util/function/Supplier;)Ljava/lang/Object;+7 javafx.graphics
j  com.sun.javafx.tk.quantum.QuantumToolkit.exit()V+26 javafx.graphics
j  com.sun.javafx.application.PlatformImpl.lambda$tkExit$16()V+3 javafx.graphics
j  com.sun.javafx.application.PlatformImpl$$Lambda$516+0x00000287631fe840.run()V+0 javafx.graphics
j  com.sun.javafx.application.PlatformImpl.lambda$runAndWait$12(Ljava/lang/Runnable;Ljava/util/concurrent/CountDownLatch;)V+1 javafx.graphics
j  com.sun.javafx.application.PlatformImpl$$Lambda$82+0x000002876303d970.run()V+8 javafx.graphics
j  com.sun.javafx.application.PlatformImpl.lambda$runLater$10(Ljava/lang/Runnable;)Ljava/lang/Void;+1 javafx.graphics
j  com.sun.javafx.application.PlatformImpl$$Lambda$84+0x000002876303ede0.run()Ljava/lang/Object;+4 javafx.graphics
J 1613 c1 java.security.AccessController.doPrivileged(Ljava/security/PrivilegedAction;Ljava/security/AccessControlContext;)Ljava/lang/Object; java.base@17.0.15 (17 bytes) @ 0x00000287461adf54 [0x00000287461add80+0x00000000000001d4]
j  com.sun.javafx.application.PlatformImpl.lambda$runLater$11(Ljava/lang/Runnable;Ljava/security/AccessControlContext;)V+7 javafx.graphics
j  com.sun.javafx.application.PlatformImpl$$Lambda$83+0x000002876303e178.run()V+8 javafx.graphics
J 3087 c1 com.sun.glass.ui.InvokeLaterDispatcher$Future.run()V javafx.graphics (91 bytes) @ 0x00000287464cfb94 [0x00000287464cfa80+0x0000000000000114]
v  ~StubRoutines::call_stub
j  com.sun.glass.ui.win.WinApplication._runLoop(Ljava/lang/Runnable;)V+0 javafx.graphics
j  com.sun.glass.ui.win.WinApplication.lambda$runLoop$3(ILjava/lang/Runnable;)V+8 javafx.graphics
j  com.sun.glass.ui.win.WinApplication$$Lambda$72+0x000002876302c870.run()V+12 javafx.graphics
j  java.lang.Thread.run()V+11 java.base@17.0.15
v  ~StubRoutines::call_stub

siginfo: EXCEPTION_ACCESS_VIOLATION (0xc0000005), reading address 0x0000000000000130


Registers:
RAX=0x0000000000000000, RBX=0x0000000000000000, RCX=0x0000000000000000, RDX=0x0000000000000000
RSP=0x000000e50d3fe290, RBP=0x0000000000000000, RSI=0x00000287a73035a0, RDI=0x000000e50d3fe630
R8 =0x000000e50d3fe630, R9 =0x0000000000000000, R10=0x00007ffb5bdd8c48, R11=0x0000000000000246
R12=0x0000000000000000, R13=0x0000000000000000, R14=0x0000000000000000, R15=0x0000000000000000
RIP=0x00007ffb5bdcb806, EFLAGS=0x0000000000010206

XMM[0]=0x0000000000000000 0x0000000000000000
XMM[1]=0x0000000000000000 0x0000000000000000
XMM[2]=0x0000000000000000 0x0000000000000000
XMM[3]=0x0000000000000000 0x0000000000000000
XMM[4]=0x0000000000000000 0x0000000000000000
XMM[5]=0x0000000000000000 0x0000000000000000
XMM[6]=0x0000000000000000 0x0000000000000000
XMM[7]=0x0000000000000000 0x0000000000000000
XMM[8]=0x0000000000000000 0x0000000000000000
XMM[9]=0x0000000000000000 0x0000000000000000
XMM[10]=0x0000000000000000 0x0000000000000000
XMM[11]=0x0000000000000000 0x0000000000000000
XMM[12]=0x0000000000000000 0x0000000000000000
XMM[13]=0x0000000000000000 0x0000000000000000
XMM[14]=0x0000000000000000 0x0000000000000000
XMM[15]=0x0000000000000000 0x0000000000000000
  MXCSR=0x00001fa7


Register to memory mapping:

RIP=0x00007ffb5bdcb806 glass.dll
RAX=0x0 is NULL
RBX=0x0 is NULL
RCX=0x0 is NULL
RDX=0x0 is NULL
RSP=0x000000e50d3fe290 is pointing into the stack for thread: 0x00000287a7373e50
RBP=0x0 is NULL
RSI=0x00000287a73035a0 points into unknown readable memory: 0x00007ffb5bdd8c48 | 48 8c dd 5b fb 7f 00 00
RDI=0x000000e50d3fe630 is pointing into the stack for thread: 0x00000287a7373e50
R8 =0x000000e50d3fe630 is pointing into the stack for thread: 0x00000287a7373e50
R9 =0x0 is NULL
R10=0x00007ffb5bdd8c48 glass.dll
R11=0x0000000000000246 is an unknown value
R12=0x0 is NULL
R13=0x0 is NULL
R14=0x0 is NULL
R15=0x0 is NULL


Top of Stack: (sp=0x000000e50d3fe290)
0x000000e50d3fe290:   0000000000000000 0000000000000000
0x000000e50d3fe2a0:   000000e50d3fe630 00000287a73035a0
0x000000e50d3fe2b0:   000000e50d3fe630 00007ffb5bdca241
0x000000e50d3fe2c0:   0000000000000000 0000000000000000
0x000000e50d3fe2d0:   0000000000000000 0000000000000401
0x000000e50d3fe2e0:   000000e50d3fe630 00007ffb5bdba29d
0x000000e50d3fe2f0:   0000000000000401 000000000000000b
0x000000e50d3fe300:   0000000000180016 00007ffb5bdd75a0
0x000000e50d3fe310:   fffffffffffffffe 0000000000000401
0x000000e50d3fe320:   0000000000000000 00007ffb5bdb1808
0x000000e50d3fe330:   00000287a73035a0 000000e50d3fe630
0x000000e50d3fe340:   0000000000000401 00000000001c0422
0x000000e50d3fe350:   0000000080000022 00007ffb835c81d6
0x000000e50d3fe360:   0000000000000000 000000e50d3fe528
0x000000e50d3fe370:   0000000000000001 0000000000000401
0x000000e50d3fe380:   00000287a7373e50 00000000000000b6
0x000000e50d3fe390:   00000287a7373e50 00000287a7388900
0x000000e50d3fe3a0:   000000e500000000 0000000000000000
0x000000e50d3fe3b0:   0000000100000000 0000028780000022
0x000000e50d3fe3c0:   0000028700000000 0000000000000000
0x000000e50d3fe3d0:   0000000000000000 0000000000000001
0x000000e50d3fe3e0:   0000000000000000 0000000000000000
0x000000e50d3fe3f0:   0000000000000070 ffffffffffffffff
0x000000e50d3fe400:   ffffffffffffffff 00007ffb835c7fb2
0x000000e50d3fe410:   00007ffb835c83a9 00000287a7373e50
0x000000e50d3fe420:   0000000000000000 0000028761ac6040
0x000000e50d3fe430:   0000000000000000 0000000000000000
0x000000e50d3fe440:   0000000000000048 0000000000000001
0x000000e50d3fe450:   0000000000000000 0000000000000000
0x000000e50d3fe460:   0000000000000030 ffffffffffffffff
0x000000e50d3fe470:   ffffffffffffffff 00007ffb835c7fb2
0x000000e50d3fe480:   0000000000000000 0000028700000001 

Instructions: (pc=0x00007ffb5bdcb806)
0x00007ffb5bdcb706:   85 c0 74 08 48 8b c8 e8 ee 00 00 00 48 c7 05 e3
0x00007ffb5bdcb716:   16 02 00 00 00 00 00 48 83 c4 28 c3 cc cc cc cc
0x00007ffb5bdcb726:   cc cc cc cc cc cc cc cc cc cc 48 89 5c 24 08 57
0x00007ffb5bdcb736:   48 83 ec 30 48 8b fa 48 8b d9 48 39 91 30 01 00
0x00007ffb5bdcb746:   00 0f 84 a5 00 00 00 e8 ae 00 00 00 48 8b 93 30
0x00007ffb5bdcb756:   01 00 00 48 85 d2 75 04 48 8b 53 08 48 89 54 24
0x00007ffb5bdcb766:   20 4c 8b c7 48 85 ff 75 04 4c 8b 43 08 48 8d 0d
0x00007ffb5bdcb776:   46 f9 00 00 4c 89 44 24 28 e8 3c 7f fe ff 48 8b
0x00007ffb5bdcb786:   4c 24 20 4c 8d 44 24 20 48 8d 15 db f7 ff ff ff
0x00007ffb5bdcb796:   15 d5 0f 02 00 48 8b 05 3e 13 02 00 48 85 c0 75
0x00007ffb5bdcb7a6:   04 33 c9 eb 03 8b 48 40 4c 8d 44 24 20 48 8d 15
0x00007ffb5bdcb7b6:   f6 f7 ff ff ff 15 b8 0f 02 00 48 89 bb 30 01 00
0x00007ffb5bdcb7c6:   00 e8 d4 35 00 00 4c 8b 05 ad 16 02 00 48 8b c8
0x00007ffb5bdcb7d6:   48 8b 93 c0 00 00 00 4c 8b cf e8 4b 98 fe ff e8
0x00007ffb5bdcb7e6:   b6 35 00 00 48 8b c8 e8 ce 34 00 00 48 8b 5c 24
0x00007ffb5bdcb7f6:   40 48 83 c4 30 5f c3 cc cc cc 40 57 48 83 ec 20
0x00007ffb5bdcb806:   48 8b 81 30 01 00 00 48 8b f9 48 85 c0 75 04 48
0x00007ffb5bdcb816:   8b 41 08 48 3b 05 e0 15 02 00 75 3b 48 89 5c 24
0x00007ffb5bdcb826:   30 e8 74 35 00 00 4c 8b 05 3d 16 02 00 48 8b c8
0x00007ffb5bdcb836:   48 8b 97 c0 00 00 00 48 8b d8 e8 eb 97 fe ff 48
0x00007ffb5bdcb846:   8b cb e8 73 34 00 00 48 8b 5c 24 30 48 c7 05 a3
0x00007ffb5bdcb856:   15 02 00 00 00 00 00 48 83 c4 20 5f c3 cc cc cc
0x00007ffb5bdcb866:   cc cc cc cc cc cc cc cc cc cc 40 53 48 83 ec 50
0x00007ffb5bdcb876:   48 8b 05 43 e9 01 00 48 33 c4 48 89 44 24 40 48
0x00007ffb5bdcb886:   8b d9 48 8b 49 08 ff 15 56 0e 02 00 85 c0 0f 85
0x00007ffb5bdcb896:   21 01 00 00 48 8b 4b 08 48 8d 54 24 30 ff 15 7f
0x00007ffb5bdcb8a6:   0c 02 00 48 8b 4b 08 48 8d 54 24 20 ff 15 d8 0c
0x00007ffb5bdcb8b6:   02 00 48 8b 4b 08 4c 8d 44 24 20 41 b9 02 00 00
0x00007ffb5bdcb8c6:   00 33 d2 ff 15 c9 0c 02 00 8b 44 24 24 2b 44 24
0x00007ffb5bdcb8d6:   34 44 8b 44 24 20 44 2b 44 24 30 8b 54 24 3c 2b
0x00007ffb5bdcb8e6:   54 24 2c 8b 4c 24 38 2b 4c 24 28 89 83 1c 01 00
0x00007ffb5bdcb8f6:   00 44 89 83 18 01 00 00 89 93 24 01 00 00 89 8b 


Stack slot to memory mapping:
stack at sp + 0 slots: 0x0 is NULL
stack at sp + 1 slots: 0x0 is NULL
stack at sp + 2 slots: 0x000000e50d3fe630 is pointing into the stack for thread: 0x00000287a7373e50
stack at sp + 3 slots: 0x00000287a73035a0 points into unknown readable memory: 0x00007ffb5bdd8c48 | 48 8c dd 5b fb 7f 00 00
stack at sp + 4 slots: 0x000000e50d3fe630 is pointing into the stack for thread: 0x00000287a7373e50
stack at sp + 5 slots: 0x00007ffb5bdca241 glass.dll
stack at sp + 6 slots: 0x0 is NULL
stack at sp + 7 slots: 0x0 is NULL


Compiled method (c1)   33940 1613       3       java.security.AccessController::doPrivileged (17 bytes)
 total in heap  [0x00000287461adb90,0x00000287461ae2c8] = 1848
 relocation     [0x00000287461adce8,0x00000287461add70] = 136
 main code      [0x00000287461add80,0x00000287461ae0c0] = 832
 stub code      [0x00000287461ae0c0,0x00000287461ae138] = 120
 metadata       [0x00000287461ae138,0x00000287461ae150] = 24
 scopes data    [0x00000287461ae150,0x00000287461ae200] = 176
 scopes pcs     [0x00000287461ae200,0x00000287461ae2b0] = 176
 dependencies   [0x00000287461ae2b0,0x00000287461ae2b8] = 8
 nul chk table  [0x00000287461ae2b8,0x00000287461ae2c8] = 16

[Constant Pool (empty)]

[MachCode]
[Verified Entry Point]
  # {method} {0x0000028762435d98} 'doPrivileged' '(Ljava/security/PrivilegedAction;Ljava/security/AccessControlContext;)Ljava/lang/Object;' in 'java/security/AccessController'
  # parm0:    rdx:rdx   = 'java/security/PrivilegedAction'
  # parm1:    r8:r8     = 'java/security/AccessControlContext'
  #           [sp+0x80]  (sp of caller)
  0x00000287461add80: 8984 2400 | 90ff ff55 | 4883 ec70 

  0x00000287461add8c: ;   {metadata(method data for {method} {0x0000028762435d98} 'doPrivileged' '(Ljava/security/PrivilegedAction;Ljava/security/AccessControlContext;)Ljava/lang/Object;' in 'java/security/AccessController')}
  0x00000287461add8c: 48be c861 | 26a3 8702 | 0000 8bbe | cc00 0000 | 83c7 0289 | becc 0000 | 0081 e7fe | 0700 0083 
  0x00000287461addac: ff00 0f84 | 3c02 0000 | 4c89 4424 | 4048 8954 

  0x00000287461addbc: ;   {metadata(method data for {method} {0x0000028762435d98} 'doPrivileged' '(Ljava/security/PrivilegedAction;Ljava/security/AccessControlContext;)Ljava/lang/Object;' in 'java/security/AccessController')}
  0x00000287461addbc: 2448 48be | c861 26a3 | 8702 0000 | 4883 8610 | 0100 0001 | 0f1f 8000 

  0x00000287461addd4: ;   {static_call}
  0x00000287461addd4: 0000 00e8 

  0x00000287461addd8: ; ImmutableOopMap {[64]=Oop [72]=Oop }
                      ;*invokestatic getCallerClass {reexecute=0 rethrow=0 return_oop=0}
                      ; - java.security.AccessController::doPrivileged@0 (line 397)
  0x00000287461addd8: 64f5 8607 

  0x00000287461adddc: ;   {metadata(method data for {method} {0x0000028762435d98} 'doPrivileged' '(Ljava/security/PrivilegedAction;Ljava/security/AccessControlContext;)Ljava/lang/Object;' in 'java/security/AccessController')}
  0x00000287461adddc: 48ba c861 | 26a3 8702 | 0000 4883 | 8220 0100 | 0001 488b | 5424 404c | 8bc0 4889 | 4424 500f 
  0x00000287461addfc: ;   {static_call}
  0x00000287461addfc: 1f40 00e8 

  0x00000287461ade00: ; ImmutableOopMap {[72]=Oop [80]=Oop }
                      ;*invokestatic checkContext {reexecute=0 rethrow=0 return_oop=0}
                      ; - java.security.AccessController::doPrivileged@6 (line 398)
  0x00000287461ade00: 1c40 ffff | 4889 4424 

  0x00000287461ade08: ;   {metadata(method data for {method} {0x0000028762435d98} 'doPrivileged' '(Ljava/security/PrivilegedAction;Ljava/security/AccessControlContext;)Ljava/lang/Object;' in 'java/security/AccessController')}
  0x00000287461ade08: 5848 bac8 | 6126 a387 | 0200 0048 | 8382 3001 

  0x00000287461ade18: ;   {metadata(method data for {method} {0x00000287624352b8} 'executePrivileged' '(Ljava/security/PrivilegedAction;Ljava/security/AccessControlContext;Ljava/lang/Class;)Ljava/lang/Object;' in 'java/security/AccessController')}
  0x00000287461ade18: 0000 0148 | ba58 8207 | a387 0200 | 008b b2cc | 0000 0083 | c602 89b2 | cc00 0000 | 81e6 feff 
  0x00000287461ade38: 1f00 83fe | 000f 84ce | 0100 0048 

  0x00000287461ade44: ;   {metadata(method data for {method} {0x00000287624352b8} 'executePrivileged' '(Ljava/security/PrivilegedAction;Ljava/security/AccessControlContext;Ljava/lang/Class;)Ljava/lang/Object;' in 'java/security/AccessController')}
  0x00000287461ade44: 83f8 0048 | ba58 8207 | a387 0200 | 0048 c7c6 | 1001 0000 | 0f84 0700 | 0000 48c7 | c620 0100 
  0x00000287461ade64: 0048 8b3c | 3248 8d7f | 0148 893c | 320f 841d 

  0x00000287461ade74: ;   {metadata(method data for {method} {0x00000287624352b8} 'executePrivileged' '(Ljava/security/PrivilegedAction;Ljava/security/AccessControlContext;Ljava/lang/Class;)Ljava/lang/Object;' in 'java/security/AccessController')}
  0x00000287461ade74: 0000 0048 | ba58 8207 | a387 0200 | 0048 8382 | 3001 0000 | 0148 8bd0 

  0x00000287461ade8c: ;   {static_call}
  0x00000287461ade8c: 6666 90e8 

  0x00000287461ade90: ; ImmutableOopMap {[72]=Oop [80]=Oop [88]=Oop }
                      ;*invokestatic ensureMaterializedForStackWalk {reexecute=0 rethrow=0 return_oop=0}
                      ; - java.security.AccessController::executePrivileged@5 (line 772)
                      ; - java.security.AccessController::doPrivileged@13 (line 399)
  0x00000287461ade90: 2c68 8d07 

  0x00000287461ade94: ;   {metadata(method data for {method} {0x00000287624352b8} 'executePrivileged' '(Ljava/security/PrivilegedAction;Ljava/security/AccessControlContext;Ljava/lang/Class;)Ljava/lang/Object;' in 'java/security/AccessController')}
  0x00000287461ade94: 48ba 5882 | 07a3 8702 | 0000 ff82 | 4001 0000 | 488b 5424 | 4848 3b02 

  0x00000287461adeac: ;   {metadata(method data for {method} {0x00000287624352b8} 'executePrivileged' '(Ljava/security/PrivilegedAction;Ljava/security/AccessControlContext;Ljava/lang/Class;)Ljava/lang/Object;' in 'java/security/AccessController')}
  0x00000287461adeac: 488b f248 | bf58 8207 | a387 0200 | 008b 7608 | 49ba 0000 | 0062 8702 | 0000 4903 | f248 3bb7 
  0x00000287461adecc: b001 0000 | 750d 4883 | 87b8 0100 | 0001 e966 | 0000 0048 | 3bb7 c001 | 0000 750d | 4883 87c8 
  0x00000287461adeec: 0100 0001 | e950 0000 | 0048 81bf | b001 0000 | 0000 0000 | 7517 4889 | b7b0 0100 | 0048 c787 
  0x00000287461adf0c: b801 0000 | 0100 0000 | e92c 0000 | 0048 81bf | c001 0000 | 0000 0000 | 7517 4889 | b7c0 0100 
  0x00000287461adf2c: 0048 c787 | c801 0000 | 0100 0000 | e908 0000 | 0048 8387 | a001 0000 | 0148 b860 | fd91 b187 
  0x00000287461adf4c: ;   {virtual_call}
  0x00000287461adf4c: 0200 00e8 

  0x00000287461adf50: ; ImmutableOopMap {[80]=Oop [88]=Oop }
                      ;*invokeinterface run {reexecute=0 rethrow=0 return_oop=0}
                      ; - java.security.AccessController::executePrivileged@29 (line 776)
                      ; - java.security.AccessController::doPrivileged@13 (line 399)
  0x00000287461adf50: 3c30 3a07 

  0x00000287461adf54: ;   {metadata(method data for {method} {0x00000287624352b8} 'executePrivileged' '(Ljava/security/PrivilegedAction;Ljava/security/AccessControlContext;Ljava/lang/Class;)Ljava/lang/Object;' in 'java/security/AccessController')}
  0x00000287461adf54: 48be 5882 | 07a3 8702 | 0000 ff86 | d801 0000 | 488b 7424 

  0x00000287461adf68: ;   {metadata(method data for {method} {0x00000287624352b8} 'executePrivileged' '(Ljava/security/PrivilegedAction;Ljava/security/AccessControlContext;Ljava/lang/Class;)Ljava/lang/Object;' in 'java/security/AccessController')}
  0x00000287461adf68: 5048 bf58 | 8207 a387 | 0200 0048 | 8387 3802 

  0x00000287461adf78: ;   {metadata(method data for {method} {0x00000287623dd5a8} 'reachabilityFence' '(Ljava/lang/Object;)V' in 'java/lang/ref/Reference')}
  0x00000287461adf78: 0000 0148 | bf08 6b05 | a387 0200 | 008b 9fcc | 0000 0083 | c302 899f | cc00 0000 | 81e3 feff 
  0x00000287461adf98: 1f00 83fb | 000f 8494 

  0x00000287461adfa0: ;   {metadata(method data for {method} {0x00000287624352b8} 'executePrivileged' '(Ljava/security/PrivilegedAction;Ljava/security/AccessControlContext;Ljava/lang/Class;)Ljava/lang/Object;' in 'java/security/AccessController')}
  0x00000287461adfa0: 0000 0048 | be58 8207 | a387 0200 | 0048 8386 | 4802 0000 

  0x00000287461adfb4: ;   {metadata(method data for {method} {0x00000287623dd5a8} 'reachabilityFence' '(Ljava/lang/Object;)V' in 'java/lang/ref/Reference')}
  0x00000287461adfb4: 0148 be08 | 6b05 a387 | 0200 008b | becc 0000 | 0083 c702 | 89be cc00 | 0000 81e7 | feff 1f00 
  0x00000287461adfd4: 83ff 000f | 847b 0000 | 0048 83c4 

  0x00000287461adfe0: ;   {poll_return}
  0x00000287461adfe0: 705d 493b | a748 0300 | 000f 878a | 0000 00c3 

  0x00000287461adff0: ;   {metadata({method} {0x0000028762435d98} 'doPrivileged' '(Ljava/security/PrivilegedAction;Ljava/security/AccessControlContext;)Ljava/lang/Object;' in 'java/security/AccessController')}
  0x00000287461adff0: 49ba 905d | 4362 8702 | 0000 4c89 | 5424 0848 | c704 24ff 

  0x00000287461ae004: ;   {runtime_call counter_overflow Runtime1 stub}
  0x00000287461ae004: ffff ffe8 

  0x00000287461ae008: ; ImmutableOopMap {rdx=Oop r8=Oop }
                      ;*synchronization entry
                      ; - java.security.AccessController::doPrivileged@-1 (line 397)
  0x00000287461ae008: 74d8 3907 | e9a3 fdff 

  0x00000287461ae010: ;   {metadata({method} {0x00000287624352b8} 'executePrivileged' '(Ljava/security/PrivilegedAction;Ljava/security/AccessControlContext;Ljava/lang/Class;)Ljava/lang/Object;' in 'java/security/AccessController')}
  0x00000287461ae010: ff49 bab0 | 5243 6287 | 0200 004c | 8954 2408 | 48c7 0424 | ffff ffff 

  0x00000287461ae028: ;   {runtime_call counter_overflow Runtime1 stub}
  0x00000287461ae028: e853 d839 

  0x00000287461ae02c: ; ImmutableOopMap {[72]=Oop [80]=Oop rax=Oop [88]=Oop }
                      ;*synchronization entry
                      ; - java.security.AccessController::executePrivileged@-1 (line 771)
                      ; - java.security.AccessController::doPrivileged@13 (line 399)
  0x00000287461ae02c: 07e9 11fe 

  0x00000287461ae030: ;   {runtime_call throw_null_pointer_exception Runtime1 stub}
  0x00000287461ae030: ffff e869 

  0x00000287461ae034: ; ImmutableOopMap {[80]=Oop rdx=Oop [88]=Oop }
                      ;*invokeinterface run {reexecute=0 rethrow=0 return_oop=0}
                      ; - java.security.AccessController::executePrivileged@29 (line 776)
                      ; - java.security.AccessController::doPrivileged@13 (line 399)
                      ;   {metadata({method} {0x00000287623dd5a8} 'reachabilityFence' '(Ljava/lang/Object;)V' in 'java/lang/ref/Reference')}
  0x00000287461ae034: 8139 0749 | baa0 d53d | 6287 0200 | 004c 8954 | 2408 48c7 | 0424 ffff 

  0x00000287461ae04c: ;   {runtime_call counter_overflow Runtime1 stub}
  0x00000287461ae04c: ffff e82d 

  0x00000287461ae050: ; ImmutableOopMap {rax=Oop rsi=Oop }
                      ;*synchronization entry
                      ; - java.lang.ref.Reference::reachabilityFence@-1 (line 621)
                      ; - java.security.AccessController::executePrivileged@56 (line 781)
                      ; - java.security.AccessController::doPrivileged@13 (line 399)
  0x00000287461ae050: d839 07e9 | 4bff ffff 

  0x00000287461ae058: ;   {metadata({method} {0x00000287623dd5a8} 'reachabilityFence' '(Ljava/lang/Object;)V' in 'java/lang/ref/Reference')}
  0x00000287461ae058: 49ba a0d5 | 3d62 8702 | 0000 4c89 | 5424 0848 | c704 24ff 

  0x00000287461ae06c: ;   {runtime_call counter_overflow Runtime1 stub}
  0x00000287461ae06c: ffff ffe8 

  0x00000287461ae070: ; ImmutableOopMap {rax=Oop }
                      ;*synchronization entry
                      ; - java.lang.ref.Reference::reachabilityFence@-1 (line 621)
                      ; - java.security.AccessController::executePrivileged@60 (line 782)
                      ; - java.security.AccessController::doPrivileged@13 (line 399)
  0x00000287461ae070: 0cd8 3907 | e964 ffff 

  0x00000287461ae078: ;   {internal_word}
  0x00000287461ae078: ff49 bae2 | df1a 4687 | 0200 004d | 8997 6003 

  0x00000287461ae088: ;   {runtime_call SafepointBlob}
  0x00000287461ae088: 0000 e971 | 992f 0790 | 9049 8b87 | d803 0000 | 49c7 87d8 | 0300 0000 | 0000 0049 | c787 e003 
  0x00000287461ae0a8: 0000 0000 | 0000 4883 

  0x00000287461ae0b0: ;   {runtime_call unwind_exception Runtime1 stub}
  0x00000287461ae0b0: c470 5de9 | 489b 3007 | f4f4 f4f4 | f4f4 f4f4 
[Stub Code]
  0x00000287461ae0c0: ;   {no_reloc}
  0x00000287461ae0c0: 0f1f 4400 

  0x00000287461ae0c4: ;   {static_stub}
  0x00000287461ae0c4: 0048 bb00 | 0000 0000 

  0x00000287461ae0cc: ;   {runtime_call}
  0x00000287461ae0cc: 0000 00e9 | fbff ffff 

  0x00000287461ae0d4: ;   {static_stub}
  0x00000287461ae0d4: 9048 bb00 | 0000 0000 

  0x00000287461ae0dc: ;   {runtime_call}
  0x00000287461ae0dc: 0000 00e9 | fbff ffff 

  0x00000287461ae0e4: ;   {static_stub}
  0x00000287461ae0e4: 9048 bb00 | 0000 0000 

  0x00000287461ae0ec: ;   {runtime_call}
  0x00000287461ae0ec: 0000 00e9 | fbff ffff 

  0x00000287461ae0f4: ;   {static_stub}
  0x00000287461ae0f4: 9048 bb00 | 0000 0000 

  0x00000287461ae0fc: ;   {runtime_call}
  0x00000287461ae0fc: 0000 00e9 | fbff ffff 
[Exception Handler]
  0x00000287461ae104: ;   {runtime_call handle_exception_from_callee Runtime1 stub}
  0x00000287461ae104: e877 9e39 

  0x00000287461ae108: ;   {external_word}
  0x00000287461ae108: 0748 b9a0 | e9e3 f5fa | 7f00 0048 

  0x00000287461ae114: ;   {runtime_call}
  0x00000287461ae114: 83e4 f049 | ba90 77ac | f5fa 7f00 | 0041 ffd2 

  0x00000287461ae124: ;   {section_word}
  0x00000287461ae124: f449 ba25 | e11a 4687 | 0200 0041 

  0x00000287461ae130: ;   {runtime_call DeoptimizationBlob}
  0x00000287461ae130: 52e9 6a8b | 2f07 f4f4 
[/MachCode]


Compiled method (c1)   33952 3087   !   3       com.sun.glass.ui.InvokeLaterDispatcher$Future::run (91 bytes)
 total in heap  [0x00000287464cf890,0x00000287464d0238] = 2472
 relocation     [0x00000287464cf9e8,0x00000287464cfa68] = 128
 main code      [0x00000287464cfa80,0x00000287464cfee0] = 1120
 stub code      [0x00000287464cfee0,0x00000287464cff48] = 104
 oops           [0x00000287464cff48,0x00000287464cff50] = 8
 metadata       [0x00000287464cff50,0x00000287464cff58] = 8
 scopes data    [0x00000287464cff58,0x00000287464d0010] = 184
 scopes pcs     [0x00000287464d0010,0x00000287464d0120] = 272
 dependencies   [0x00000287464d0120,0x00000287464d0128] = 8
 handler table  [0x00000287464d0128,0x00000287464d01e8] = 192
 nul chk table  [0x00000287464d01e8,0x00000287464d0238] = 80

[Constant Pool (empty)]

[MachCode]
[Entry Point]
  # {method} {0x00000287a358e898} 'run' '()V' in 'com/sun/glass/ui/InvokeLaterDispatcher$Future'
  #           [sp+0x70]  (sp of caller)
  0x00000287464cfa80: 448b 5208 | 49bb 0000 | 0062 8702 | 0000 4d03 | d34c 3bd0 

  0x00000287464cfa94: ;   {runtime_call ic_miss_stub}
  0x00000287464cfa94: 0f85 e615 | fd06 660f | 1f44 0000 
[Verified Entry Point]
  0x00000287464cfaa0: 8984 2400 | 90ff ff55 | 4883 ec60 

  0x00000287464cfaac: ;   {metadata(method data for {method} {0x00000287a358e898} 'run' '()V' in 'com/sun/glass/ui/InvokeLaterDispatcher$Future')}
  0x00000287464cfaac: 48be 6832 | d1a3 8702 | 0000 8bbe | cc00 0000 | 83c7 0289 | becc 0000 | 0081 e7fe | 0700 0083 
  0x00000287464cfacc: ff00 0f84 | fe02 0000 | 8b72 1048 | c1e6 0348 | 3b06 488b 

  0x00000287464cfae0: ;   {metadata(method data for {method} {0x00000287a358e898} 'run' '()V' in 'com/sun/glass/ui/InvokeLaterDispatcher$Future')}
  0x00000287464cfae0: fe48 bb68 | 32d1 a387 | 0200 008b | 7f08 49ba | 0000 0062 | 8702 0000 | 4903 fa48 | 3bbb 2001 
  0x00000287464cfb00: 0000 750d | 4883 8328 | 0100 0001 | e966 0000 | 0048 3bbb | 3001 0000 | 750d 4883 | 8338 0100 
  0x00000287464cfb20: 0001 e950 | 0000 0048 | 81bb 2001 | 0000 0000 | 0000 7517 | 4889 bb20 | 0100 0048 | c783 2801 
  0x00000287464cfb40: 0000 0100 | 0000 e92c | 0000 0048 | 81bb 3001 | 0000 0000 | 0000 7517 | 4889 bb30 | 0100 0048 
  0x00000287464cfb60: c783 3801 | 0000 0100 | 0000 e908 | 0000 0048 | 8383 1001 | 0000 0148 | 8954 2420 | 488b d666 
  0x00000287464cfb80: 0f1f 4400 | 0048 b8c0 | 3f58 b087 

  0x00000287464cfb8c: ;   {virtual_call}
  0x00000287464cfb8c: 0200 00e8 

  0x00000287464cfb90: ; ImmutableOopMap {[32]=Oop }
                      ;*invokeinterface run {reexecute=0 rethrow=0 return_oop=0}
                      ; - com.sun.glass.ui.InvokeLaterDispatcher$Future::run@4 (line 96)
  0x00000287464cfb90: fc13 0807 | 488b 5424 | 208b 4214 | 48c1 e003 

  0x00000287464cfba0: ; implicit exception: dispatches to 0x00000287464cfdf8
  0x00000287464cfba0: 8bb0 7801 | 0000 48c1 | e603 488d | 7c24 4048 | 8977 0848 | 8b06 4883 | c801 4889 | 07f0 480f 
  0x00000287464cfbc0: b13e 0f84 | 1300 0000 | 482b c448 | 81e0 07f0 | ffff 4889 | 070f 8527 | 0200 0048 | 8974 2428 
  0x00000287464cfbe0: c642 0c01 | 8b52 1448 | c1e2 038b | 9278 0100 | 0048 c1e2 | 0348 3b02 

  0x00000287464cfbf8: ;   {metadata(method data for {method} {0x00000287a358e898} 'run' '()V' in 'com/sun/glass/ui/InvokeLaterDispatcher$Future')}
  0x00000287464cfbf8: 488b fa48 | bb68 32d1 | a387 0200 | 0048 8383 | 4801 0000 

  0x00000287464cfc0c: ;   {optimized virtual_call}
  0x00000287464cfc0c: 0166 90e8 

  0x00000287464cfc10: ; ImmutableOopMap {[40]=Oop [72]=Oop }
                      ;*invokevirtual notifyAll {reexecute=0 rethrow=0 return_oop=0}
                      ; - com.sun.glass.ui.InvokeLaterDispatcher$Future::run@31 (line 100)
  0x00000287464cfc10: 2c68 5607 | 488d 4424 | 4048 8b10 | 4885 d20f | 840f 0000 | 0048 8b70 | 08f0 480f | b116 0f85 
  0x00000287464cfc30: eb01 0000 

  0x00000287464cfc34: ;   {metadata(method data for {method} {0x00000287a358e898} 'run' '()V' in 'com/sun/glass/ui/InvokeLaterDispatcher$Future')}
  0x00000287464cfc34: 48b8 6832 | d1a3 8702 | 0000 ff80 | 8001 0000 | e9c0 0000 | 0049 8b87 | d803 0000 | 4d33 d24d 
  0x00000287464cfc54: 8997 d803 | 0000 4d33 | d24d 8997 | e003 0000 | 8b72 1448 | c1e6 038b | b678 0100 | 0048 c1e6 
  0x00000287464cfc74: 0348 8d7c | 2440 4889 | 4424 3048 | 8977 0848 | 8b06 4883 | c801 4889 | 07f0 480f | b13e 0f84 
  0x00000287464cfc94: 1300 0000 | 482b c448 | 81e0 07f0 | ffff 4889 | 070f 8591 | 0100 0048 | 8974 2438 | c642 0c01 
  0x00000287464cfcb4: 8b52 1448 | c1e2 038b | 9278 0100 | 0048 c1e2 | 0348 3b02 

  0x00000287464cfcc8: ;   {metadata(method data for {method} {0x00000287a358e898} 'run' '()V' in 'com/sun/glass/ui/InvokeLaterDispatcher$Future')}
  0x00000287464cfcc8: 488b fa48 | bb68 32d1 | a387 0200 | 0048 8383 | b001 0000 

  0x00000287464cfcdc: ;   {optimized virtual_call}
  0x00000287464cfcdc: 0166 90e8 

  0x00000287464cfce0: ; ImmutableOopMap {[48]=Oop [56]=Oop [72]=Oop }
                      ;*invokevirtual notifyAll {reexecute=0 rethrow=0 return_oop=0}
                      ; - com.sun.glass.ui.InvokeLaterDispatcher$Future::run@71 (line 100)
  0x00000287464cfce0: 9c16 fd06 | 488d 4424 | 4048 8b30 | 4885 f60f | 840f 0000 | 0048 8b78 | 08f0 480f | b137 0f85 
  0x00000287464cfd00: 5501 0000 | e923 0000 

  0x00000287464cfd08: ;   {metadata(method data for {method} {0x00000287a358e898} 'run' '()V' in 'com/sun/glass/ui/InvokeLaterDispatcher$Future')}
  0x00000287464cfd08: 0048 b868 | 32d1 a387 | 0200 00ff | 8098 0100 | 0048 83c4 

  0x00000287464cfd1c: ;   {poll_return}
  0x00000287464cfd1c: 605d 493b | a748 0300 | 000f 8741 | 0100 00c3 

  0x00000287464cfd2c: ;   {metadata(method data for {method} {0x00000287a358e898} 'run' '()V' in 'com/sun/glass/ui/InvokeLaterDispatcher$Future')}
  0x00000287464cfd2c: 48b8 6832 | d1a3 8702 | 0000 ff80 | e801 0000 | 488b 4424 | 30e9 8b01 | 0000 498b | 87d8 0300 
  0x00000287464cfd4c: 004d 33d2 | 4d89 97d8 | 0300 004d | 33d2 4d89 | 97e0 0300 | 0048 8bf0 | 488d 4424 | 4048 8b38 
  0x00000287464cfd6c: 4885 ff0f | 840f 0000 | 0048 8b58 | 08f0 480f | b13b 0f85 | fe00 0000 | 488b c6e9 | 4501 0000 
  0x00000287464cfd8c: 498b 87d8 | 0300 004d | 33d2 4d89 | 97d8 0300 | 004d 33d2 | 4d89 97e0 | 0300 0048 | 8bf0 488d 
  0x00000287464cfdac: 4424 4048 | 8b38 4885 | ff0f 840f | 0000 0048 | 8b58 08f0 | 480f b13b | 0f85 cb00 | 0000 488b 
  0x00000287464cfdcc: c6e9 ff00 

  0x00000287464cfdd0: ;   {metadata({method} {0x00000287a358e898} 'run' '()V' in 'com/sun/glass/ui/InvokeLaterDispatcher$Future')}
  0x00000287464cfdd0: 0000 49ba | 90e8 58a3 | 8702 0000 | 4c89 5424 | 0848 c704 | 24ff ffff 

  0x00000287464cfde8: ;   {runtime_call counter_overflow Runtime1 stub}
  0x00000287464cfde8: ffe8 92ba 

  0x00000287464cfdec: ; ImmutableOopMap {rdx=Oop }
                      ;*synchronization entry
                      ; - com.sun.glass.ui.InvokeLaterDispatcher$Future::run@-1 (line 96)
  0x00000287464cfdec: 0707 e9e1 

  0x00000287464cfdf0: ;   {runtime_call throw_null_pointer_exception Runtime1 stub}
  0x00000287464cfdf0: fcff ffe8 

  0x00000287464cfdf4: ; ImmutableOopMap {rdx=Oop rsi=Oop }
                      ;*invokeinterface run {reexecute=0 rethrow=0 return_oop=0}
                      ; - com.sun.glass.ui.InvokeLaterDispatcher$Future::run@4 (line 96)
  0x00000287464cfdf4: a863 0707 

  0x00000287464cfdf8: ;   {runtime_call throw_null_pointer_exception Runtime1 stub}
  0x00000287464cfdf8: e8a3 6307 

  0x00000287464cfdfc: ; ImmutableOopMap {rdx=Oop }
                      ;*getfield LOCK {reexecute=1 rethrow=0 return_oop=0}
                      ; - (reexecute) com.sun.glass.ui.InvokeLaterDispatcher$Future::run@13 (line 98)
                      ;   {runtime_call throw_null_pointer_exception Runtime1 stub}
  0x00000287464cfdfc: 07e8 9e63 

  0x00000287464cfe00: ; ImmutableOopMap {rdx=Oop rsi=Oop }
                      ;*monitorenter {reexecute=0 rethrow=0 return_oop=0}
                      ; - com.sun.glass.ui.InvokeLaterDispatcher$Future::run@18 (line 98)
  0x00000287464cfe00: 0707 4889 | 7424 0848 

  0x00000287464cfe08: ;   {runtime_call monitorenter_nofpu Runtime1 stub}
  0x00000287464cfe08: 893c 24e8 

  0x00000287464cfe0c: ; ImmutableOopMap {rdx=Oop rsi=Oop [72]=Oop }
                      ;*monitorenter {reexecute=0 rethrow=0 return_oop=0}
                      ; - com.sun.glass.ui.InvokeLaterDispatcher$Future::run@18 (line 98)
  0x00000287464cfe0c: 7093 0707 | e9c6 fdff 

  0x00000287464cfe14: ;   {runtime_call throw_null_pointer_exception Runtime1 stub}
  0x00000287464cfe14: ffe8 8663 

  0x00000287464cfe18: ; ImmutableOopMap {[40]=Oop [72]=Oop }
                      ;*getfield LOCK {reexecute=1 rethrow=0 return_oop=0}
                      ; - (reexecute) com.sun.glass.ui.InvokeLaterDispatcher$Future::run@28 (line 100)
                      ;   {runtime_call throw_null_pointer_exception Runtime1 stub}
  0x00000287464cfe18: 0707 e881 

  0x00000287464cfe1c: ; ImmutableOopMap {[40]=Oop rdx=Oop [72]=Oop }
                      ;*invokevirtual notifyAll {reexecute=0 rethrow=0 return_oop=0}
                      ; - com.sun.glass.ui.InvokeLaterDispatcher$Future::run@31 (line 100)
  0x00000287464cfe1c: 6307 0748 | 8d44 2440 | 4889 0424 

  0x00000287464cfe28: ;   {runtime_call monitorexit_nofpu Runtime1 stub}
  0x00000287464cfe28: e853 9907 | 07e9 02fe 

  0x00000287464cfe30: ;   {runtime_call throw_null_pointer_exception Runtime1 stub}
  0x00000287464cfe30: ffff e869 

  0x00000287464cfe34: ; ImmutableOopMap {rdx=Oop rax=Oop }
                      ;*getfield LOCK {reexecute=1 rethrow=0 return_oop=0}
                      ; - (reexecute) com.sun.glass.ui.InvokeLaterDispatcher$Future::run@52 (line 98)
                      ;   {runtime_call throw_null_pointer_exception Runtime1 stub}
  0x00000287464cfe34: 6307 07e8 

  0x00000287464cfe38: ; ImmutableOopMap {rdx=Oop rsi=Oop [48]=Oop }
                      ;*monitorenter {reexecute=0 rethrow=0 return_oop=0}
                      ; - com.sun.glass.ui.InvokeLaterDispatcher$Future::run@58 (line 98)
  0x00000287464cfe38: 6463 0707 | 4889 7424 | 0848 893c 

  0x00000287464cfe44: ;   {runtime_call monitorenter_nofpu Runtime1 stub}
  0x00000287464cfe44: 24e8 3693 

  0x00000287464cfe48: ; ImmutableOopMap {rdx=Oop rsi=Oop [48]=Oop [72]=Oop }
                      ;*monitorenter {reexecute=0 rethrow=0 return_oop=0}
                      ; - com.sun.glass.ui.InvokeLaterDispatcher$Future::run@58 (line 98)
  0x00000287464cfe48: 0707 e95c 

  0x00000287464cfe4c: ;   {runtime_call throw_null_pointer_exception Runtime1 stub}
  0x00000287464cfe4c: feff ffe8 

  0x00000287464cfe50: ; ImmutableOopMap {[56]=Oop [48]=Oop [72]=Oop }
                      ;*getfield LOCK {reexecute=1 rethrow=0 return_oop=0}
                      ; - (reexecute) com.sun.glass.ui.InvokeLaterDispatcher$Future::run@68 (line 100)
  0x00000287464cfe50: 4c63 0707 

  0x00000287464cfe54: ;   {runtime_call throw_null_pointer_exception Runtime1 stub}
  0x00000287464cfe54: e847 6307 

  0x00000287464cfe58: ; ImmutableOopMap {[56]=Oop [48]=Oop rdx=Oop [72]=Oop }
                      ;*invokevirtual notifyAll {reexecute=0 rethrow=0 return_oop=0}
                      ; - com.sun.glass.ui.InvokeLaterDispatcher$Future::run@71 (line 100)
  0x00000287464cfe58: 0748 8d44 | 2440 4889 

  0x00000287464cfe60: ;   {runtime_call monitorexit_nofpu Runtime1 stub}
  0x00000287464cfe60: 0424 e819 | 9907 07e9 | 98fe ffff 

  0x00000287464cfe6c: ;   {internal_word}
  0x00000287464cfe6c: 49ba 1efd | 4c46 8702 | 0000 4d89 | 9760 0300 

  0x00000287464cfe7c: ;   {runtime_call SafepointBlob}
  0x00000287464cfe7c: 00e9 7e7b | fd06 488d | 4424 4048 

  0x00000287464cfe88: ;   {runtime_call monitorexit_nofpu Runtime1 stub}
  0x00000287464cfe88: 8904 24e8 | f098 0707 | e9ef feff | ff48 8d44 | 2440 4889 

  0x00000287464cfe9c: ;   {runtime_call monitorexit_nofpu Runtime1 stub}
  0x00000287464cfe9c: 0424 e8dd | 9807 07e9 | 22ff ffff | 488b 5424 | 20e9 97fd | ffff 9090 | 498b 87d8 | 0300 0049 
  0x00000287464cfebc: c787 d803 | 0000 0000 | 0000 49c7 | 87e0 0300 | 0000 0000 | 0048 83c4 

  0x00000287464cfed4: ;   {runtime_call unwind_exception Runtime1 stub}
  0x00000287464cfed4: 605d e925 | 7dfe 06f4 | f4f4 f4f4 
[Stub Code]
  0x00000287464cfee0: ;   {no_reloc}
  0x00000287464cfee0: 0f1f 4400 

  0x00000287464cfee4: ;   {static_stub}
  0x00000287464cfee4: 0048 bb00 | 0000 0000 

  0x00000287464cfeec: ;   {runtime_call}
  0x00000287464cfeec: 0000 00e9 | fbff ffff 

  0x00000287464cfef4: ;   {static_stub}
  0x00000287464cfef4: 9048 bb00 | 0000 0000 

  0x00000287464cfefc: ;   {runtime_call}
  0x00000287464cfefc: 0000 00e9 | fbff ffff 

  0x00000287464cff04: ;   {static_stub}
  0x00000287464cff04: 9048 bb00 | 0000 0000 

  0x00000287464cff0c: ;   {runtime_call}
  0x00000287464cff0c: 0000 00e9 | fbff ffff 
[Exception Handler]
  0x00000287464cff14: ;   {runtime_call handle_exception_from_callee Runtime1 stub}
  0x00000287464cff14: e867 8007 

  0x00000287464cff18: ;   {external_word}
  0x00000287464cff18: 0748 b9a0 | e9e3 f5fa | 7f00 0048 

  0x00000287464cff24: ;   {runtime_call}
  0x00000287464cff24: 83e4 f049 | ba90 77ac | f5fa 7f00 | 0041 ffd2 

  0x00000287464cff34: ;   {section_word}
  0x00000287464cff34: f449 ba35 | ff4c 4687 | 0200 0041 

  0x00000287464cff40: ;   {runtime_call DeoptimizationBlob}
  0x00000287464cff40: 52e9 5a6d | fd06 f4f4 
[/MachCode]


---------------  P R O C E S S  ---------------

Threads class SMR info:
_java_thread_list=0x00000287b0585580, length=19, elements={
0x000002873ce17450, 0x00000287617d4340, 0x00000287617d4f00, 0x0000028761929790,
0x000002876192a160, 0x000002876192bb30, 0x000002876192d500, 0x000002876192e2a0,
0x000002876192ed50, 0x0000028761946160, 0x0000028761a54870, 0x00000287a7008720,
0x0000028761cfbe00, 0x00000287a739ef70, 0x00000287a7373e50, 0x00000287a75d7500,
0x00000287a7711510, 0x00000287affc4d50, 0x00000287b157d290
}

Java Threads: ( => current thread )
  0x000002873ce17450 JavaThread "main" [_thread_blocked, id=2096, stack(0x000000e50bd00000,0x000000e50be00000)]
  0x00000287617d4340 JavaThread "Reference Handler" daemon [_thread_blocked, id=10192, stack(0x000000e50c400000,0x000000e50c500000)]
  0x00000287617d4f00 JavaThread "Finalizer" daemon [_thread_blocked, id=18332, stack(0x000000e50c500000,0x000000e50c600000)]
  0x0000028761929790 JavaThread "Signal Dispatcher" daemon [_thread_blocked, id=8792, stack(0x000000e50c600000,0x000000e50c700000)]
  0x000002876192a160 JavaThread "Attach Listener" daemon [_thread_blocked, id=13940, stack(0x000000e50c700000,0x000000e50c800000)]
  0x000002876192bb30 JavaThread "Service Thread" daemon [_thread_blocked, id=16680, stack(0x000000e50c800000,0x000000e50c900000)]
  0x000002876192d500 JavaThread "Monitor Deflation Thread" daemon [_thread_blocked, id=8196, stack(0x000000e50c900000,0x000000e50ca00000)]
  0x000002876192e2a0 JavaThread "C2 CompilerThread0" daemon [_thread_blocked, id=10980, stack(0x000000e50ca00000,0x000000e50cb00000)]
  0x000002876192ed50 JavaThread "C1 CompilerThread0" daemon [_thread_blocked, id=1000, stack(0x000000e50cb00000,0x000000e50cc00000)]
  0x0000028761946160 JavaThread "Sweeper thread" daemon [_thread_blocked, id=6396, stack(0x000000e50cc00000,0x000000e50cd00000)]
  0x0000028761a54870 JavaThread "Common-Cleaner" daemon [_thread_blocked, id=17164, stack(0x000000e50cd00000,0x000000e50ce00000)]
  0x00000287a7008720 JavaThread "Notification Thread" daemon [_thread_blocked, id=2428, stack(0x000000e50cf00000,0x000000e50d000000)]
  0x0000028761cfbe00 JavaThread "QuantumRenderer-0" daemon [_thread_blocked, id=17440, stack(0x000000e50d100000,0x000000e50d200000)]
  0x00000287a739ef70 JavaThread "InvokeLaterDispatcher" daemon [_thread_blocked, id=4848, stack(0x000000e50ce00000,0x000000e50cf00000)]
=>0x00000287a7373e50 JavaThread "JavaFX Application Thread" [_thread_in_native, id=8436, stack(0x000000e50d300000,0x000000e50d400000)]
  0x00000287a75d7500 JavaThread "JavaFX-Launcher" [_thread_blocked, id=3460, stack(0x000000e50d600000,0x000000e50d700000)]
  0x00000287a7711510 JavaThread "Thread-2" daemon [_thread_in_native, id=18292, stack(0x000000e50d500000,0x000000e50d600000)]
  0x00000287affc4d50 JavaThread "Prism Font Disposer" daemon [_thread_blocked, id=9676, stack(0x000000e50e000000,0x000000e50e100000)]
  0x00000287b157d290 JavaThread "Cleaner-0" daemon [_thread_blocked, id=14528, stack(0x000000e50e150000,0x000000e50e250000)]

Other Threads:
  0x00000287617cedf0 VMThread "VM Thread" [stack: 0x000000e50c300000,0x000000e50c400000] [id=10088]
  0x0000028761c2a9b0 WatcherThread [stack: 0x000000e50d000000,0x000000e50d100000] [id=10024]
  0x000002873ce87ac0 GCTaskThread "GC Thread#0" [stack: 0x000000e50be00000,0x000000e50bf00000] [id=7204]
  0x00000287a77079e0 GCTaskThread "GC Thread#1" [stack: 0x000000e50d700000,0x000000e50d800000] [id=17500]
  0x00000287a7707ca0 GCTaskThread "GC Thread#2" [stack: 0x000000e50d800000,0x000000e50d900000] [id=12332]
  0x00000287a7734ad0 GCTaskThread "GC Thread#3" [stack: 0x000000e50d900000,0x000000e50da00000] [id=6756]
  0x00000287a7734d90 GCTaskThread "GC Thread#4" [stack: 0x000000e50da00000,0x000000e50db00000] [id=12612]
  0x00000287a7735050 GCTaskThread "GC Thread#5" [stack: 0x000000e50db00000,0x000000e50dc00000] [id=8740]
  0x000002873ce995e0 ConcurrentGCThread "G1 Main Marker" [stack: 0x000000e50bf00000,0x000000e50c000000] [id=10056]
  0x000002873ce9c7b0 ConcurrentGCThread "G1 Conc#0" [stack: 0x000000e50c000000,0x000000e50c100000] [id=7736]
  0x000002876167d590 ConcurrentGCThread "G1 Refine#0" [stack: 0x000000e50c100000,0x000000e50c200000] [id=8820]
  0x000002876167ec80 ConcurrentGCThread "G1 Service" [stack: 0x000000e50c200000,0x000000e50c300000] [id=10752]

Threads with active compile tasks:

VM state: not at safepoint (normal execution)

VM Mutex/Monitor currently owned by a thread: None

Heap address: 0x0000000701000000, size: 4080 MB, Compressed Oops mode: Zero based, Oop shift amount: 3

CDS archive(s) mapped at: [0x0000028762000000-0x0000028762bb0000-0x0000028762bb0000), size 12255232, SharedBaseAddress: 0x0000028762000000, ArchiveRelocationMode: 1.
Compressed class space mapped at: 0x0000028763000000-0x00000287a3000000, reserved size: 1073741824
Narrow klass base: 0x0000028762000000, Narrow klass shift: 0, Narrow klass range: 0x100000000

GC Precious Log:
 CPUs: 6 total, 6 available
 Memory: 16318M
 Large Page Support: Disabled
 NUMA Support: Disabled
 Compressed Oops: Enabled (Zero based)
 Heap Region Size: 2M
 Heap Min Capacity: 8M
 Heap Initial Capacity: 256M
 Heap Max Capacity: 4080M
 Pre-touch: Disabled
 Parallel Workers: 6
 Concurrent Workers: 2
 Concurrent Refinement Workers: 6
 Periodic GC: Disabled

Heap:
 garbage-first heap   total 262144K, used 22749K [0x0000000701000000, 0x0000000800000000)
  region size 2048K, 11 young (22528K), 3 survivors (6144K)
 Metaspace       used 14326K, committed 14528K, reserved 1114112K
  class space    used 1965K, committed 2048K, reserved 1048576K

Heap Regions: E=young(eden), S=young(survivor), O=old, HS=humongous(starts), HC=humongous(continues), CS=collection set, F=free, OA=open archive, CA=closed archive, TAMS=top-at-mark-start (previous, next)
|   0|0x0000000701000000, 0x0000000701200000, 0x0000000701200000|100%|HS|  |TAMS 0x0000000701000000, 0x0000000701000000| Complete 
|   1|0x0000000701200000, 0x0000000701237400, 0x0000000701400000| 10%| O|  |TAMS 0x0000000701200000, 0x0000000701200000| Untracked 
|   2|0x0000000701400000, 0x0000000701400000, 0x0000000701600000|  0%| F|  |TAMS 0x0000000701400000, 0x0000000701400000| Untracked 
|   3|0x0000000701600000, 0x0000000701600000, 0x0000000701800000|  0%| F|  |TAMS 0x0000000701600000, 0x0000000701600000| Untracked 
|   4|0x0000000701800000, 0x0000000701800000, 0x0000000701a00000|  0%| F|  |TAMS 0x0000000701800000, 0x0000000701800000| Untracked 
|   5|0x0000000701a00000, 0x0000000701a00000, 0x0000000701c00000|  0%| F|  |TAMS 0x0000000701a00000, 0x0000000701a00000| Untracked 
|   6|0x0000000701c00000, 0x0000000701c00000, 0x0000000701e00000|  0%| F|  |TAMS 0x0000000701c00000, 0x0000000701c00000| Untracked 
|   7|0x0000000701e00000, 0x0000000701e00000, 0x0000000702000000|  0%| F|  |TAMS 0x0000000701e00000, 0x0000000701e00000| Untracked 
|   8|0x0000000702000000, 0x0000000702000000, 0x0000000702200000|  0%| F|  |TAMS 0x0000000702000000, 0x0000000702000000| Untracked 
|   9|0x0000000702200000, 0x0000000702200000, 0x0000000702400000|  0%| F|  |TAMS 0x0000000702200000, 0x0000000702200000| Untracked 
|  10|0x0000000702400000, 0x0000000702400000, 0x0000000702600000|  0%| F|  |TAMS 0x0000000702400000, 0x0000000702400000| Untracked 
|  11|0x0000000702600000, 0x0000000702600000, 0x0000000702800000|  0%| F|  |TAMS 0x0000000702600000, 0x0000000702600000| Untracked 
|  12|0x0000000702800000, 0x0000000702800000, 0x0000000702a00000|  0%| F|  |TAMS 0x0000000702800000, 0x0000000702800000| Untracked 
|  13|0x0000000702a00000, 0x0000000702a00000, 0x0000000702c00000|  0%| F|  |TAMS 0x0000000702a00000, 0x0000000702a00000| Untracked 
|  14|0x0000000702c00000, 0x0000000702c00000, 0x0000000702e00000|  0%| F|  |TAMS 0x0000000702c00000, 0x0000000702c00000| Untracked 
|  15|0x0000000702e00000, 0x0000000702e00000, 0x0000000703000000|  0%| F|  |TAMS 0x0000000702e00000, 0x0000000702e00000| Untracked 
|  16|0x0000000703000000, 0x0000000703000000, 0x0000000703200000|  0%| F|  |TAMS 0x0000000703000000, 0x0000000703000000| Untracked 
|  17|0x0000000703200000, 0x0000000703200000, 0x0000000703400000|  0%| F|  |TAMS 0x0000000703200000, 0x0000000703200000| Untracked 
|  18|0x0000000703400000, 0x0000000703400000, 0x0000000703600000|  0%| F|  |TAMS 0x0000000703400000, 0x0000000703400000| Untracked 
|  19|0x0000000703600000, 0x0000000703600000, 0x0000000703800000|  0%| F|  |TAMS 0x0000000703600000, 0x0000000703600000| Untracked 
|  20|0x0000000703800000, 0x0000000703800000, 0x0000000703a00000|  0%| F|  |TAMS 0x0000000703800000, 0x0000000703800000| Untracked 
|  21|0x0000000703a00000, 0x0000000703a00000, 0x0000000703c00000|  0%| F|  |TAMS 0x0000000703a00000, 0x0000000703a00000| Untracked 
|  22|0x0000000703c00000, 0x0000000703c00000, 0x0000000703e00000|  0%| F|  |TAMS 0x0000000703c00000, 0x0000000703c00000| Untracked 
|  23|0x0000000703e00000, 0x0000000703e00000, 0x0000000704000000|  0%| F|  |TAMS 0x0000000703e00000, 0x0000000703e00000| Untracked 
|  24|0x0000000704000000, 0x0000000704000000, 0x0000000704200000|  0%| F|  |TAMS 0x0000000704000000, 0x0000000704000000| Untracked 
|  25|0x0000000704200000, 0x0000000704200000, 0x0000000704400000|  0%| F|  |TAMS 0x0000000704200000, 0x0000000704200000| Untracked 
|  26|0x0000000704400000, 0x0000000704400000, 0x0000000704600000|  0%| F|  |TAMS 0x0000000704400000, 0x0000000704400000| Untracked 
|  27|0x0000000704600000, 0x0000000704600000, 0x0000000704800000|  0%| F|  |TAMS 0x0000000704600000, 0x0000000704600000| Untracked 
|  28|0x0000000704800000, 0x0000000704800000, 0x0000000704a00000|  0%| F|  |TAMS 0x0000000704800000, 0x0000000704800000| Untracked 
|  29|0x0000000704a00000, 0x0000000704a00000, 0x0000000704c00000|  0%| F|  |TAMS 0x0000000704a00000, 0x0000000704a00000| Untracked 
|  30|0x0000000704c00000, 0x0000000704c00000, 0x0000000704e00000|  0%| F|  |TAMS 0x0000000704c00000, 0x0000000704c00000| Untracked 
|  31|0x0000000704e00000, 0x0000000704e00000, 0x0000000705000000|  0%| F|  |TAMS 0x0000000704e00000, 0x0000000704e00000| Untracked 
|  32|0x0000000705000000, 0x0000000705000000, 0x0000000705200000|  0%| F|  |TAMS 0x0000000705000000, 0x0000000705000000| Untracked 
|  33|0x0000000705200000, 0x0000000705200000, 0x0000000705400000|  0%| F|  |TAMS 0x0000000705200000, 0x0000000705200000| Untracked 
|  34|0x0000000705400000, 0x0000000705400000, 0x0000000705600000|  0%| F|  |TAMS 0x0000000705400000, 0x0000000705400000| Untracked 
|  35|0x0000000705600000, 0x0000000705600000, 0x0000000705800000|  0%| F|  |TAMS 0x0000000705600000, 0x0000000705600000| Untracked 
|  36|0x0000000705800000, 0x0000000705800000, 0x0000000705a00000|  0%| F|  |TAMS 0x0000000705800000, 0x0000000705800000| Untracked 
|  37|0x0000000705a00000, 0x0000000705a00000, 0x0000000705c00000|  0%| F|  |TAMS 0x0000000705a00000, 0x0000000705a00000| Untracked 
|  38|0x0000000705c00000, 0x0000000705c00000, 0x0000000705e00000|  0%| F|  |TAMS 0x0000000705c00000, 0x0000000705c00000| Untracked 
|  39|0x0000000705e00000, 0x0000000705e00000, 0x0000000706000000|  0%| F|  |TAMS 0x0000000705e00000, 0x0000000705e00000| Untracked 
|  40|0x0000000706000000, 0x0000000706000000, 0x0000000706200000|  0%| F|  |TAMS 0x0000000706000000, 0x0000000706000000| Untracked 
|  41|0x0000000706200000, 0x0000000706200000, 0x0000000706400000|  0%| F|  |TAMS 0x0000000706200000, 0x0000000706200000| Untracked 
|  42|0x0000000706400000, 0x0000000706400000, 0x0000000706600000|  0%| F|  |TAMS 0x0000000706400000, 0x0000000706400000| Untracked 
|  43|0x0000000706600000, 0x0000000706600000, 0x0000000706800000|  0%| F|  |TAMS 0x0000000706600000, 0x0000000706600000| Untracked 
|  44|0x0000000706800000, 0x0000000706800000, 0x0000000706a00000|  0%| F|  |TAMS 0x0000000706800000, 0x0000000706800000| Untracked 
|  45|0x0000000706a00000, 0x0000000706a00000, 0x0000000706c00000|  0%| F|  |TAMS 0x0000000706a00000, 0x0000000706a00000| Untracked 
|  46|0x0000000706c00000, 0x0000000706c00000, 0x0000000706e00000|  0%| F|  |TAMS 0x0000000706c00000, 0x0000000706c00000| Untracked 
|  47|0x0000000706e00000, 0x0000000706e00000, 0x0000000707000000|  0%| F|  |TAMS 0x0000000706e00000, 0x0000000706e00000| Untracked 
|  48|0x0000000707000000, 0x0000000707000000, 0x0000000707200000|  0%| F|  |TAMS 0x0000000707000000, 0x0000000707000000| Untracked 
|  49|0x0000000707200000, 0x0000000707200000, 0x0000000707400000|  0%| F|  |TAMS 0x0000000707200000, 0x0000000707200000| Untracked 
|  50|0x0000000707400000, 0x0000000707400000, 0x0000000707600000|  0%| F|  |TAMS 0x0000000707400000, 0x0000000707400000| Untracked 
|  51|0x0000000707600000, 0x0000000707600000, 0x0000000707800000|  0%| F|  |TAMS 0x0000000707600000, 0x0000000707600000| Untracked 
|  52|0x0000000707800000, 0x0000000707800000, 0x0000000707a00000|  0%| F|  |TAMS 0x0000000707800000, 0x0000000707800000| Untracked 
|  53|0x0000000707a00000, 0x0000000707a00000, 0x0000000707c00000|  0%| F|  |TAMS 0x0000000707a00000, 0x0000000707a00000| Untracked 
|  54|0x0000000707c00000, 0x0000000707c00000, 0x0000000707e00000|  0%| F|  |TAMS 0x0000000707c00000, 0x0000000707c00000| Untracked 
|  55|0x0000000707e00000, 0x0000000707e00000, 0x0000000708000000|  0%| F|  |TAMS 0x0000000707e00000, 0x0000000707e00000| Untracked 
|  56|0x0000000708000000, 0x0000000708000000, 0x0000000708200000|  0%| F|  |TAMS 0x0000000708000000, 0x0000000708000000| Untracked 
|  57|0x0000000708200000, 0x0000000708200000, 0x0000000708400000|  0%| F|  |TAMS 0x0000000708200000, 0x0000000708200000| Untracked 
|  58|0x0000000708400000, 0x0000000708400000, 0x0000000708600000|  0%| F|  |TAMS 0x0000000708400000, 0x0000000708400000| Untracked 
|  59|0x0000000708600000, 0x0000000708600000, 0x0000000708800000|  0%| F|  |TAMS 0x0000000708600000, 0x0000000708600000| Untracked 
|  60|0x0000000708800000, 0x0000000708800000, 0x0000000708a00000|  0%| F|  |TAMS 0x0000000708800000, 0x0000000708800000| Untracked 
|  61|0x0000000708a00000, 0x0000000708a00000, 0x0000000708c00000|  0%| F|  |TAMS 0x0000000708a00000, 0x0000000708a00000| Untracked 
|  62|0x0000000708c00000, 0x0000000708c00000, 0x0000000708e00000|  0%| F|  |TAMS 0x0000000708c00000, 0x0000000708c00000| Untracked 
|  63|0x0000000708e00000, 0x0000000708e00000, 0x0000000709000000|  0%| F|  |TAMS 0x0000000708e00000, 0x0000000708e00000| Untracked 
|  64|0x0000000709000000, 0x0000000709000000, 0x0000000709200000|  0%| F|  |TAMS 0x0000000709000000, 0x0000000709000000| Untracked 
|  65|0x0000000709200000, 0x0000000709200000, 0x0000000709400000|  0%| F|  |TAMS 0x0000000709200000, 0x0000000709200000| Untracked 
|  66|0x0000000709400000, 0x0000000709400000, 0x0000000709600000|  0%| F|  |TAMS 0x0000000709400000, 0x0000000709400000| Untracked 
|  67|0x0000000709600000, 0x0000000709600000, 0x0000000709800000|  0%| F|  |TAMS 0x0000000709600000, 0x0000000709600000| Untracked 
|  68|0x0000000709800000, 0x0000000709800000, 0x0000000709a00000|  0%| F|  |TAMS 0x0000000709800000, 0x0000000709800000| Untracked 
|  69|0x0000000709a00000, 0x0000000709a00000, 0x0000000709c00000|  0%| F|  |TAMS 0x0000000709a00000, 0x0000000709a00000| Untracked 
|  70|0x0000000709c00000, 0x0000000709c00000, 0x0000000709e00000|  0%| F|  |TAMS 0x0000000709c00000, 0x0000000709c00000| Untracked 
|  71|0x0000000709e00000, 0x0000000709e00000, 0x000000070a000000|  0%| F|  |TAMS 0x0000000709e00000, 0x0000000709e00000| Untracked 
|  72|0x000000070a000000, 0x000000070a000000, 0x000000070a200000|  0%| F|  |TAMS 0x000000070a000000, 0x000000070a000000| Untracked 
|  73|0x000000070a200000, 0x000000070a200000, 0x000000070a400000|  0%| F|  |TAMS 0x000000070a200000, 0x000000070a200000| Untracked 
|  74|0x000000070a400000, 0x000000070a400000, 0x000000070a600000|  0%| F|  |TAMS 0x000000070a400000, 0x000000070a400000| Untracked 
|  75|0x000000070a600000, 0x000000070a600000, 0x000000070a800000|  0%| F|  |TAMS 0x000000070a600000, 0x000000070a600000| Untracked 
|  76|0x000000070a800000, 0x000000070a800000, 0x000000070aa00000|  0%| F|  |TAMS 0x000000070a800000, 0x000000070a800000| Untracked 
|  77|0x000000070aa00000, 0x000000070aa00000, 0x000000070ac00000|  0%| F|  |TAMS 0x000000070aa00000, 0x000000070aa00000| Untracked 
|  78|0x000000070ac00000, 0x000000070ac00000, 0x000000070ae00000|  0%| F|  |TAMS 0x000000070ac00000, 0x000000070ac00000| Untracked 
|  79|0x000000070ae00000, 0x000000070ae00000, 0x000000070b000000|  0%| F|  |TAMS 0x000000070ae00000, 0x000000070ae00000| Untracked 
|  80|0x000000070b000000, 0x000000070b000000, 0x000000070b200000|  0%| F|  |TAMS 0x000000070b000000, 0x000000070b000000| Untracked 
|  81|0x000000070b200000, 0x000000070b200000, 0x000000070b400000|  0%| F|  |TAMS 0x000000070b200000, 0x000000070b200000| Untracked 
|  82|0x000000070b400000, 0x000000070b400000, 0x000000070b600000|  0%| F|  |TAMS 0x000000070b400000, 0x000000070b400000| Untracked 
|  83|0x000000070b600000, 0x000000070b600000, 0x000000070b800000|  0%| F|  |TAMS 0x000000070b600000, 0x000000070b600000| Untracked 
|  84|0x000000070b800000, 0x000000070b800000, 0x000000070ba00000|  0%| F|  |TAMS 0x000000070b800000, 0x000000070b800000| Untracked 
|  85|0x000000070ba00000, 0x000000070ba00000, 0x000000070bc00000|  0%| F|  |TAMS 0x000000070ba00000, 0x000000070ba00000| Untracked 
|  86|0x000000070bc00000, 0x000000070bc00000, 0x000000070be00000|  0%| F|  |TAMS 0x000000070bc00000, 0x000000070bc00000| Untracked 
|  87|0x000000070be00000, 0x000000070be00000, 0x000000070c000000|  0%| F|  |TAMS 0x000000070be00000, 0x000000070be00000| Untracked 
|  88|0x000000070c000000, 0x000000070c000000, 0x000000070c200000|  0%| F|  |TAMS 0x000000070c000000, 0x000000070c000000| Untracked 
|  89|0x000000070c200000, 0x000000070c200000, 0x000000070c400000|  0%| F|  |TAMS 0x000000070c200000, 0x000000070c200000| Untracked 
|  90|0x000000070c400000, 0x000000070c400000, 0x000000070c600000|  0%| F|  |TAMS 0x000000070c400000, 0x000000070c400000| Untracked 
|  91|0x000000070c600000, 0x000000070c600000, 0x000000070c800000|  0%| F|  |TAMS 0x000000070c600000, 0x000000070c600000| Untracked 
|  92|0x000000070c800000, 0x000000070c800000, 0x000000070ca00000|  0%| F|  |TAMS 0x000000070c800000, 0x000000070c800000| Untracked 
|  93|0x000000070ca00000, 0x000000070ca00000, 0x000000070cc00000|  0%| F|  |TAMS 0x000000070ca00000, 0x000000070ca00000| Untracked 
|  94|0x000000070cc00000, 0x000000070cc00000, 0x000000070ce00000|  0%| F|  |TAMS 0x000000070cc00000, 0x000000070cc00000| Untracked 
|  95|0x000000070ce00000, 0x000000070ce00000, 0x000000070d000000|  0%| F|  |TAMS 0x000000070ce00000, 0x000000070ce00000| Untracked 
|  96|0x000000070d000000, 0x000000070d000000, 0x000000070d200000|  0%| F|  |TAMS 0x000000070d000000, 0x000000070d000000| Untracked 
|  97|0x000000070d200000, 0x000000070d200000, 0x000000070d400000|  0%| F|  |TAMS 0x000000070d200000, 0x000000070d200000| Untracked 
|  98|0x000000070d400000, 0x000000070d400000, 0x000000070d600000|  0%| F|  |TAMS 0x000000070d400000, 0x000000070d400000| Untracked 
|  99|0x000000070d600000, 0x000000070d600000, 0x000000070d800000|  0%| F|  |TAMS 0x000000070d600000, 0x000000070d600000| Untracked 
| 100|0x000000070d800000, 0x000000070d800000, 0x000000070da00000|  0%| F|  |TAMS 0x000000070d800000, 0x000000070d800000| Untracked 
| 101|0x000000070da00000, 0x000000070da00000, 0x000000070dc00000|  0%| F|  |TAMS 0x000000070da00000, 0x000000070da00000| Untracked 
| 102|0x000000070dc00000, 0x000000070dc00000, 0x000000070de00000|  0%| F|  |TAMS 0x000000070dc00000, 0x000000070dc00000| Untracked 
| 103|0x000000070de00000, 0x000000070de00000, 0x000000070e000000|  0%| F|  |TAMS 0x000000070de00000, 0x000000070de00000| Untracked 
| 104|0x000000070e000000, 0x000000070e000000, 0x000000070e200000|  0%| F|  |TAMS 0x000000070e000000, 0x000000070e000000| Untracked 
| 105|0x000000070e200000, 0x000000070e200000, 0x000000070e400000|  0%| F|  |TAMS 0x000000070e200000, 0x000000070e200000| Untracked 
| 106|0x000000070e400000, 0x000000070e400000, 0x000000070e600000|  0%| F|  |TAMS 0x000000070e400000, 0x000000070e400000| Untracked 
| 107|0x000000070e600000, 0x000000070e800000, 0x000000070e800000|100%| S|CS|TAMS 0x000000070e600000, 0x000000070e600000| Complete 
| 108|0x000000070e800000, 0x000000070ea00000, 0x000000070ea00000|100%| S|CS|TAMS 0x000000070e800000, 0x000000070e800000| Complete 
| 109|0x000000070ea00000, 0x000000070ec00000, 0x000000070ec00000|100%| S|CS|TAMS 0x000000070ea00000, 0x000000070ea00000| Complete 
| 110|0x000000070ec00000, 0x000000070ec00000, 0x000000070ee00000|  0%| F|  |TAMS 0x000000070ec00000, 0x000000070ec00000| Untracked 
| 111|0x000000070ee00000, 0x000000070ee00000, 0x000000070f000000|  0%| F|  |TAMS 0x000000070ee00000, 0x000000070ee00000| Untracked 
| 112|0x000000070f000000, 0x000000070f000000, 0x000000070f200000|  0%| F|  |TAMS 0x000000070f000000, 0x000000070f000000| Untracked 
| 113|0x000000070f200000, 0x000000070f200000, 0x000000070f400000|  0%| F|  |TAMS 0x000000070f200000, 0x000000070f200000| Untracked 
| 114|0x000000070f400000, 0x000000070f400000, 0x000000070f600000|  0%| F|  |TAMS 0x000000070f400000, 0x000000070f400000| Untracked 
| 115|0x000000070f600000, 0x000000070f600000, 0x000000070f800000|  0%| F|  |TAMS 0x000000070f600000, 0x000000070f600000| Untracked 
| 116|0x000000070f800000, 0x000000070f800000, 0x000000070fa00000|  0%| F|  |TAMS 0x000000070f800000, 0x000000070f800000| Untracked 
| 117|0x000000070fa00000, 0x000000070fa00000, 0x000000070fc00000|  0%| F|  |TAMS 0x000000070fa00000, 0x000000070fa00000| Untracked 
| 118|0x000000070fc00000, 0x000000070fc00000, 0x000000070fe00000|  0%| F|  |TAMS 0x000000070fc00000, 0x000000070fc00000| Untracked 
| 119|0x000000070fe00000, 0x000000070fe00000, 0x0000000710000000|  0%| F|  |TAMS 0x000000070fe00000, 0x000000070fe00000| Untracked 
| 120|0x0000000710000000, 0x0000000710196070, 0x0000000710200000| 79%| E|  |TAMS 0x0000000710000000, 0x0000000710000000| Complete 
| 121|0x0000000710200000, 0x0000000710400000, 0x0000000710400000|100%| E|CS|TAMS 0x0000000710200000, 0x0000000710200000| Complete 
| 122|0x0000000710400000, 0x0000000710600000, 0x0000000710600000|100%| E|CS|TAMS 0x0000000710400000, 0x0000000710400000| Complete 
| 123|0x0000000710600000, 0x0000000710800000, 0x0000000710800000|100%| E|CS|TAMS 0x0000000710600000, 0x0000000710600000| Complete 
| 124|0x0000000710800000, 0x0000000710a00000, 0x0000000710a00000|100%| E|CS|TAMS 0x0000000710800000, 0x0000000710800000| Complete 
| 125|0x0000000710a00000, 0x0000000710c00000, 0x0000000710c00000|100%| E|CS|TAMS 0x0000000710a00000, 0x0000000710a00000| Complete 
| 126|0x0000000710c00000, 0x0000000710e00000, 0x0000000710e00000|100%| E|CS|TAMS 0x0000000710c00000, 0x0000000710c00000| Complete 
| 127|0x0000000710e00000, 0x0000000711000000, 0x0000000711000000|100%| E|CS|TAMS 0x0000000710e00000, 0x0000000710e00000| Complete 

Card table byte_map: [0x0000028755f70000,0x0000028756770000] _byte_map_base: 0x0000028752768000

Marking Bits (Prev, Next): (CMBitMap*) 0x000002873ce880e0, (CMBitMap*) 0x000002873ce88120
 Prev Bits: [0x0000028756f70000, 0x000002875af30000)
 Next Bits: [0x000002875af30000, 0x000002875eef0000)

Polling page: 0x000002873cb10000

Metaspace:

Usage:
  Non-class:     12.07 MB used.
      Class:      1.92 MB used.
       Both:     13.99 MB used.

Virtual space:
  Non-class space:       64.00 MB reserved,      12.19 MB ( 19%) committed,  1 nodes.
      Class space:        1.00 GB reserved,       2.00 MB ( <1%) committed,  1 nodes.
             Both:        1.06 GB reserved,      14.19 MB (  1%) committed. 

Chunk freelists:
   Non-Class:  2.61 MB
       Class:  14.01 MB
        Both:  16.62 MB

MaxMetaspaceSize: unlimited
CompressedClassSpaceSize: 1.00 GB
Initial GC threshold: 21.00 MB
Current GC threshold: 21.00 MB
CDS: on
MetaspaceReclaimPolicy: balanced
 - commit_granule_bytes: 65536.
 - commit_granule_words: 8192.
 - virtual_space_node_default_size: 8388608.
 - enlarge_chunks_in_place: 1.
 - new_chunks_are_fully_committed: 0.
 - uncommit_free_chunks: 1.
 - use_allocation_guard: 0.
 - handle_deallocations: 1.


Internal statistics:

num_allocs_failed_limit: 0.
num_arena_births: 180.
num_arena_deaths: 0.
num_vsnodes_births: 2.
num_vsnodes_deaths: 0.
num_space_committed: 227.
num_space_uncommitted: 0.
num_chunks_returned_to_freelist: 0.
num_chunks_taken_from_freelist: 669.
num_chunk_merges: 0.
num_chunk_splits: 473.
num_chunks_enlarged: 388.
num_inconsistent_stats: 0.

CodeHeap 'non-profiled nmethods': size=120000Kb used=1668Kb max_used=1668Kb free=118331Kb
 bounds [0x000002874d9f0000, 0x000002874dc60000, 0x0000028754f20000]
CodeHeap 'profiled nmethods': size=120000Kb used=6947Kb max_used=6947Kb free=113052Kb
 bounds [0x0000028745f20000, 0x00000287465f0000, 0x000002874d450000]
CodeHeap 'non-nmethods': size=5760Kb used=1414Kb max_used=1537Kb free=4345Kb
 bounds [0x000002874d450000, 0x000002874d6c0000, 0x000002874d9f0000]
 total_blobs=4260 nmethods=3493 adapters=679
 compilation: enabled
              stopped_count=0, restarted_count=0
 full_count=0

Compilation events (20 events):
Event: 33.721 Thread 0x000002876192ed50 3484       1       com.sun.glass.ui.Window::getOutputScaleY (5 bytes)
Event: 33.721 Thread 0x000002876192ed50 nmethod 3484 0x000002874db90590 code [0x000002874db90720, 0x000002874db907f8]
Event: 33.721 Thread 0x000002876192ed50 3485       1       javafx.scene.layout.Background::hashCode (5 bytes)
Event: 33.721 Thread 0x000002876192ed50 nmethod 3485 0x000002874db90890 code [0x000002874db90a20, 0x000002874db90af8]
Event: 33.794 Thread 0x000002876192ed50 3486       3       java.lang.invoke.AbstractValidatingLambdaMetafactory::validateMetafactoryArgs (607 bytes)
Event: 33.797 Thread 0x000002876192ed50 nmethod 3486 0x00000287465dc590 code [0x00000287465dcd40, 0x00000287465e2128]
Event: 33.797 Thread 0x000002876192ed50 3487   !   3       java.lang.invoke.InnerClassLambdaMetafactory::buildCallSite (201 bytes)
Event: 33.798 Thread 0x000002876192e2a0 3488       4       com.sun.javafx.event.BasicEventDispatcher::dispatchEvent (44 bytes)
Event: 33.798 Thread 0x000002876192ed50 nmethod 3487 0x00000287465e3e10 code [0x00000287465e42e0, 0x00000287465e6798]
Event: 33.800 Thread 0x000002876192e2a0 nmethod 3488 0x000002874db90b90 code [0x000002874db90d20, 0x000002874db90f98]
Event: 33.812 Thread 0x000002876192ed50 3489       3       java.nio.CharBuffer::arrayOffset (35 bytes)
Event: 33.813 Thread 0x000002876192ed50 nmethod 3489 0x00000287465e7710 code [0x00000287465e78e0, 0x00000287465e7bb8]
Event: 33.813 Thread 0x000002876192ed50 3490       3       java.io.BufferedWriter::ensureOpen (18 bytes)
Event: 33.813 Thread 0x000002876192ed50 nmethod 3490 0x00000287465e7d10 code [0x00000287465e7ec0, 0x00000287465e80e8]
Event: 33.813 Thread 0x000002876192ed50 3491       3       java.lang.String::valueOf (15 bytes)
Event: 33.814 Thread 0x000002876192ed50 nmethod 3491 0x00000287465e8210 code [0x00000287465e83c0, 0x00000287465e85c8]
Event: 33.814 Thread 0x000002876192ed50 3492       3       java.nio.CharBuffer::position (6 bytes)
Event: 33.814 Thread 0x000002876192ed50 nmethod 3492 0x00000287465e8690 code [0x00000287465e8840, 0x00000287465e89e8]
Event: 33.814 Thread 0x000002876192ed50 3493       3       java.nio.CharBuffer::position (8 bytes)
Event: 33.814 Thread 0x000002876192ed50 nmethod 3493 0x00000287465e8a90 code [0x00000287465e8c20, 0x00000287465e8d68]

GC Heap History (4 events):
Event: 0.553 GC heap before
{Heap before GC invocations=0 (full 0):
 garbage-first heap   total 262144K, used 20480K [0x0000000701000000, 0x0000000800000000)
  region size 2048K, 10 young (20480K), 0 survivors (0K)
 Metaspace       used 4694K, committed 4864K, reserved 1114112K
  class space    used 584K, committed 704K, reserved 1048576K
}
Event: 0.554 GC heap after
{Heap after GC invocations=1 (full 0):
 garbage-first heap   total 262144K, used 2500K [0x0000000701000000, 0x0000000800000000)
  region size 2048K, 2 young (4096K), 2 survivors (4096K)
 Metaspace       used 4694K, committed 4864K, reserved 1114112K
  class space    used 584K, committed 704K, reserved 1048576K
}
Event: 2.667 GC heap before
{Heap before GC invocations=1 (full 0):
 garbage-first heap   total 262144K, used 37316K [0x0000000701000000, 0x0000000800000000)
  region size 2048K, 18 young (36864K), 2 survivors (4096K)
 Metaspace       used 12599K, committed 12864K, reserved 1114112K
  class space    used 1824K, committed 1920K, reserved 1048576K
}
Event: 2.671 GC heap after
{Heap after GC invocations=2 (full 0):
 garbage-first heap   total 262144K, used 8413K [0x0000000701000000, 0x0000000800000000)
  region size 2048K, 3 young (6144K), 3 survivors (6144K)
 Metaspace       used 12599K, committed 12864K, reserved 1114112K
  class space    used 1824K, committed 1920K, reserved 1048576K
}

Dll operation events (20 events):
Event: 0.191 Loaded shared library C:\Program Files\Eclipse Adoptium\jdk-17.0.15.6-hotspot\bin\api-ms-win-crt-filesystem-l1-1-0.dll
Event: 0.192 Loaded shared library C:\Program Files\Eclipse Adoptium\jdk-17.0.15.6-hotspot\bin\api-ms-win-crt-heap-l1-1-0.dll
Event: 0.194 Loaded shared library C:\Program Files\Eclipse Adoptium\jdk-17.0.15.6-hotspot\bin\api-ms-win-crt-locale-l1-1-0.dll
Event: 0.196 Loaded shared library C:\Program Files\Eclipse Adoptium\jdk-17.0.15.6-hotspot\bin\api-ms-win-crt-math-l1-1-0.dll
Event: 0.197 Loaded shared library C:\Program Files\Eclipse Adoptium\jdk-17.0.15.6-hotspot\bin\api-ms-win-crt-multibyte-l1-1-0.dll
Event: 0.199 Loaded shared library C:\Program Files\Eclipse Adoptium\jdk-17.0.15.6-hotspot\bin\api-ms-win-crt-private-l1-1-0.dll
Event: 0.201 Loaded shared library C:\Program Files\Eclipse Adoptium\jdk-17.0.15.6-hotspot\bin\api-ms-win-crt-process-l1-1-0.dll
Event: 0.203 Loaded shared library C:\Program Files\Eclipse Adoptium\jdk-17.0.15.6-hotspot\bin\api-ms-win-crt-runtime-l1-1-0.dll
Event: 0.204 Loaded shared library C:\Program Files\Eclipse Adoptium\jdk-17.0.15.6-hotspot\bin\api-ms-win-crt-stdio-l1-1-0.dll
Event: 0.206 Loaded shared library C:\Program Files\Eclipse Adoptium\jdk-17.0.15.6-hotspot\bin\api-ms-win-crt-string-l1-1-0.dll
Event: 0.208 Loaded shared library C:\Program Files\Eclipse Adoptium\jdk-17.0.15.6-hotspot\bin\api-ms-win-crt-time-l1-1-0.dll
Event: 0.210 Loaded shared library C:\Program Files\Eclipse Adoptium\jdk-17.0.15.6-hotspot\bin\api-ms-win-crt-utility-l1-1-0.dll
Event: 0.211 Loaded shared library C:\Program Files\Eclipse Adoptium\jdk-17.0.15.6-hotspot\bin\ucrtbase.dll
Event: 0.213 Loaded shared library C:\Program Files\Eclipse Adoptium\jdk-17.0.15.6-hotspot\bin\vcruntime140.dll
Event: 0.214 Loaded shared library C:\Program Files\Eclipse Adoptium\jdk-17.0.15.6-hotspot\bin\msvcp140.dll
Event: 0.215 Loaded shared library C:\Windows\System32\concrt140.dll
Event: 0.276 Loaded shared library C:\Users\emile\.openjfx\cache\12.0.1\prism_d3d.dll
Event: 0.399 Loaded shared library C:\Users\emile\.openjfx\cache\12.0.1\glass.dll
Event: 0.581 Loaded shared library C:\Users\emile\.openjfx\cache\12.0.1\javafx_font.dll
Event: 0.655 Loaded shared library C:\Program Files\Eclipse Adoptium\jdk-17.0.15.6-hotspot\bin\jimage.dll

Deoptimization events (20 events):
Event: 32.141 Thread 0x00000287a7373e50 Uncommon trap: trap_request=0xffffffbe fr.pc=0x000002874db0db80 relative=0x00000000000005e0
Event: 32.141 Thread 0x00000287a7373e50 Uncommon trap: reason=profile_predicate action=maybe_recompile pc=0x000002874db0db80 method=com.sun.javafx.css.BitSet.addAll(Ljava/util/Collection;)Z @ 86 c2
Event: 32.141 Thread 0x00000287a7373e50 DEOPT PACKING pc=0x000002874db0db80 sp=0x000000e50d3fca60
Event: 32.141 Thread 0x00000287a7373e50 DEOPT UNPACKING pc=0x000002874d4a69a3 sp=0x000000e50d3fc9c0 mode 2
Event: 32.141 Thread 0x00000287a7373e50 Uncommon trap: trap_request=0xffffffbe fr.pc=0x000002874db0db80 relative=0x00000000000005e0
Event: 32.141 Thread 0x00000287a7373e50 Uncommon trap: reason=profile_predicate action=maybe_recompile pc=0x000002874db0db80 method=com.sun.javafx.css.BitSet.addAll(Ljava/util/Collection;)Z @ 86 c2
Event: 32.141 Thread 0x00000287a7373e50 DEOPT PACKING pc=0x000002874db0db80 sp=0x000000e50d3fca60
Event: 32.141 Thread 0x00000287a7373e50 DEOPT UNPACKING pc=0x000002874d4a69a3 sp=0x000000e50d3fc9c0 mode 2
Event: 32.147 Thread 0x00000287a7373e50 Uncommon trap: trap_request=0xffffff45 fr.pc=0x000002874daf32a8 relative=0x0000000000000c48
Event: 32.147 Thread 0x00000287a7373e50 Uncommon trap: reason=unstable_if action=reinterpret pc=0x000002874daf32a8 method=javafx.scene.CssStyleHelper.lookup(Ljavafx/css/Styleable;Ljavafx/css/CssMetaData;Lcom/sun/javafx/css/StyleMap;Ljava/util/Set;Ljavafx/css/Styleable;Lcom/sun/javafx/css/Calcul
Event: 32.147 Thread 0x00000287a7373e50 DEOPT PACKING pc=0x000002874daf32a8 sp=0x000000e50d3fce90
Event: 32.147 Thread 0x00000287a7373e50 DEOPT UNPACKING pc=0x000002874d4a69a3 sp=0x000000e50d3fce18 mode 2
Event: 32.147 Thread 0x00000287a7373e50 Uncommon trap: trap_request=0xffffff45 fr.pc=0x000002874dabc310 relative=0x0000000000000750
Event: 32.147 Thread 0x00000287a7373e50 Uncommon trap: reason=unstable_if action=reinterpret pc=0x000002874dabc310 method=com.sun.javafx.css.ParsedValueImpl.containsFontRelativeSize(Ljavafx/css/ParsedValue;Z)Z @ 56 c2
Event: 32.147 Thread 0x00000287a7373e50 DEOPT PACKING pc=0x000002874dabc310 sp=0x000000e50d3fc640
Event: 32.147 Thread 0x00000287a7373e50 DEOPT UNPACKING pc=0x000002874d4a69a3 sp=0x000000e50d3fc5c8 mode 2
Event: 32.162 Thread 0x0000028761cfbe00 Uncommon trap: trap_request=0xffffff45 fr.pc=0x000002874db835c8 relative=0x0000000000000d68
Event: 32.162 Thread 0x0000028761cfbe00 Uncommon trap: reason=unstable_if action=reinterpret pc=0x000002874db835c8 method=com.sun.prism.impl.GlyphCache.getCachedGlyph(II)Lcom/sun/prism/impl/GlyphCache$GlyphData; @ 366 c2
Event: 32.162 Thread 0x0000028761cfbe00 DEOPT PACKING pc=0x000002874db835c8 sp=0x000000e50d1fdf80
Event: 32.162 Thread 0x0000028761cfbe00 DEOPT UNPACKING pc=0x000002874d4a69a3 sp=0x000000e50d1fdeb8 mode 2

Classes loaded (20 events):
Event: 5.377 Loading class java/lang/FdLibm
Event: 5.377 Loading class java/lang/FdLibm done
Event: 10.315 Loading class java/lang/FdLibm$Cbrt
Event: 10.315 Loading class java/lang/FdLibm$Cbrt done
Event: 11.112 Loading class java/util/stream/MatchOps$MatchKind
Event: 11.112 Loading class java/util/stream/MatchOps$MatchKind done
Event: 11.112 Loading class java/util/stream/MatchOps
Event: 11.112 Loading class java/util/stream/MatchOps done
Event: 11.112 Loading class java/util/stream/MatchOps$MatchOp
Event: 11.112 Loading class java/util/stream/MatchOps$MatchOp done
Event: 11.112 Loading class java/util/stream/MatchOps$BooleanTerminalSink
Event: 11.112 Loading class java/util/stream/MatchOps$BooleanTerminalSink done
Event: 11.113 Loading class java/util/stream/MatchOps$1MatchSink
Event: 11.113 Loading class java/util/stream/MatchOps$1MatchSink done
Event: 33.796 Loading class java/util/LinkedList$ListItr
Event: 33.796 Loading class java/util/LinkedList$ListItr done
Event: 33.812 Loading class java/lang/Throwable$WrappedPrintStream
Event: 33.813 Loading class java/lang/Throwable$PrintStreamOrWriter
Event: 33.813 Loading class java/lang/Throwable$PrintStreamOrWriter done
Event: 33.813 Loading class java/lang/Throwable$WrappedPrintStream done

Classes unloaded (0 events):
No events

Classes redefined (0 events):
No events

Internal exceptions (20 events):
Event: 0.632 Thread 0x00000287a7373e50 Exception <a 'java/lang/NoSuchMethodError'{0x000000071086d658}: 'void java.lang.invoke.DirectMethodHandle$Holder.invokeStaticInit(java.lang.Object, java.lang.Object)'> (0x000000071086d658) 
thrown [s\src\hotspot\share\interpreter\linkResolver.cpp, line 759]
Event: 0.669 Thread 0x00000287a7373e50 Implicit null exception at 0x000002874da0dd60 to 0x000002874da0df9c
Event: 0.696 Thread 0x00000287a7373e50 Implicit null exception at 0x000002874da4820d to 0x000002874da48838
Event: 0.697 Thread 0x00000287a7373e50 Implicit null exception at 0x000002874da4690f to 0x000002874da46f14
Event: 0.785 Thread 0x00000287a7373e50 Exception <a 'java/lang/NoSuchMethodError'{0x00000007101c9fb0}: 'java.lang.Object java.lang.invoke.DirectMethodHandle$Holder.invokeInterface(java.lang.Object, java.lang.Object, java.lang.Object)'> (0x00000007101c9fb0) 
thrown [s\src\hotspot\share\interpreter\linkResolver.cpp, line 759]
Event: 0.785 Thread 0x00000287a7373e50 Exception <a 'java/lang/IncompatibleClassChangeError'{0x00000007101cd938}: Found class java.lang.Object, but interface was expected> (0x00000007101cd938) 
thrown [s\src\hotspot\share\interpreter\linkResolver.cpp, line 826]
Event: 0.821 Thread 0x00000287a7373e50 Exception <a 'java/lang/NoSuchMethodError'{0x000000070ff6b220}: 'java.lang.Object java.lang.invoke.DirectMethodHandle$Holder.newInvokeSpecial(java.lang.Object, java.lang.Object, int)'> (0x000000070ff6b220) 
thrown [s\src\hotspot\share\interpreter\linkResolver.cpp, line 759]
Event: 0.840 Thread 0x0000028761cfbe00 Exception <a 'java/lang/NoSuchMethodError'{0x000000070fc7f1f0}: 'int java.lang.invoke.DirectMethodHandle$Holder.invokeStaticInit(java.lang.Object, java.lang.Object)'> (0x000000070fc7f1f0) 
thrown [s\src\hotspot\share\interpreter\linkResolver.cpp, line 759]
Event: 2.457 Thread 0x00000287a7373e50 Exception <a 'java/lang/NoSuchMethodError'{0x000000070f4f3d90}: 'long java.lang.invoke.DirectMethodHandle$Holder.invokeStatic(java.lang.Object, java.lang.Object, java.lang.Object)'> (0x000000070f4f3d90) 
thrown [s\src\hotspot\share\interpreter\linkResolver.cpp, line 759]
Event: 2.457 Thread 0x00000287a7373e50 Exception <a 'java/lang/NoSuchMethodError'{0x000000070f4f7538}: 'long java.lang.invoke.DirectMethodHandle$Holder.invokeStaticInit(java.lang.Object, java.lang.Object, java.lang.Object)'> (0x000000070f4f7538) 
thrown [s\src\hotspot\share\interpreter\linkResolver.cpp, line 759]
Event: 2.459 Thread 0x00000287a7373e50 Exception <a 'java/lang/NoSuchMethodError'{0x000000070f50f0c0}: 'java.lang.Object java.lang.invoke.DirectMethodHandle$Holder.newInvokeSpecial(java.lang.Object, java.lang.Object, long)'> (0x000000070f50f0c0) 
thrown [s\src\hotspot\share\interpreter\linkResolver.cpp, line 759]
Event: 2.459 Thread 0x00000287a7373e50 Exception <a 'java/lang/NoSuchMethodError'{0x000000070f512c30}: 'java.lang.Object java.lang.invoke.Invokers$Holder.linkToTargetMethod(java.lang.Object, long, java.lang.Object)'> (0x000000070f512c30) 
thrown [s\src\hotspot\share\interpreter\linkResolver.cpp, line 759]
Event: 2.560 Thread 0x00000287a7373e50 Exception <a 'java/lang/NoSuchMethodError'{0x000000070f019e90}: 'void java.lang.invoke.DirectMethodHandle$Holder.invokeSpecialIFC(java.lang.Object, java.lang.Object, java.lang.Object, java.lang.Object)'> (0x000000070f019e90) 
thrown [s\src\hotspot\share\interpreter\linkResolver.cpp, line 759]
Event: 2.565 Thread 0x00000287a7373e50 Exception <a 'java/lang/ClassNotFoundException'{0x000000070f06c808}: com/sun/javafx/scene/control/skin/resources/controls> (0x000000070f06c808) 
thrown [s\src\hotspot\share\prims\jni.cpp, line 535]
Event: 2.565 Thread 0x00000287a7373e50 Exception <a 'java/lang/ClassNotFoundException'{0x000000070f07a5e8}: com/sun/javafx/scene/control/skin/resources/controls_fr> (0x000000070f07a5e8) 
thrown [s\src\hotspot\share\prims\jni.cpp, line 535]
Event: 2.566 Thread 0x00000287a7373e50 Exception <a 'java/lang/ClassNotFoundException'{0x000000070f088158}: com/sun/javafx/scene/control/skin/resources/controls_fr_FR> (0x000000070f088158) 
thrown [s\src\hotspot\share\prims\jni.cpp, line 535]
Event: 2.590 Thread 0x00000287a7373e50 Exception <a 'java/lang/NoSuchMethodError'{0x000000070ee25848}: 'int java.lang.invoke.DirectMethodHandle$Holder.invokeSpecial(java.lang.Object, java.lang.Object, int)'> (0x000000070ee25848) 
thrown [s\src\hotspot\share\interpreter\linkResolver.cpp, line 759]
Event: 5.354 Thread 0x00000287a7373e50 Implicit null exception at 0x000002874dab0fef to 0x000002874dab17a4
Event: 5.376 Thread 0x0000028761cfbe00 Exception <a 'java/lang/NoSuchMethodError'{0x0000000710e82818}: 'java.lang.Object java.lang.invoke.DirectMethodHandle$Holder.invokeStaticInit(java.lang.Object, int)'> (0x0000000710e82818) 
thrown [s\src\hotspot\share\interpreter\linkResolver.cpp, line 759]
Event: 10.031 Thread 0x00000287a7373e50 Implicit null exception at 0x000002874dad908d to 0x000002874dad9108

VM Operations (20 events):
Event: 22.347 Executing VM operation: Cleanup
Event: 22.347 Executing VM operation: Cleanup done
Event: 25.349 Executing VM operation: Cleanup
Event: 25.349 Executing VM operation: Cleanup done
Event: 26.349 Executing VM operation: Cleanup
Event: 26.349 Executing VM operation: Cleanup done
Event: 27.350 Executing VM operation: Cleanup
Event: 27.350 Executing VM operation: Cleanup done
Event: 28.350 Executing VM operation: Cleanup
Event: 28.351 Executing VM operation: Cleanup done
Event: 29.351 Executing VM operation: Cleanup
Event: 29.351 Executing VM operation: Cleanup done
Event: 30.351 Executing VM operation: Cleanup
Event: 30.351 Executing VM operation: Cleanup done
Event: 31.352 Executing VM operation: Cleanup
Event: 31.352 Executing VM operation: Cleanup done
Event: 32.353 Executing VM operation: Cleanup
Event: 32.353 Executing VM operation: Cleanup done
Event: 33.354 Executing VM operation: Cleanup
Event: 33.354 Executing VM operation: Cleanup done

Memory protections (0 events):
No events

Nmethod flushes (0 events):
No events

Events (20 events):
Event: 0.243 Thread 0x000002873ce17450 Thread added: 0x0000028761cfbe00
Event: 0.380 Thread 0x0000028761acdda0 Thread exited: 0x0000028761acdda0
Event: 0.400 Thread 0x000002873ce17450 Thread added: 0x00000287a739ef70
Event: 0.403 Thread 0x000002873ce17450 Thread added: 0x00000287a7373e50
Event: 0.506 Thread 0x000002873ce17450 Thread added: 0x00000287a75d7500
Event: 0.520 Thread 0x00000287a7711510 Thread added: 0x00000287a7711510
Event: 0.561 Thread 0x000002876192ed50 Thread added: 0x00000287a771f680
Event: 0.780 Thread 0x00000287a7373e50 Thread added: 0x00000287affc4d50
Event: 0.869 Thread 0x0000028761cfbe00 Thread added: 0x00000287b157d290
Event: 1.932 Thread 0x00000287a771f680 Thread exited: 0x00000287a771f680
Event: 2.620 Thread 0x000002876192ed50 Thread added: 0x00000287b0548110
Event: 3.190 Thread 0x00000287b0548110 Thread exited: 0x00000287b0548110
Event: 5.344 Thread 0x000002876192ed50 Thread added: 0x00000287affc97f0
Event: 5.623 Thread 0x00000287affc97f0 Thread exited: 0x00000287affc97f0
Event: 8.395 Thread 0x000002876192ed50 Thread added: 0x0000028761ca14d0
Event: 8.552 Thread 0x0000028761ca14d0 Thread exited: 0x0000028761ca14d0
Event: 9.673 Thread 0x000002876192ed50 Thread added: 0x00000287b0576aa0
Event: 9.950 Thread 0x00000287b0576aa0 Thread exited: 0x00000287b0576aa0
Event: 10.039 Thread 0x000002876192ed50 Thread added: 0x00000287b20fb340
Event: 10.228 Thread 0x00000287b20fb340 Thread exited: 0x00000287b20fb340


Dynamic libraries:
0x00007ff6b5980000 - 0x00007ff6b598e000 	C:\Program Files\Eclipse Adoptium\jdk-17.0.15.6-hotspot\bin\java.exe
0x00007ffb84900000 - 0x00007ffb84b68000 	C:\WINDOWS\SYSTEM32\ntdll.dll
0x00007ffb82db0000 - 0x00007ffb82e79000 	C:\WINDOWS\System32\KERNEL32.DLL
0x00007ffb81bc0000 - 0x00007ffb81fad000 	C:\WINDOWS\System32\KERNELBASE.dll
0x00007ffb82160000 - 0x00007ffb822ab000 	C:\WINDOWS\System32\ucrtbase.dll
0x00007ffb6be20000 - 0x00007ffb6be3e000 	C:\Program Files\Eclipse Adoptium\jdk-17.0.15.6-hotspot\bin\VCRUNTIME140.dll
0x00007ffb6be40000 - 0x00007ffb6be57000 	C:\Program Files\Eclipse Adoptium\jdk-17.0.15.6-hotspot\bin\jli.dll
0x00007ffb835b0000 - 0x00007ffb8377c000 	C:\WINDOWS\System32\USER32.dll
0x00007ffb81fb0000 - 0x00007ffb81fd7000 	C:\WINDOWS\System32\win32u.dll
0x00007ffb69960000 - 0x00007ffb69bfa000 	C:\WINDOWS\WinSxS\amd64_microsoft.windows.common-controls_6595b64144ccf1df_6.0.26100.4484_none_3e0e6d4ce32ef3b3\COMCTL32.dll
0x00007ffb826a0000 - 0x00007ffb826cb000 	C:\WINDOWS\System32\GDI32.dll
0x00007ffb83780000 - 0x00007ffb83829000 	C:\WINDOWS\System32\msvcrt.dll
0x00007ffb82560000 - 0x00007ffb82697000 	C:\WINDOWS\System32\gdi32full.dll
0x00007ffb81b10000 - 0x00007ffb81bb3000 	C:\WINDOWS\System32\msvcp_win.dll
0x00007ffb827b0000 - 0x00007ffb827df000 	C:\WINDOWS\System32\IMM32.DLL
0x00007ffb7c390000 - 0x00007ffb7c39c000 	C:\Program Files\Eclipse Adoptium\jdk-17.0.15.6-hotspot\bin\vcruntime140_1.dll
0x00007ffb6bd90000 - 0x00007ffb6be1d000 	C:\Program Files\Eclipse Adoptium\jdk-17.0.15.6-hotspot\bin\msvcp140.dll
0x00007ffaf5510000 - 0x00007ffaf617b000 	C:\Program Files\Eclipse Adoptium\jdk-17.0.15.6-hotspot\bin\server\jvm.dll
0x00007ffb82cf0000 - 0x00007ffb82da4000 	C:\WINDOWS\System32\ADVAPI32.dll
0x00007ffb82ff0000 - 0x00007ffb83096000 	C:\WINDOWS\System32\sechost.dll
0x00007ffb83ff0000 - 0x00007ffb84108000 	C:\WINDOWS\System32\RPCRT4.dll
0x00007ffb83f70000 - 0x00007ffb83fe4000 	C:\WINDOWS\System32\WS2_32.dll
0x00007ffb81700000 - 0x00007ffb8175e000 	C:\WINDOWS\SYSTEM32\POWRPROF.dll
0x00007ffb76de0000 - 0x00007ffb76e15000 	C:\WINDOWS\SYSTEM32\WINMM.dll
0x00007ffb7b5b0000 - 0x00007ffb7b5bb000 	C:\WINDOWS\SYSTEM32\VERSION.dll
0x00007ffb816e0000 - 0x00007ffb816f4000 	C:\WINDOWS\SYSTEM32\UMPDC.dll
0x00007ffb807f0000 - 0x00007ffb8080b000 	C:\WINDOWS\SYSTEM32\kernel.appcore.dll
0x00007ffb6bd80000 - 0x00007ffb6bd8a000 	C:\Program Files\Eclipse Adoptium\jdk-17.0.15.6-hotspot\bin\jimage.dll
0x00007ffb7f0e0000 - 0x00007ffb7f321000 	C:\WINDOWS\SYSTEM32\DBGHELP.DLL
0x00007ffb83220000 - 0x00007ffb835a6000 	C:\WINDOWS\System32\combase.dll
0x00007ffb83940000 - 0x00007ffb83a20000 	C:\WINDOWS\System32\OLEAUT32.dll
0x00007ffb636a0000 - 0x00007ffb636e3000 	C:\WINDOWS\SYSTEM32\dbgcore.DLL
0x00007ffb824c0000 - 0x00007ffb82559000 	C:\WINDOWS\System32\bcryptPrimitives.dll
0x00007ffb6bd40000 - 0x00007ffb6bd65000 	C:\Program Files\Eclipse Adoptium\jdk-17.0.15.6-hotspot\bin\java.dll
0x00007ffb36e50000 - 0x00007ffb36f27000 	C:\Program Files\Eclipse Adoptium\jdk-17.0.15.6-hotspot\bin\jsvml.dll
0x00007ffb84170000 - 0x00007ffb848ba000 	C:\WINDOWS\System32\SHELL32.dll
0x00007ffb81fe0000 - 0x00007ffb82154000 	C:\WINDOWS\System32\wintypes.dll
0x00007ffb7f6d0000 - 0x00007ffb7ff2b000 	C:\WINDOWS\SYSTEM32\windows.storage.dll
0x00007ffb830a0000 - 0x00007ffb83195000 	C:\WINDOWS\System32\SHCORE.dll
0x00007ffb83ef0000 - 0x00007ffb83f5a000 	C:\WINDOWS\System32\shlwapi.dll
0x00007ffb81960000 - 0x00007ffb8198f000 	C:\WINDOWS\SYSTEM32\profapi.dll
0x00007ffb61ba0000 - 0x00007ffb61bb9000 	C:\Program Files\Eclipse Adoptium\jdk-17.0.15.6-hotspot\bin\net.dll
0x00007ffb772e0000 - 0x00007ffb773fe000 	C:\WINDOWS\SYSTEM32\WINHTTP.dll
0x00007ffb80d80000 - 0x00007ffb80dea000 	C:\WINDOWS\system32\mswsock.dll
0x00007ffb5e3f0000 - 0x00007ffb5e406000 	C:\Program Files\Eclipse Adoptium\jdk-17.0.15.6-hotspot\bin\nio.dll
0x00007ffb6a510000 - 0x00007ffb6a528000 	C:\Program Files\Eclipse Adoptium\jdk-17.0.15.6-hotspot\bin\zip.dll
0x000002873cb50000 - 0x000002873cb54000 	C:\Program Files\Eclipse Adoptium\jdk-17.0.15.6-hotspot\bin\api-ms-win-core-console-l1-1-0.dll
0x000002873cb60000 - 0x000002873cb64000 	C:\Program Files\Eclipse Adoptium\jdk-17.0.15.6-hotspot\bin\api-ms-win-core-datetime-l1-1-0.dll
0x000002873cb70000 - 0x000002873cb74000 	C:\Program Files\Eclipse Adoptium\jdk-17.0.15.6-hotspot\bin\api-ms-win-core-debug-l1-1-0.dll
0x000002873cb80000 - 0x000002873cb84000 	C:\Program Files\Eclipse Adoptium\jdk-17.0.15.6-hotspot\bin\api-ms-win-core-errorhandling-l1-1-0.dll
0x000002873cb90000 - 0x000002873cb95000 	C:\Program Files\Eclipse Adoptium\jdk-17.0.15.6-hotspot\bin\api-ms-win-core-file-l1-1-0.dll
0x000002873cba0000 - 0x000002873cba4000 	C:\Program Files\Eclipse Adoptium\jdk-17.0.15.6-hotspot\bin\api-ms-win-core-file-l1-2-0.dll
0x000002873cbb0000 - 0x000002873cbb4000 	C:\Program Files\Eclipse Adoptium\jdk-17.0.15.6-hotspot\bin\api-ms-win-core-file-l2-1-0.dll
0x0000028761d20000 - 0x0000028761d24000 	C:\Program Files\Eclipse Adoptium\jdk-17.0.15.6-hotspot\bin\api-ms-win-core-handle-l1-1-0.dll
0x0000028761d30000 - 0x0000028761d34000 	C:\Program Files\Eclipse Adoptium\jdk-17.0.15.6-hotspot\bin\api-ms-win-core-heap-l1-1-0.dll
0x0000028761d40000 - 0x0000028761d44000 	C:\Program Files\Eclipse Adoptium\jdk-17.0.15.6-hotspot\bin\api-ms-win-core-interlocked-l1-1-0.dll
0x0000028761d50000 - 0x0000028761d54000 	C:\Program Files\Eclipse Adoptium\jdk-17.0.15.6-hotspot\bin\api-ms-win-core-libraryloader-l1-1-0.dll
0x0000028761d60000 - 0x0000028761d64000 	C:\Program Files\Eclipse Adoptium\jdk-17.0.15.6-hotspot\bin\api-ms-win-core-localization-l1-2-0.dll
0x0000028761d70000 - 0x0000028761d74000 	C:\Program Files\Eclipse Adoptium\jdk-17.0.15.6-hotspot\bin\api-ms-win-core-memory-l1-1-0.dll
0x0000028761d80000 - 0x0000028761d84000 	C:\Program Files\Eclipse Adoptium\jdk-17.0.15.6-hotspot\bin\api-ms-win-core-namedpipe-l1-1-0.dll
0x0000028761d90000 - 0x0000028761d94000 	C:\Program Files\Eclipse Adoptium\jdk-17.0.15.6-hotspot\bin\api-ms-win-core-processenvironment-l1-1-0.dll
0x0000028761da0000 - 0x0000028761da4000 	C:\Program Files\Eclipse Adoptium\jdk-17.0.15.6-hotspot\bin\api-ms-win-core-processthreads-l1-1-0.dll
0x0000028761db0000 - 0x0000028761db4000 	C:\Program Files\Eclipse Adoptium\jdk-17.0.15.6-hotspot\bin\api-ms-win-core-processthreads-l1-1-1.dll
0x0000028761dc0000 - 0x0000028761dc4000 	C:\Program Files\Eclipse Adoptium\jdk-17.0.15.6-hotspot\bin\api-ms-win-core-profile-l1-1-0.dll
0x0000028761dd0000 - 0x0000028761dd4000 	C:\Program Files\Eclipse Adoptium\jdk-17.0.15.6-hotspot\bin\api-ms-win-core-rtlsupport-l1-1-0.dll
0x0000028761de0000 - 0x0000028761de4000 	C:\Program Files\Eclipse Adoptium\jdk-17.0.15.6-hotspot\bin\api-ms-win-core-string-l1-1-0.dll
0x0000028761df0000 - 0x0000028761df4000 	C:\Program Files\Eclipse Adoptium\jdk-17.0.15.6-hotspot\bin\api-ms-win-core-synch-l1-1-0.dll
0x0000028761e00000 - 0x0000028761e04000 	C:\Program Files\Eclipse Adoptium\jdk-17.0.15.6-hotspot\bin\api-ms-win-core-synch-l1-2-0.dll
0x0000028761e10000 - 0x0000028761e14000 	C:\Program Files\Eclipse Adoptium\jdk-17.0.15.6-hotspot\bin\api-ms-win-core-sysinfo-l1-1-0.dll
0x0000028761e20000 - 0x0000028761e24000 	C:\Program Files\Eclipse Adoptium\jdk-17.0.15.6-hotspot\bin\api-ms-win-core-timezone-l1-1-0.dll
0x0000028761e30000 - 0x0000028761e34000 	C:\Program Files\Eclipse Adoptium\jdk-17.0.15.6-hotspot\bin\api-ms-win-core-util-l1-1-0.dll
0x0000028761e40000 - 0x0000028761e44000 	C:\Program Files\Eclipse Adoptium\jdk-17.0.15.6-hotspot\bin\api-ms-win-crt-conio-l1-1-0.dll
0x0000028761e50000 - 0x0000028761e55000 	C:\Program Files\Eclipse Adoptium\jdk-17.0.15.6-hotspot\bin\api-ms-win-crt-convert-l1-1-0.dll
0x0000028761e60000 - 0x0000028761e64000 	C:\Program Files\Eclipse Adoptium\jdk-17.0.15.6-hotspot\bin\api-ms-win-crt-environment-l1-1-0.dll
0x0000028761e70000 - 0x0000028761e74000 	C:\Program Files\Eclipse Adoptium\jdk-17.0.15.6-hotspot\bin\api-ms-win-crt-filesystem-l1-1-0.dll
0x0000028761e80000 - 0x0000028761e84000 	C:\Program Files\Eclipse Adoptium\jdk-17.0.15.6-hotspot\bin\api-ms-win-crt-heap-l1-1-0.dll
0x0000028761e90000 - 0x0000028761e94000 	C:\Program Files\Eclipse Adoptium\jdk-17.0.15.6-hotspot\bin\api-ms-win-crt-locale-l1-1-0.dll
0x0000028761ea0000 - 0x0000028761ea6000 	C:\Program Files\Eclipse Adoptium\jdk-17.0.15.6-hotspot\bin\api-ms-win-crt-math-l1-1-0.dll
0x0000028761eb0000 - 0x0000028761eb6000 	C:\Program Files\Eclipse Adoptium\jdk-17.0.15.6-hotspot\bin\api-ms-win-crt-multibyte-l1-1-0.dll
0x0000028761ec0000 - 0x0000028761ed1000 	C:\Program Files\Eclipse Adoptium\jdk-17.0.15.6-hotspot\bin\api-ms-win-crt-private-l1-1-0.dll
0x0000028761ee0000 - 0x0000028761ee4000 	C:\Program Files\Eclipse Adoptium\jdk-17.0.15.6-hotspot\bin\api-ms-win-crt-process-l1-1-0.dll
0x0000028761ef0000 - 0x0000028761ef5000 	C:\Program Files\Eclipse Adoptium\jdk-17.0.15.6-hotspot\bin\api-ms-win-crt-runtime-l1-1-0.dll
0x0000028761f00000 - 0x0000028761f05000 	C:\Program Files\Eclipse Adoptium\jdk-17.0.15.6-hotspot\bin\api-ms-win-crt-stdio-l1-1-0.dll
0x0000028761f10000 - 0x0000028761f15000 	C:\Program Files\Eclipse Adoptium\jdk-17.0.15.6-hotspot\bin\api-ms-win-crt-string-l1-1-0.dll
0x0000028761f20000 - 0x0000028761f24000 	C:\Program Files\Eclipse Adoptium\jdk-17.0.15.6-hotspot\bin\api-ms-win-crt-time-l1-1-0.dll
0x0000028761f30000 - 0x0000028761f34000 	C:\Program Files\Eclipse Adoptium\jdk-17.0.15.6-hotspot\bin\api-ms-win-crt-utility-l1-1-0.dll
0x00007ffb5e690000 - 0x00007ffb5e7db000 	C:\Program Files\Eclipse Adoptium\jdk-17.0.15.6-hotspot\bin\ucrtbase.dll
0x00007ffb5e640000 - 0x00007ffb5e68d000 	C:\Windows\System32\concrt140.dll
0x00007ffb7c420000 - 0x00007ffb7c443000 	C:\Users\emile\.openjfx\cache\12.0.1\prism_d3d.dll
0x00007ffb4d550000 - 0x00007ffb4d70a000 	C:\WINDOWS\system32\d3d9.dll
0x00007ffb7eb00000 - 0x00007ffb7eb36000 	C:\WINDOWS\SYSTEM32\dwmapi.dll
0x00007ffb7e8e0000 - 0x00007ffb7e92d000 	C:\WINDOWS\SYSTEM32\dxcore.dll
0x00007ffb7e7e0000 - 0x00007ffb7e88f000 	C:\WINDOWS\system32\uxtheme.dll
0x00007ffb7b5c0000 - 0x00007ffb7b682000 	C:\WINDOWS\System32\DriverStore\FileRepository\nvmdi.inf_amd64_a2eeb2756802bbd3\nvldumdx.dll
0x00007ffb81090000 - 0x00007ffb810a3000 	C:\WINDOWS\SYSTEM32\msasn1.dll
0x00007ffb7b560000 - 0x00007ffb7b59b000 	C:\WINDOWS\SYSTEM32\cryptnet.dll
0x00007ffb822b0000 - 0x00007ffb82427000 	C:\WINDOWS\System32\CRYPT32.dll
0x00007ffb815f0000 - 0x00007ffb815fc000 	C:\WINDOWS\SYSTEM32\cryptbase.dll
0x00007ffb81100000 - 0x00007ffb8116b000 	C:\WINDOWS\SYSTEM32\wldp.dll
0x00007ffb7b3c0000 - 0x00007ffb7b53c000 	C:\WINDOWS\SYSTEM32\drvstore.dll
0x00007ffb81600000 - 0x00007ffb8162d000 	C:\WINDOWS\SYSTEM32\devobj.dll
0x00007ffb81630000 - 0x00007ffb81687000 	C:\WINDOWS\SYSTEM32\cfgmgr32.dll
0x00007ffb82430000 - 0x00007ffb824b4000 	C:\WINDOWS\System32\wintrust.dll
0x00007ffb83a30000 - 0x00007ffb83a50000 	C:\WINDOWS\System32\imagehlp.dll
0x00007ffb81030000 - 0x00007ffb8104b000 	C:\WINDOWS\SYSTEM32\CRYPTSP.dll
0x00007ffb80750000 - 0x00007ffb8078b000 	C:\WINDOWS\system32\rsaenh.dll
0x00007ffb81930000 - 0x00007ffb81956000 	C:\WINDOWS\SYSTEM32\bcrypt.dll
0x00007ffb77570000 - 0x00007ffb7ad0b000 	C:\WINDOWS\System32\DriverStore\FileRepository\nvmdi.inf_amd64_a2eeb2756802bbd3\nvgpucomp64.dll
0x00007ffb827f0000 - 0x00007ffb8298e000 	C:\WINDOWS\System32\ole32.dll
0x00007ffb76ed0000 - 0x00007ffb76fa7000 	C:\WINDOWS\System32\DriverStore\FileRepository\nvmdi.inf_amd64_a2eeb2756802bbd3\NvMemMapStoragex.dll
0x00007ffaf3440000 - 0x00007ffaf5507000 	C:\WINDOWS\System32\DriverStore\FileRepository\nvmdi.inf_amd64_a2eeb2756802bbd3\nvd3dumx.dll
0x00007ffb7e930000 - 0x00007ffb7e994000 	C:\WINDOWS\SYSTEM32\directxdatabasehelper.dll
0x00007ffb5bdb0000 - 0x00007ffb5bdf5000 	C:\Users\emile\.openjfx\cache\12.0.1\glass.dll
0x00007ffb829b0000 - 0x00007ffb82aa8000 	C:\WINDOWS\System32\COMDLG32.dll
0x00007ffb82e80000 - 0x00007ffb82fe0000 	C:\WINDOWS\System32\MSCTF.dll
0x00007ffb80df0000 - 0x00007ffb80e17000 	C:\WINDOWS\SYSTEM32\gpapi.dll
0x00007ffb38760000 - 0x00007ffb38914000 	C:\WINDOWS\System32\DriverStore\FileRepository\nvmdi.inf_amd64_a2eeb2756802bbd3\nvppex.dll
0x00007ffb7c3e0000 - 0x00007ffb7c3f4000 	C:\Users\emile\.openjfx\cache\12.0.1\javafx_font.dll
0x00007ffb7d130000 - 0x00007ffb7d39b000 	C:\WINDOWS\SYSTEM32\dwrite.dll
0x00007ffb826d0000 - 0x00007ffb82778000 	C:\WINDOWS\System32\clbcatq.dll
0x00007ffb7ced0000 - 0x00007ffb7d10b000 	C:\WINDOWS\SYSTEM32\WindowsCodecs.dll
0x00007ffb5dbe0000 - 0x00007ffb5dc3a000 	C:\WINDOWS\system32\dataexchange.dll
0x00007ffb76af0000 - 0x00007ffb76d28000 	C:\WINDOWS\system32\twinapi.appcore.dll
0x00007ffb66e10000 - 0x00007ffb66e3c000 	C:\Program Files\Common Files\Microsoft Shared\Ink\rtscom.dll
0x00007ffb5fdd0000 - 0x00007ffb5ff20000 	C:\WINDOWS\SYSTEM32\textinputframework.dll
0x00007ffb7e2f0000 - 0x00007ffb7e415000 	C:\WINDOWS\SYSTEM32\CoreMessaging.dll
0x00007ffb7bca0000 - 0x00007ffb7bf83000 	C:\WINDOWS\SYSTEM32\CoreUIComponents.dll
0x00007ffb7d610000 - 0x00007ffb7dc53000 	C:\WINDOWS\SYSTEM32\d2d1.dll

dbghelp: loaded successfully - version: 4.0.5 - missing functions: none
symbol engine: initialized successfully - sym options: 0x614 - pdb path: .;C:\Program Files\Eclipse Adoptium\jdk-17.0.15.6-hotspot\bin;C:\WINDOWS\SYSTEM32;C:\WINDOWS\WinSxS\amd64_microsoft.windows.common-controls_6595b64144ccf1df_6.0.26100.4484_none_3e0e6d4ce32ef3b3;C:\Program Files\Eclipse Adoptium\jdk-17.0.15.6-hotspot\bin\server;C:\Users\emile\.openjfx\cache\12.0.1;C:\WINDOWS\System32\DriverStore\FileRepository\nvmdi.inf_amd64_a2eeb2756802bbd3;C:\Program Files\Common Files\Microsoft Shared\Ink

VM Arguments:
jvm_args: --add-modules=javafx.controls --module-path=C:\Users\emile\.gradle\caches\modules-2\files-2.1\org.openjfx\javafx-controls\12.0.1\838555460c025b8df0fbc0fa03bf3f3767698f89\javafx-controls-12.0.1-win.jar;C:\Users\emile\.gradle\caches\modules-2\files-2.1\org.openjfx\javafx-graphics\12.0.1\18a01ffdd4edb82e7da3bc99937c6a608d1eaaa6\javafx-graphics-12.0.1-win.jar;C:\Users\emile\.gradle\caches\modules-2\files-2.1\org.openjfx\javafx-base\12.0.1\6f5947b255bb26e072862b3bb0c32d54d8effe84\javafx-base-12.0.1-win.jar -Dfile.encoding=windows-1252 -Duser.country=FR -Duser.language=fr -Duser.variant 
java_command: game.Main
java_class_path (initial): C:\Users\emile\IdeaProjects\projet-aout2\build\classes\java\main;C:\Users\emile\IdeaProjects\projet-aout2\build\resources\main;C:\Users\emile\.gradle\caches\modules-2\files-2.1\org.openjfx\javafx-controls\12.0.1\838555460c025b8df0fbc0fa03bf3f3767698f89\javafx-controls-12.0.1-win.jar;C:\Users\emile\.gradle\caches\modules-2\files-2.1\org.openjfx\javafx-graphics\12.0.1\18a01ffdd4edb82e7da3bc99937c6a608d1eaaa6\javafx-graphics-12.0.1-win.jar;C:\Users\emile\.gradle\caches\modules-2\files-2.1\org.openjfx\javafx-graphics\12.0.1\19ec56a15d7dd9c49112912547425b718485d7db\javafx-graphics-12.0.1.jar;C:\Users\emile\.gradle\caches\modules-2\files-2.1\org.openjfx\javafx-base\12.0.1\6f5947b255bb26e072862b3bb0c32d54d8effe84\javafx-base-12.0.1-win.jar;C:\Users\emile\.gradle\caches\modules-2\files-2.1\org.openjfx\javafx-base\12.0.1\6abae81d00e0c6f4fde02e2666f9c0b989ff47e4\javafx-base-12.0.1.jar
Launcher Type: SUN_STANDARD

[Global flags]
     intx CICompilerCount                          = 3                                         {product} {ergonomic}
     uint ConcGCThreads                            = 2                                         {product} {ergonomic}
     uint G1ConcRefinementThreads                  = 6                                         {product} {ergonomic}
   size_t G1HeapRegionSize                         = 2097152                                   {product} {ergonomic}
    uintx GCDrainStackTargetSize                   = 64                                        {product} {ergonomic}
   size_t InitialHeapSize                          = 268435456                                 {product} {ergonomic}
   size_t MarkStackSize                            = 4194304                                   {product} {ergonomic}
   size_t MaxHeapSize                              = 4278190080                                {product} {ergonomic}
   size_t MaxNewSize                               = 2566914048                                {product} {ergonomic}
   size_t MinHeapDeltaBytes                        = 2097152                                   {product} {ergonomic}
   size_t MinHeapSize                              = 8388608                                   {product} {ergonomic}
    uintx NonNMethodCodeHeapSize                   = 5832780                                {pd product} {ergonomic}
    uintx NonProfiledCodeHeapSize                  = 122912730                              {pd product} {ergonomic}
    uintx ProfiledCodeHeapSize                     = 122912730                              {pd product} {ergonomic}
    uintx ReservedCodeCacheSize                    = 251658240                              {pd product} {ergonomic}
     bool SegmentedCodeCache                       = true                                      {product} {ergonomic}
   size_t SoftMaxHeapSize                          = 4278190080                             {manageable} {ergonomic}
     bool UseCompressedClassPointers               = true                           {product lp64_product} {ergonomic}
     bool UseCompressedOops                        = true                           {product lp64_product} {ergonomic}
     bool UseG1GC                                  = true                                      {product} {ergonomic}
     bool UseLargePagesIndividualAllocation        = false                                  {pd product} {ergonomic}

Logging:
Log output configuration:
 #0: stdout all=warning uptime,level,tags
 #1: stderr all=off uptime,level,tags

Environment Variables:
PATH=C:\Program Files\Eclipse Adoptium\jdk-17.0.15.6-hotspot\bin;C:\Gradle\gradle-8.14.3\bin;C:\WINDOWS\system32;C:\WINDOWS;C:\WINDOWS\System32\Wbem;C:\WINDOWS\System32\WindowsPowerShell\v1.0\;C:\WINDOWS\System32\OpenSSH\;C:\Program Files\dotnet\;C:\Program Files (x86)\NVIDIA Corporation\PhysX\Common;C:\Program Files\Git\cmd;C:\Users\emile\AppData\Local\Microsoft\WindowsApps;;C:\Program Files\JetBrains\IntelliJ IDEA Community Edition 2025.1.3\bin;
USERNAME=emile
OS=Windows_NT
PROCESSOR_IDENTIFIER=Intel64 Family 6 Model 158 Stepping 10, GenuineIntel
TMP=C:\Users\emile\AppData\Local\Temp
TEMP=C:\Users\emile\AppData\Local\Temp



Periodic native trim disabled


---------------  S Y S T E M  ---------------

OS:
 Windows 11 , 64 bit Build 26100 (10.0.26100.4484)
OS uptime: 10 days 5:05 hours

CPU: total 6 (initial active 6) (6 cores per cpu, 1 threads per core) family 6 model 158 stepping 10 microcode 0xde, cx8, cmov, fxsr, mmx, 3dnowpref, sse, sse2, sse3, ssse3, sse4.1, sse4.2, popcnt, lzcnt, tsc, tscinvbit, avx, avx2, aes, erms, clmul, bmi1, bmi2, adx, fma, vzeroupper, clflush, clflushopt
Processor Information for all 6 processors :
  Max Mhz: 2904, Current Mhz: 2904, Mhz Limit: 2904

Memory: 4k page, system-wide physical 16318M (7647M free)
TotalPageFile size 17342M (AvailPageFile size 6388M)
current process WorkingSet (physical memory assigned to process): 151M, peak: 200M
current process commit charge ("private bytes"): 457M, peak: 508M

vm_info: OpenJDK 64-Bit Server VM (17.0.15+6) for windows-amd64 JRE (17.0.15+6), built on Apr 15 2025 21:25:47 by "admin" with MS VC++ 17.7 (VS2022)

END.
