#
# A fatal error has been detected by the Java Runtime Environment:
#
#  EXCEPTION_ACCESS_VIOLATION (0xc0000005) at pc=0x00007ffd5757b806, pid=11684, tid=2884
#
# JRE version: OpenJDK Runtime Environment Temurin-17.0.16+8 (17.0.16+8) (build 17.0.16+8)
# Java VM: OpenJDK 64-Bit Server VM Temurin-17.0.16+8 (17.0.16+8, mixed mode, sharing, tiered, compressed oops, compressed class ptrs, g1 gc, windows-amd64)
# Problematic frame:
# C  [glass.dll+0x1b806]
#
# No core dump will be written. Minidumps are not enabled by default on client versions of Windows
#
# If you would like to submit a bug report, please visit:
#   https://github.com/adoptium/adoptium-support/issues
# The crash happened outside the Java Virtual Machine in native code.
# See problematic frame for where to report the bug.
#

---------------  S U M M A R Y ------------

Command Line: --add-modules=javafx.controls --module-path=C:\Users\emile\.gradle\caches\modules-2\files-2.1\org.openjfx\javafx-controls\12.0.1\838555460c025b8df0fbc0fa03bf3f3767698f89\javafx-controls-12.0.1-win.jar;C:\Users\emile\.gradle\caches\modules-2\files-2.1\org.openjfx\javafx-graphics\12.0.1\18a01ffdd4edb82e7da3bc99937c6a608d1eaaa6\javafx-graphics-12.0.1-win.jar;C:\Users\emile\.gradle\caches\modules-2\files-2.1\org.openjfx\javafx-base\12.0.1\6f5947b255bb26e072862b3bb0c32d54d8effe84\javafx-base-12.0.1-win.jar -Dfile.encoding=windows-1252 -Duser.country=FR -Duser.language=fr -Duser.variant game.Main

Host: Intel(R) Core(TM) i7-10870H CPU @ 2.20GHz, 16 cores, 15G,  Windows 11 , 64 bit Build 26100 (10.0.26100.4202)
Time: Fri Aug  8 14:05:31 2025 Paris, Madrid (heure duild 26100 (10.0.26100.4202) elapsed time: 19.879286 seconds (0d 0h 0m 19s)

---------------  T H R E A D  ---------------

Current thread (0x000001d1f6bf0500):  JavaThread "JavaFX Application Thread" [_thread_in_native, id=2884, stack(0x0000008685400000,0x0000008685500000)]

Stack: [0x0000008685400000,0x0000008685500000],  sp=0x00000086854fde70,  free space=1015k
Native frames: (J=compiled Java code, j=interpreted, Vv=VM code, C=native code)
C  [glass.dll+0x1b806]

Java frames: (J=compiled Java code, j=interpreted, Vv=VM code)
j  com.sun.glass.ui.win.WinWindow._close(J)Z+0 javafx.graphics
j  com.sun.glass.ui.Window.close()V+63 javafx.graphics
j  com.sun.glass.ui.win.WinWindow.close()V+8 javafx.graphics
j  com.sun.glass.ui.Application.terminate()V+75 javafx.graphics
j  com.sun.javafx.tk.quantum.QuantumToolkit.lambda$exit$13()Ljava/lang/Object;+5 javafx.graphics
j  com.sun.javafx.tk.quantum.QuantumToolkit$$Lambda$497+0x000001d1811e9d48.get()Ljava/lang/Object;+0 javafx.graphics
j  com.sun.javafx.tk.quantum.QuantumToolkit.runWithRenderLock(Ljava/util/function/Supplier;)Ljava/lang/Object;+7 javafx.graphics
j  com.sun.javafx.tk.quantum.QuantumToolkit.exit()V+26 javafx.graphics
j  com.sun.javafx.application.PlatformImpl.lambda$tkExit$16()V+3 javafx.graphics
j  com.sun.javafx.application.PlatformImpl$$Lambda$496+0x000001d1811e9b30.run()V+0 javafx.graphics
j  com.sun.javafx.application.PlatformImpl.lambda$runAndWait$12(Ljava/lang/Runnable;Ljava/util/concurrent/CountDownLatch;)V+1 javafx.graphics
j  com.sun.javafx.application.PlatformImpl$$Lambda$82+0x000001d18103d6a0.run()V+8 javafx.graphics
j  com.sun.javafx.application.PlatformImpl.lambda$runLater$10(Ljava/lang/Runnable;)Ljava/lang/Void;+1 javafx.graphics
j  com.sun.javafx.application.PlatformImpl$$Lambda$84+0x000001d18103e910.run()Ljava/lang/Object;+4 javafx.graphics
J 2597 c1 java.security.AccessController.doPrivileged(Ljava/security/PrivilegedAction;Ljava/security/AccessControlContext;)Ljava/lang/Object; java.base@17.0.16 (17 bytes) @ 0x000001d1d59139d4 [0x000001d1d5913800+0x00000000000001d4]
j  com.sun.javafx.application.PlatformImpl.lambda$runLater$11(Ljava/lang/Runnable;Ljava/security/AccessControlContext;)V+7 javafx.graphics
j  com.sun.javafx.application.PlatformImpl$$Lambda$83+0x000001d18103dca8.run()V+8 javafx.graphics
J 3017 c1 com.sun.glass.ui.InvokeLaterDispatcher$Future.run()V javafx.graphics (91 bytes) @ 0x000001d1d59fd394 [0x000001d1d59fd280+0x0000000000000114]
v  ~StubRoutines::call_stub
j  com.sun.glass.ui.win.WinApplication._runLoop(Ljava/lang/Runnable;)V+0 javafx.graphics
j  com.sun.glass.ui.win.WinApplication.lambda$runLoop$3(ILjava/lang/Runnable;)V+8 javafx.graphics
j  com.sun.glass.ui.win.WinApplication$$Lambda$72+0x000001d18102c240.run()V+12 javafx.graphics
j  java.lang.Thread.run()V+11 java.base@17.0.16
v  ~StubRoutines::call_stub

siginfo: EXCEPTION_ACCESS_VIOLATION (0xc0000005), reading address 0x0000000000000130


Registers:
RAX=0x0000000000000000, RBX=0x0000000000000000, RCX=0x0000000000000000, RDX=0x0000000000000000
RSP=0x00000086854fde70, RBP=0x0000000000000000, RSI=0x000001d1f6bf15a0, RDI=0x00000086854fe200
R8 =0x00000086854fe200, R9 =0x0000000000000000, R10=0x00007ffd57588c48, R11=0x0000000000000246
R12=0x0000000000000000, R13=0x0000000000000000, R14=0x0000000000000000, R15=0x0000000000000000
RIP=0x00007ffd5757b806, EFLAGS=0x0000000000010202

XMM[0]=0x0000000000000000 0x0000000000000000
XMM[1]=0x0000000000000000 0x0000000000000000
XMM[2]=0x0000000000000000 0x0000000000000000
XMM[3]=0x0000000000000000 0x0000000000000000
XMM[4]=0x0000000000000000 0x0000000000000000
XMM[5]=0x0000000000000000 0x0000000000000000
XMM[6]=0x0000000000000000 0x0000000000000000
XMM[7]=0x0000000000000000 0x0000000000000000
XMM[8]=0x0000000000000000 0x0000000000000000
XMM[9]=0x0000000000000000 0x0000000000000000
XMM[10]=0x0000000000000000 0x0000000000000000
XMM[11]=0x0000000000000000 0x0000000000000000
XMM[12]=0x0000000000000000 0x0000000000000000
XMM[13]=0x0000000000000000 0x0000000000000000
XMM[14]=0x0000000000000000 0x0000000000000000
XMM[15]=0x0000000000000000 0x0000000000000000
  MXCSR=0x00001fa7


Register to memory mapping:

RIP=0x00007ffd5757b806 glass.dll
RAX=0x0 is NULL
RBX=0x0 is NULL
RCX=0x0 is NULL
RDX=0x0 is NULL
RSP=0x00000086854fde70 is pointing into the stack for thread: 0x000001d1f6bf0500
RBP=0x0 is NULL
RSI=0x000001d1f6bf15a0 points into unknown readable memory: 0x00007ffd57588c48 | 48 8c 58 57 fd 7f 00 00
RDI=0x00000086854fe200 is pointing into the stack for thread: 0x000001d1f6bf0500
R8 =0x00000086854fe200 is pointing into the stack for thread: 0x000001d1f6bf0500
R9 =0x0 is NULL
R10=0x00007ffd57588c48 glass.dll
R11=0x0000000000000246 is an unknown value
R12=0x0 is NULL
R13=0x0 is NULL
R14=0x0 is NULL
R15=0x0 is NULL


Top of Stack: (sp=0x00000086854fde70)
0x00000086854fde70:   00000000854fe200 00007ffd575875a0
0x00000086854fde80:   0000000000000000 00007ffd70e7df73
0x00000086854fde90:   00000086854fe200 00007ffd5757a241
0x00000086854fdea0:   0000000000007ff4 0000000000000401
0x00000086854fdeb0:   000001d1f6bf15a0 0000000000000000
0x00000086854fdec0:   00000086854fe200 00007ffd5756a29d
0x00000086854fded0:   0000000000000401 00000086854fe200
0x00000086854fdee0:   00000000854fe200 000000000000000b
0x00000086854fdef0:   fffffffffffffffe 00007ffd575875a0
0x00000086854fdf00:   0000000000000000 00007ffd57561808
0x00000086854fdf10:   000001d1f6bf15a0 00000086854fe200
0x00000086854fdf20:   0000000000000401 000000000007048c
0x00000086854fdf30:   0000000080000022 00007ffd70e7d159
0x00000086854fdf40:   0000000000000000 00000086854fe108
0x00000086854fdf50:   0000000000000001 0000000000000401
0x00000086854fdf60:   000001d1f6043470 000001d1f6043478
0x00000086854fdf70:   000001d180485d00 00007ffc00000004
0x00000086854fdf80:   0000000000000000 0000000000000000
0x00000086854fdf90:   0000000100000000 000001d180000022
0x00000086854fdfa0:   000001d100000000 0000000000000000
0x00000086854fdfb0:   0000000000000000 00007ffcbfae75c8
0x00000086854fdfc0:   000001d1f6043478 000001d1f6bf0500
0x00000086854fdfd0:   000001d1f14c8540 0000000000000001
0x00000086854fdfe0:   000001d1f24e2901 000001d1f6bf0500
0x00000086854fdff0:   00007ffcbfda8c98 0000005000000000
0x00000086854fe000:   000000000000002b 0000000000000000
0x00000086854fe010:   0000000000000000 0000000000000000
0x00000086854fe020:   0000000000000048 0000000000000001
0x00000086854fe030:   0000000000000000 0000000000000000
0x00000086854fe040:   0000000000000030 ffffffffffffffff
0x00000086854fe050:   ffffffffffffffff 00007ffd70e7cf35
0x00000086854fe060:   0000000000000000 00007f0065736f6c 

Instructions: (pc=0x00007ffd5757b806)
0x00007ffd5757b706:   85 c0 74 08 48 8b c8 e8 ee 00 00 00 48 c7 05 e3
0x00007ffd5757b716:   16 02 00 00 00 00 00 48 83 c4 28 c3 cc cc cc cc
0x00007ffd5757b726:   cc cc cc cc cc cc cc cc cc cc 48 89 5c 24 08 57
0x00007ffd5757b736:   48 83 ec 30 48 8b fa 48 8b d9 48 39 91 30 01 00
0x00007ffd5757b746:   00 0f 84 a5 00 00 00 e8 ae 00 00 00 48 8b 93 30
0x00007ffd5757b756:   01 00 00 48 85 d2 75 04 48 8b 53 08 48 89 54 24
0x00007ffd5757b766:   20 4c 8b c7 48 85 ff 75 04 4c 8b 43 08 48 8d 0d
0x00007ffd5757b776:   46 f9 00 00 4c 89 44 24 28 e8 3c 7f fe ff 48 8b
0x00007ffd5757b786:   4c 24 20 4c 8d 44 24 20 48 8d 15 db f7 ff ff ff
0x00007ffd5757b796:   15 d5 0f 02 00 48 8b 05 3e 13 02 00 48 85 c0 75
0x00007ffd5757b7a6:   04 33 c9 eb 03 8b 48 40 4c 8d 44 24 20 48 8d 15
0x00007ffd5757b7b6:   f6 f7 ff ff ff 15 b8 0f 02 00 48 89 bb 30 01 00
0x00007ffd5757b7c6:   00 e8 d4 35 00 00 4c 8b 05 ad 16 02 00 48 8b c8
0x00007ffd5757b7d6:   48 8b 93 c0 00 00 00 4c 8b cf e8 4b 98 fe ff e8
0x00007ffd5757b7e6:   b6 35 00 00 48 8b c8 e8 ce 34 00 00 48 8b 5c 24
0x00007ffd5757b7f6:   40 48 83 c4 30 5f c3 cc cc cc 40 57 48 83 ec 20
0x00007ffd5757b806:   48 8b 81 30 01 00 00 48 8b f9 48 85 c0 75 04 48
0x00007ffd5757b816:   8b 41 08 48 3b 05 e0 15 02 00 75 3b 48 89 5c 24
0x00007ffd5757b826:   30 e8 74 35 00 00 4c 8b 05 3d 16 02 00 48 8b c8
0x00007ffd5757b836:   48 8b 97 c0 00 00 00 48 8b d8 e8 eb 97 fe ff 48
0x00007ffd5757b846:   8b cb e8 73 34 00 00 48 8b 5c 24 30 48 c7 05 a3
0x00007ffd5757b856:   15 02 00 00 00 00 00 48 83 c4 20 5f c3 cc cc cc
0x00007ffd5757b866:   cc cc cc cc cc cc cc cc cc cc 40 53 48 83 ec 50
0x00007ffd5757b876:   48 8b 05 43 e9 01 00 48 33 c4 48 89 44 24 40 48
0x00007ffd5757b886:   8b d9 48 8b 49 08 ff 15 56 0e 02 00 85 c0 0f 85
0x00007ffd5757b896:   21 01 00 00 48 8b 4b 08 48 8d 54 24 30 ff 15 7f
0x00007ffd5757b8a6:   0c 02 00 48 8b 4b 08 48 8d 54 24 20 ff 15 d8 0c
0x00007ffd5757b8b6:   02 00 48 8b 4b 08 4c 8d 44 24 20 41 b9 02 00 00
0x00007ffd5757b8c6:   00 33 d2 ff 15 c9 0c 02 00 8b 44 24 24 2b 44 24
0x00007ffd5757b8d6:   34 44 8b 44 24 20 44 2b 44 24 30 8b 54 24 3c 2b
0x00007ffd5757b8e6:   54 24 2c 8b 4c 24 38 2b 4c 24 28 89 83 1c 01 00
0x00007ffd5757b8f6:   00 44 89 83 18 01 00 00 89 93 24 01 00 00 89 8b 


Stack slot to memory mapping:
stack at sp + 0 slots: 0x00000000854fe200 is an unknown value
stack at sp + 1 slots: 0x00007ffd575875a0 glass.dll
stack at sp + 2 slots: 0x0 is NULL
stack at sp + 3 slots: 0x00007ffd70e7df73 USER32.dll
stack at sp + 4 slots: 0x00000086854fe200 is pointing into the stack for thread: 0x000001d1f6bf0500
stack at sp + 5 slots: 0x00007ffd5757a241 glass.dll
stack at sp + 6 slots: 0x0000000000007ff4 is an unknown value
stack at sp + 7 slots: 0x0000000000000401 is an unknown value


Compiled method (c1)   19928 2597       3       java.security.AccessController::doPrivileged (17 bytes)
 total in heap  [0x000001d1d5913610,0x000001d1d5913d48] = 1848
 relocation     [0x000001d1d5913770,0x000001d1d59137f8] = 136
 main code      [0x000001d1d5913800,0x000001d1d5913b40] = 832
 stub code      [0x000001d1d5913b40,0x000001d1d5913bb8] = 120
 metadata       [0x000001d1d5913bb8,0x000001d1d5913bd0] = 24
 scopes data    [0x000001d1d5913bd0,0x000001d1d5913c80] = 176
 scopes pcs     [0x000001d1d5913c80,0x000001d1d5913d30] = 176
 dependencies   [0x000001d1d5913d30,0x000001d1d5913d38] = 8
 nul chk table  [0x000001d1d5913d38,0x000001d1d5913d48] = 16

[Constant Pool (empty)]

[MachCode]
[Verified Entry Point]
  # {method} {0x000001d180435f30} 'doPrivileged' '(Ljava/security/PrivilegedAction;Ljava/security/AccessControlContext;)Ljava/lang/Object;' in 'java/security/AccessController'
  # parm0:    rdx:rdx   = 'java/security/PrivilegedAction'
  # parm1:    r8:r8     = 'java/security/AccessControlContext'
  #           [sp+0x80]  (sp of caller)
  0x000001d1d5913800: 8984 2400 | 90ff ff55 | 4883 ec70 

  0x000001d1d591380c: ;   {metadata(method data for {method} {0x000001d180435f30} 'doPrivileged' '(Ljava/security/PrivilegedAction;Ljava/security/AccessControlContext;)Ljava/lang/Object;' in 'java/security/AccessController')}
  0x000001d1d591380c: 48be 601d | 2bf2 d101 | 0000 8bbe | cc00 0000 | 83c7 0289 | becc 0000 | 0081 e7fe | 0700 0083 
  0x000001d1d591382c: ff00 0f84 | 3c02 0000 | 4c89 4424 | 4048 8954 

  0x000001d1d591383c: ;   {metadata(method data for {method} {0x000001d180435f30} 'doPrivileged' '(Ljava/security/PrivilegedAction;Ljava/security/AccessControlContext;)Ljava/lang/Object;' in 'java/security/AccessController')}
  0x000001d1d591383c: 2448 48be | 601d 2bf2 | d101 0000 | 4883 8610 | 0100 0001 | 0f1f 8000 

  0x000001d1d5913854: ;   {static_call}
  0x000001d1d5913854: 0000 00e8 

  0x000001d1d5913858: ; ImmutableOopMap {[64]=Oop [72]=Oop }
                      ;*invokestatic getCallerClass {reexecute=0 rethrow=0 return_oop=0}
                      ; - java.security.AccessController::doPrivileged@0 (line 397)
  0x000001d1d5913858: 8462 7107 

  0x000001d1d591385c: ;   {metadata(method data for {method} {0x000001d180435f30} 'doPrivileged' '(Ljava/security/PrivilegedAction;Ljava/security/AccessControlContext;)Ljava/lang/Object;' in 'java/security/AccessController')}
  0x000001d1d591385c: 48ba 601d | 2bf2 d101 | 0000 4883 | 8220 0100 | 0001 488b | 5424 404c | 8bc0 4889 | 4424 500f 
  0x000001d1d591387c: ;   {static_call}
  0x000001d1d591387c: 1f40 00e8 

  0x000001d1d5913880: ; ImmutableOopMap {[72]=Oop [80]=Oop }
                      ;*invokestatic checkContext {reexecute=0 rethrow=0 return_oop=0}
                      ; - java.security.AccessController::doPrivileged@6 (line 398)
  0x000001d1d5913880: 9cd5 ffff | 4889 4424 

  0x000001d1d5913888: ;   {metadata(method data for {method} {0x000001d180435f30} 'doPrivileged' '(Ljava/security/PrivilegedAction;Ljava/security/AccessControlContext;)Ljava/lang/Object;' in 'java/security/AccessController')}
  0x000001d1d5913888: 5848 ba60 | 1d2b f2d1 | 0100 0048 | 8382 3001 

  0x000001d1d5913898: ;   {metadata(method data for {method} {0x000001d180435450} 'executePrivileged' '(Ljava/security/PrivilegedAction;Ljava/security/AccessControlContext;Ljava/lang/Class;)Ljava/lang/Object;' in 'java/security/AccessController')}
  0x000001d1d5913898: 0000 0148 | ba70 bb07 | f2d1 0100 | 008b b2cc | 0000 0083 | c602 89b2 | cc00 0000 | 81e6 feff 
  0x000001d1d59138b8: 1f00 83fe | 000f 84ce | 0100 0048 

  0x000001d1d59138c4: ;   {metadata(method data for {method} {0x000001d180435450} 'executePrivileged' '(Ljava/security/PrivilegedAction;Ljava/security/AccessControlContext;Ljava/lang/Class;)Ljava/lang/Object;' in 'java/security/AccessController')}
  0x000001d1d59138c4: 83f8 0048 | ba70 bb07 | f2d1 0100 | 0048 c7c6 | 1001 0000 | 0f84 0700 | 0000 48c7 | c620 0100 
  0x000001d1d59138e4: 0048 8b3c | 3248 8d7f | 0148 893c | 320f 841d 

  0x000001d1d59138f4: ;   {metadata(method data for {method} {0x000001d180435450} 'executePrivileged' '(Ljava/security/PrivilegedAction;Ljava/security/AccessControlContext;Ljava/lang/Class;)Ljava/lang/Object;' in 'java/security/AccessController')}
  0x000001d1d59138f4: 0000 0048 | ba70 bb07 | f2d1 0100 | 0048 8382 | 3001 0000 | 0148 8bd0 

  0x000001d1d591390c: ;   {static_call}
  0x000001d1d591390c: 6666 90e8 

  0x000001d1d5913910: ; ImmutableOopMap {[72]=Oop [80]=Oop [88]=Oop }
                      ;*invokestatic ensureMaterializedForStackWalk {reexecute=0 rethrow=0 return_oop=0}
                      ; - java.security.AccessController::executePrivileged@5 (line 772)
                      ; - java.security.AccessController::doPrivileged@13 (line 399)
  0x000001d1d5913910: 2c4b 7d07 

  0x000001d1d5913914: ;   {metadata(method data for {method} {0x000001d180435450} 'executePrivileged' '(Ljava/security/PrivilegedAction;Ljava/security/AccessControlContext;Ljava/lang/Class;)Ljava/lang/Object;' in 'java/security/AccessController')}
  0x000001d1d5913914: 48ba 70bb | 07f2 d101 | 0000 ff82 | 4001 0000 | 488b 5424 | 4848 3b02 

  0x000001d1d591392c: ;   {metadata(method data for {method} {0x000001d180435450} 'executePrivileged' '(Ljava/security/PrivilegedAction;Ljava/security/AccessControlContext;Ljava/lang/Class;)Ljava/lang/Object;' in 'java/security/AccessController')}
  0x000001d1d591392c: 488b f248 | bf70 bb07 | f2d1 0100 | 008b 7608 | 49ba 0000 | 0080 d101 | 0000 4903 | f248 3bb7 
  0x000001d1d591394c: b001 0000 | 750d 4883 | 87b8 0100 | 0001 e966 | 0000 0048 | 3bb7 c001 | 0000 750d | 4883 87c8 
  0x000001d1d591396c: 0100 0001 | e950 0000 | 0048 81bf | b001 0000 | 0000 0000 | 7517 4889 | b7b0 0100 | 0048 c787 
  0x000001d1d591398c: b801 0000 | 0100 0000 | e92c 0000 | 0048 81bf | c001 0000 | 0000 0000 | 7517 4889 | b7c0 0100 
  0x000001d1d59139ac: 0048 c787 | c801 0000 | 0100 0000 | e908 0000 | 0048 8387 | a001 0000 | 0148 b830 | c35a f6d1 
  0x000001d1d59139cc: ;   {virtual_call}
  0x000001d1d59139cc: 0100 00e8 

  0x000001d1d59139d0: ; ImmutableOopMap {[80]=Oop [88]=Oop }
                      ;*invokeinterface run {reexecute=0 rethrow=0 return_oop=0}
                      ; - java.security.AccessController::executePrivileged@29 (line 776)
                      ; - java.security.AccessController::doPrivileged@13 (line 399)
  0x000001d1d59139d0: bcd8 0807 

  0x000001d1d59139d4: ;   {metadata(method data for {method} {0x000001d180435450} 'executePrivileged' '(Ljava/security/PrivilegedAction;Ljava/security/AccessControlContext;Ljava/lang/Class;)Ljava/lang/Object;' in 'java/security/AccessController')}
  0x000001d1d59139d4: 48be 70bb | 07f2 d101 | 0000 ff86 | d801 0000 | 488b 7424 

  0x000001d1d59139e8: ;   {metadata(method data for {method} {0x000001d180435450} 'executePrivileged' '(Ljava/security/PrivilegedAction;Ljava/security/AccessControlContext;Ljava/lang/Class;)Ljava/lang/Object;' in 'java/security/AccessController')}
  0x000001d1d59139e8: 5048 bf70 | bb07 f2d1 | 0100 0048 | 8387 3802 

  0x000001d1d59139f8: ;   {metadata(method data for {method} {0x000001d1803dd6f8} 'reachabilityFence' '(Ljava/lang/Object;)V' in 'java/lang/ref/Reference')}
  0x000001d1d59139f8: 0000 0148 | bf88 8005 | f2d1 0100 | 008b 9fcc | 0000 0083 | c302 899f | cc00 0000 | 81e3 feff 
  0x000001d1d5913a18: 1f00 83fb | 000f 8494 

  0x000001d1d5913a20: ;   {metadata(method data for {method} {0x000001d180435450} 'executePrivileged' '(Ljava/security/PrivilegedAction;Ljava/security/AccessControlContext;Ljava/lang/Class;)Ljava/lang/Object;' in 'java/security/AccessController')}
  0x000001d1d5913a20: 0000 0048 | be70 bb07 | f2d1 0100 | 0048 8386 | 4802 0000 

  0x000001d1d5913a34: ;   {metadata(method data for {method} {0x000001d1803dd6f8} 'reachabilityFence' '(Ljava/lang/Object;)V' in 'java/lang/ref/Reference')}
  0x000001d1d5913a34: 0148 be88 | 8005 f2d1 | 0100 008b | becc 0000 | 0083 c702 | 89be cc00 | 0000 81e7 | feff 1f00 
  0x000001d1d5913a54: 83ff 000f | 847b 0000 | 0048 83c4 

  0x000001d1d5913a60: ;   {poll_return}
  0x000001d1d5913a60: 705d 493b | a748 0300 | 000f 878a | 0000 00c3 

  0x000001d1d5913a70: ;   {metadata({method} {0x000001d180435f30} 'doPrivileged' '(Ljava/security/PrivilegedAction;Ljava/security/AccessControlContext;)Ljava/lang/Object;' in 'java/security/AccessController')}
  0x000001d1d5913a70: 49ba 285f | 4380 d101 | 0000 4c89 | 5424 0848 | c704 24ff 

  0x000001d1d5913a84: ;   {runtime_call counter_overflow Runtime1 stub}
  0x000001d1d5913a84: ffff ffe8 

  0x000001d1d5913a88: ; ImmutableOopMap {rdx=Oop r8=Oop }
                      ;*synchronization entry
                      ; - java.security.AccessController::doPrivileged@-1 (line 397)
  0x000001d1d5913a88: f47d 0807 | e9a3 fdff 

  0x000001d1d5913a90: ;   {metadata({method} {0x000001d180435450} 'executePrivileged' '(Ljava/security/PrivilegedAction;Ljava/security/AccessControlContext;Ljava/lang/Class;)Ljava/lang/Object;' in 'java/security/AccessController')}
  0x000001d1d5913a90: ff49 ba48 | 5443 80d1 | 0100 004c | 8954 2408 | 48c7 0424 | ffff ffff 

  0x000001d1d5913aa8: ;   {runtime_call counter_overflow Runtime1 stub}
  0x000001d1d5913aa8: e8d3 7d08 

  0x000001d1d5913aac: ; ImmutableOopMap {[72]=Oop [80]=Oop rax=Oop [88]=Oop }
                      ;*synchronization entry
                      ; - java.security.AccessController::executePrivileged@-1 (line 771)
                      ; - java.security.AccessController::doPrivileged@13 (line 399)
  0x000001d1d5913aac: 07e9 11fe 

  0x000001d1d5913ab0: ;   {runtime_call throw_null_pointer_exception Runtime1 stub}
  0x000001d1d5913ab0: ffff e8e9 

  0x000001d1d5913ab4: ; ImmutableOopMap {[80]=Oop rdx=Oop [88]=Oop }
                      ;*invokeinterface run {reexecute=0 rethrow=0 return_oop=0}
                      ; - java.security.AccessController::executePrivileged@29 (line 776)
                      ; - java.security.AccessController::doPrivileged@13 (line 399)
                      ;   {metadata({method} {0x000001d1803dd6f8} 'reachabilityFence' '(Ljava/lang/Object;)V' in 'java/lang/ref/Reference')}
  0x000001d1d5913ab4: 2608 0749 | baf0 d63d | 80d1 0100 | 004c 8954 | 2408 48c7 | 0424 ffff 

  0x000001d1d5913acc: ;   {runtime_call counter_overflow Runtime1 stub}
  0x000001d1d5913acc: ffff e8ad 

  0x000001d1d5913ad0: ; ImmutableOopMap {rax=Oop rsi=Oop }
                      ;*synchronization entry
                      ; - java.lang.ref.Reference::reachabilityFence@-1 (line 621)
                      ; - java.security.AccessController::executePrivileged@56 (line 781)
                      ; - java.security.AccessController::doPrivileged@13 (line 399)
  0x000001d1d5913ad0: 7d08 07e9 | 4bff ffff 

  0x000001d1d5913ad8: ;   {metadata({method} {0x000001d1803dd6f8} 'reachabilityFence' '(Ljava/lang/Object;)V' in 'java/lang/ref/Reference')}
  0x000001d1d5913ad8: 49ba f0d6 | 3d80 d101 | 0000 4c89 | 5424 0848 | c704 24ff 

  0x000001d1d5913aec: ;   {runtime_call counter_overflow Runtime1 stub}
  0x000001d1d5913aec: ffff ffe8 

  0x000001d1d5913af0: ; ImmutableOopMap {rax=Oop }
                      ;*synchronization entry
                      ; - java.lang.ref.Reference::reachabilityFence@-1 (line 621)
                      ; - java.security.AccessController::executePrivileged@60 (line 782)
                      ; - java.security.AccessController::doPrivileged@13 (line 399)
  0x000001d1d5913af0: 8c7d 0807 | e964 ffff 

  0x000001d1d5913af8: ;   {internal_word}
  0x000001d1d5913af8: ff49 ba62 | 3a91 d5d1 | 0100 004d | 8997 6003 

  0x000001d1d5913b08: ;   {runtime_call SafepointBlob}
  0x000001d1d5913b08: 0000 e9f1 | 3efe 0690 | 9049 8b87 | d803 0000 | 49c7 87d8 | 0300 0000 | 0000 0049 | c787 e003 
  0x000001d1d5913b28: 0000 0000 | 0000 4883 

  0x000001d1d5913b30: ;   {runtime_call unwind_exception Runtime1 stub}
  0x000001d1d5913b30: c470 5de9 | c846 ff06 | f4f4 f4f4 | f4f4 f4f4 
[Stub Code]
  0x000001d1d5913b40: ;   {no_reloc}
  0x000001d1d5913b40: 0f1f 4400 

  0x000001d1d5913b44: ;   {static_stub}
  0x000001d1d5913b44: 0048 bb00 | 0000 0000 

  0x000001d1d5913b4c: ;   {runtime_call}
  0x000001d1d5913b4c: 0000 00e9 | fbff ffff 

  0x000001d1d5913b54: ;   {static_stub}
  0x000001d1d5913b54: 9048 bb00 | 0000 0000 

  0x000001d1d5913b5c: ;   {runtime_call}
  0x000001d1d5913b5c: 0000 00e9 | fbff ffff 

  0x000001d1d5913b64: ;   {static_stub}
  0x000001d1d5913b64: 9048 bb00 | 0000 0000 

  0x000001d1d5913b6c: ;   {runtime_call}
  0x000001d1d5913b6c: 0000 00e9 | fbff ffff 

  0x000001d1d5913b74: ;   {static_stub}
  0x000001d1d5913b74: 9048 bb00 | 0000 0000 

  0x000001d1d5913b7c: ;   {runtime_call}
  0x000001d1d5913b7c: 0000 00e9 | fbff ffff 
[Exception Handler]
  0x000001d1d5913b84: ;   {runtime_call handle_exception_from_callee Runtime1 stub}
  0x000001d1d5913b84: e8f7 4308 

  0x000001d1d5913b88: ;   {external_word}
  0x000001d1d5913b88: 0748 b9a0 | e9db bffc | 7f00 0048 

  0x000001d1d5913b94: ;   {runtime_call}
  0x000001d1d5913b94: 83e4 f049 | ba10 79a4 | bffc 7f00 | 0041 ffd2 

  0x000001d1d5913ba4: ;   {section_word}
  0x000001d1d5913ba4: f449 baa5 | 3b91 d5d1 | 0100 0041 

  0x000001d1d5913bb0: ;   {runtime_call DeoptimizationBlob}
  0x000001d1d5913bb0: 52e9 ea30 | fe06 f4f4 
[/MachCode]


Compiled method (c1)   19935 3017   !   3       com.sun.glass.ui.InvokeLaterDispatcher$Future::run (91 bytes)
 total in heap  [0x000001d1d59fd090,0x000001d1d59fda38] = 2472
 relocation     [0x000001d1d59fd1f0,0x000001d1d59fd270] = 128
 main code      [0x000001d1d59fd280,0x000001d1d59fd6e0] = 1120
 stub code      [0x000001d1d59fd6e0,0x000001d1d59fd748] = 104
 oops           [0x000001d1d59fd748,0x000001d1d59fd750] = 8
 metadata       [0x000001d1d59fd750,0x000001d1d59fd758] = 8
 scopes data    [0x000001d1d59fd758,0x000001d1d59fd810] = 184
 scopes pcs     [0x000001d1d59fd810,0x000001d1d59fd920] = 272
 dependencies   [0x000001d1d59fd920,0x000001d1d59fd928] = 8
 handler table  [0x000001d1d59fd928,0x000001d1d59fd9e8] = 192
 nul chk table  [0x000001d1d59fd9e8,0x000001d1d59fda38] = 80

[Constant Pool (empty)]

[MachCode]
[Entry Point]
  # {method} {0x000001d1f258e358} 'run' '()V' in 'com/sun/glass/ui/InvokeLaterDispatcher$Future'
  #           [sp+0x70]  (sp of caller)
  0x000001d1d59fd280: 448b 5208 | 49bb 0000 | 0080 d101 | 0000 4d03 | d34c 3bd0 

  0x000001d1d59fd294: ;   {runtime_call ic_miss_stub}
  0x000001d1d59fd294: 0f85 e63d | ef06 660f | 1f44 0000 
[Verified Entry Point]
  0x000001d1d59fd2a0: 8984 2400 | 90ff ff55 | 4883 ec60 

  0x000001d1d59fd2ac: ;   {metadata(method data for {method} {0x000001d1f258e358} 'run' '()V' in 'com/sun/glass/ui/InvokeLaterDispatcher$Future')}
  0x000001d1d59fd2ac: 48be 0000 | cbf2 d101 | 0000 8bbe | cc00 0000 | 83c7 0289 | becc 0000 | 0081 e7fe | 0700 0083 
  0x000001d1d59fd2cc: ff00 0f84 | fe02 0000 | 8b72 1048 | c1e6 0348 | 3b06 488b 

  0x000001d1d59fd2e0: ;   {metadata(method data for {method} {0x000001d1f258e358} 'run' '()V' in 'com/sun/glass/ui/InvokeLaterDispatcher$Future')}
  0x000001d1d59fd2e0: fe48 bb00 | 00cb f2d1 | 0100 008b | 7f08 49ba | 0000 0080 | d101 0000 | 4903 fa48 | 3bbb 2001 
  0x000001d1d59fd300: 0000 750d | 4883 8328 | 0100 0001 | e966 0000 | 0048 3bbb | 3001 0000 | 750d 4883 | 8338 0100 
  0x000001d1d59fd320: 0001 e950 | 0000 0048 | 81bb 2001 | 0000 0000 | 0000 7517 | 4889 bb20 | 0100 0048 | c783 2801 
  0x000001d1d59fd340: 0000 0100 | 0000 e92c | 0000 0048 | 81bb 3001 | 0000 0000 | 0000 7517 | 4889 bb30 | 0100 0048 
  0x000001d1d59fd360: c783 3801 | 0000 0100 | 0000 e908 | 0000 0048 | 8383 1001 | 0000 0148 | 8954 2420 | 488b d666 
  0x000001d1d59fd380: 0f1f 4400 | 0048 b8a0 | dedb fbd1 

  0x000001d1d59fd38c: ;   {virtual_call}
  0x000001d1d59fd38c: 0100 00e8 

  0x000001d1d59fd390: ; ImmutableOopMap {[32]=Oop }
                      ;*invokeinterface run {reexecute=0 rethrow=0 return_oop=0}
                      ; - com.sun.glass.ui.InvokeLaterDispatcher$Future::run@4 (line 96)
  0x000001d1d59fd390: fc3e fa06 | 488b 5424 | 208b 4214 | 48c1 e003 

  0x000001d1d59fd3a0: ; implicit exception: dispatches to 0x000001d1d59fd5f8
  0x000001d1d59fd3a0: 8bb0 7801 | 0000 48c1 | e603 488d | 7c24 4048 | 8977 0848 | 8b06 4883 | c801 4889 | 07f0 480f 
  0x000001d1d59fd3c0: b13e 0f84 | 1300 0000 | 482b c448 | 81e0 07f0 | ffff 4889 | 070f 8527 | 0200 0048 | 8974 2428 
  0x000001d1d59fd3e0: c642 0c01 | 8b52 1448 | c1e2 038b | 9278 0100 | 0048 c1e2 | 0348 3b02 

  0x000001d1d59fd3f8: ;   {metadata(method data for {method} {0x000001d1f258e358} 'run' '()V' in 'com/sun/glass/ui/InvokeLaterDispatcher$Future')}
  0x000001d1d59fd3f8: 488b fa48 | bb00 00cb | f2d1 0100 | 0048 8383 | 4801 0000 

  0x000001d1d59fd40c: ;   {optimized virtual_call}
  0x000001d1d59fd40c: 0166 90e8 

  0x000001d1d59fd410: ; ImmutableOopMap {[40]=Oop [72]=Oop }
                      ;*invokevirtual notifyAll {reexecute=0 rethrow=0 return_oop=0}
                      ; - com.sun.glass.ui.InvokeLaterDispatcher$Future::run@31 (line 100)
  0x000001d1d59fd410: 2c46 6407 | 488d 4424 | 4048 8b10 | 4885 d20f | 840f 0000 | 0048 8b70 | 08f0 480f | b116 0f85 
  0x000001d1d59fd430: eb01 0000 

  0x000001d1d59fd434: ;   {metadata(method data for {method} {0x000001d1f258e358} 'run' '()V' in 'com/sun/glass/ui/InvokeLaterDispatcher$Future')}
  0x000001d1d59fd434: 48b8 0000 | cbf2 d101 | 0000 ff80 | 8001 0000 | e9c0 0000 | 0049 8b87 | d803 0000 | 4d33 d24d 
  0x000001d1d59fd454: 8997 d803 | 0000 4d33 | d24d 8997 | e003 0000 | 8b72 1448 | c1e6 038b | b678 0100 | 0048 c1e6 
  0x000001d1d59fd474: 0348 8d7c | 2440 4889 | 4424 3048 | 8977 0848 | 8b06 4883 | c801 4889 | 07f0 480f | b13e 0f84 
  0x000001d1d59fd494: 1300 0000 | 482b c448 | 81e0 07f0 | ffff 4889 | 070f 8591 | 0100 0048 | 8974 2438 | c642 0c01 
  0x000001d1d59fd4b4: 8b52 1448 | c1e2 038b | 9278 0100 | 0048 c1e2 | 0348 3b02 

  0x000001d1d59fd4c8: ;   {metadata(method data for {method} {0x000001d1f258e358} 'run' '()V' in 'com/sun/glass/ui/InvokeLaterDispatcher$Future')}
  0x000001d1d59fd4c8: 488b fa48 | bb00 00cb | f2d1 0100 | 0048 8383 | b001 0000 

  0x000001d1d59fd4dc: ;   {optimized virtual_call}
  0x000001d1d59fd4dc: 0166 90e8 

  0x000001d1d59fd4e0: ; ImmutableOopMap {[48]=Oop [56]=Oop [72]=Oop }
                      ;*invokevirtual notifyAll {reexecute=0 rethrow=0 return_oop=0}
                      ; - com.sun.glass.ui.InvokeLaterDispatcher$Future::run@71 (line 100)
  0x000001d1d59fd4e0: 9c3e ef06 | 488d 4424 | 4048 8b30 | 4885 f60f | 840f 0000 | 0048 8b78 | 08f0 480f | b137 0f85 
  0x000001d1d59fd500: 5501 0000 | e923 0000 

  0x000001d1d59fd508: ;   {metadata(method data for {method} {0x000001d1f258e358} 'run' '()V' in 'com/sun/glass/ui/InvokeLaterDispatcher$Future')}
  0x000001d1d59fd508: 0048 b800 | 00cb f2d1 | 0100 00ff | 8098 0100 | 0048 83c4 

  0x000001d1d59fd51c: ;   {poll_return}
  0x000001d1d59fd51c: 605d 493b | a748 0300 | 000f 8741 | 0100 00c3 

  0x000001d1d59fd52c: ;   {metadata(method data for {method} {0x000001d1f258e358} 'run' '()V' in 'com/sun/glass/ui/InvokeLaterDispatcher$Future')}
  0x000001d1d59fd52c: 48b8 0000 | cbf2 d101 | 0000 ff80 | e801 0000 | 488b 4424 | 30e9 8b01 | 0000 498b | 87d8 0300 
  0x000001d1d59fd54c: 004d 33d2 | 4d89 97d8 | 0300 004d | 33d2 4d89 | 97e0 0300 | 0048 8bf0 | 488d 4424 | 4048 8b38 
  0x000001d1d59fd56c: 4885 ff0f | 840f 0000 | 0048 8b58 | 08f0 480f | b13b 0f85 | fe00 0000 | 488b c6e9 | 4501 0000 
  0x000001d1d59fd58c: 498b 87d8 | 0300 004d | 33d2 4d89 | 97d8 0300 | 004d 33d2 | 4d89 97e0 | 0300 0048 | 8bf0 488d 
  0x000001d1d59fd5ac: 4424 4048 | 8b38 4885 | ff0f 840f | 0000 0048 | 8b58 08f0 | 480f b13b | 0f85 cb00 | 0000 488b 
  0x000001d1d59fd5cc: c6e9 ff00 

  0x000001d1d59fd5d0: ;   {metadata({method} {0x000001d1f258e358} 'run' '()V' in 'com/sun/glass/ui/InvokeLaterDispatcher$Future')}
  0x000001d1d59fd5d0: 0000 49ba | 50e3 58f2 | d101 0000 | 4c89 5424 | 0848 c704 | 24ff ffff 

  0x000001d1d59fd5e8: ;   {runtime_call counter_overflow Runtime1 stub}
  0x000001d1d59fd5e8: ffe8 92e2 

  0x000001d1d59fd5ec: ; ImmutableOopMap {rdx=Oop }
                      ;*synchronization entry
                      ; - com.sun.glass.ui.InvokeLaterDispatcher$Future::run@-1 (line 96)
  0x000001d1d59fd5ec: f906 e9e1 

  0x000001d1d59fd5f0: ;   {runtime_call throw_null_pointer_exception Runtime1 stub}
  0x000001d1d59fd5f0: fcff ffe8 

  0x000001d1d59fd5f4: ; ImmutableOopMap {rdx=Oop rsi=Oop }
                      ;*invokeinterface run {reexecute=0 rethrow=0 return_oop=0}
                      ; - com.sun.glass.ui.InvokeLaterDispatcher$Future::run@4 (line 96)
  0x000001d1d59fd5f4: a88b f906 

  0x000001d1d59fd5f8: ;   {runtime_call throw_null_pointer_exception Runtime1 stub}
  0x000001d1d59fd5f8: e8a3 8bf9 

  0x000001d1d59fd5fc: ; ImmutableOopMap {rdx=Oop }
                      ;*getfield LOCK {reexecute=1 rethrow=0 return_oop=0}
                      ; - (reexecute) com.sun.glass.ui.InvokeLaterDispatcher$Future::run@13 (line 98)
                      ;   {runtime_call throw_null_pointer_exception Runtime1 stub}
  0x000001d1d59fd5fc: 06e8 9e8b 

  0x000001d1d59fd600: ; ImmutableOopMap {rdx=Oop rsi=Oop }
                      ;*monitorenter {reexecute=0 rethrow=0 return_oop=0}
                      ; - com.sun.glass.ui.InvokeLaterDispatcher$Future::run@18 (line 98)
  0x000001d1d59fd600: f906 4889 | 7424 0848 

  0x000001d1d59fd608: ;   {runtime_call monitorenter_nofpu Runtime1 stub}
  0x000001d1d59fd608: 893c 24e8 

  0x000001d1d59fd60c: ; ImmutableOopMap {rdx=Oop rsi=Oop [72]=Oop }
                      ;*monitorenter {reexecute=0 rethrow=0 return_oop=0}
                      ; - com.sun.glass.ui.InvokeLaterDispatcher$Future::run@18 (line 98)
  0x000001d1d59fd60c: 70c1 f906 | e9c6 fdff 

  0x000001d1d59fd614: ;   {runtime_call throw_null_pointer_exception Runtime1 stub}
  0x000001d1d59fd614: ffe8 868b 

  0x000001d1d59fd618: ; ImmutableOopMap {[40]=Oop [72]=Oop }
                      ;*getfield LOCK {reexecute=1 rethrow=0 return_oop=0}
                      ; - (reexecute) com.sun.glass.ui.InvokeLaterDispatcher$Future::run@28 (line 100)
                      ;   {runtime_call throw_null_pointer_exception Runtime1 stub}
  0x000001d1d59fd618: f906 e881 

  0x000001d1d59fd61c: ; ImmutableOopMap {[40]=Oop rdx=Oop [72]=Oop }
                      ;*invokevirtual notifyAll {reexecute=0 rethrow=0 return_oop=0}
                      ; - com.sun.glass.ui.InvokeLaterDispatcher$Future::run@31 (line 100)
  0x000001d1d59fd61c: 8bf9 0648 | 8d44 2440 | 4889 0424 

  0x000001d1d59fd628: ;   {runtime_call monitorexit_nofpu Runtime1 stub}
  0x000001d1d59fd628: e853 c7f9 | 06e9 02fe 

  0x000001d1d59fd630: ;   {runtime_call throw_null_pointer_exception Runtime1 stub}
  0x000001d1d59fd630: ffff e869 

  0x000001d1d59fd634: ; ImmutableOopMap {rdx=Oop rax=Oop }
                      ;*getfield LOCK {reexecute=1 rethrow=0 return_oop=0}
                      ; - (reexecute) com.sun.glass.ui.InvokeLaterDispatcher$Future::run@52 (line 98)
                      ;   {runtime_call throw_null_pointer_exception Runtime1 stub}
  0x000001d1d59fd634: 8bf9 06e8 

  0x000001d1d59fd638: ; ImmutableOopMap {rdx=Oop rsi=Oop [48]=Oop }
                      ;*monitorenter {reexecute=0 rethrow=0 return_oop=0}
                      ; - com.sun.glass.ui.InvokeLaterDispatcher$Future::run@58 (line 98)
  0x000001d1d59fd638: 648b f906 | 4889 7424 | 0848 893c 

  0x000001d1d59fd644: ;   {runtime_call monitorenter_nofpu Runtime1 stub}
  0x000001d1d59fd644: 24e8 36c1 

  0x000001d1d59fd648: ; ImmutableOopMap {rdx=Oop rsi=Oop [48]=Oop [72]=Oop }
                      ;*monitorenter {reexecute=0 rethrow=0 return_oop=0}
                      ; - com.sun.glass.ui.InvokeLaterDispatcher$Future::run@58 (line 98)
  0x000001d1d59fd648: f906 e95c 

  0x000001d1d59fd64c: ;   {runtime_call throw_null_pointer_exception Runtime1 stub}
  0x000001d1d59fd64c: feff ffe8 

  0x000001d1d59fd650: ; ImmutableOopMap {[56]=Oop [48]=Oop [72]=Oop }
                      ;*getfield LOCK {reexecute=1 rethrow=0 return_oop=0}
                      ; - (reexecute) com.sun.glass.ui.InvokeLaterDispatcher$Future::run@68 (line 100)
  0x000001d1d59fd650: 4c8b f906 

  0x000001d1d59fd654: ;   {runtime_call throw_null_pointer_exception Runtime1 stub}
  0x000001d1d59fd654: e847 8bf9 

  0x000001d1d59fd658: ; ImmutableOopMap {[56]=Oop [48]=Oop rdx=Oop [72]=Oop }
                      ;*invokevirtual notifyAll {reexecute=0 rethrow=0 return_oop=0}
                      ; - com.sun.glass.ui.InvokeLaterDispatcher$Future::run@71 (line 100)
  0x000001d1d59fd658: 0648 8d44 | 2440 4889 

  0x000001d1d59fd660: ;   {runtime_call monitorexit_nofpu Runtime1 stub}
  0x000001d1d59fd660: 0424 e819 | c7f9 06e9 | 98fe ffff 

  0x000001d1d59fd66c: ;   {internal_word}
  0x000001d1d59fd66c: 49ba 1ed5 | 9fd5 d101 | 0000 4d89 | 9760 0300 

  0x000001d1d59fd67c: ;   {runtime_call SafepointBlob}
  0x000001d1d59fd67c: 00e9 7ea3 | ef06 488d | 4424 4048 

  0x000001d1d59fd688: ;   {runtime_call monitorexit_nofpu Runtime1 stub}
  0x000001d1d59fd688: 8904 24e8 | f0c6 f906 | e9ef feff | ff48 8d44 | 2440 4889 

  0x000001d1d59fd69c: ;   {runtime_call monitorexit_nofpu Runtime1 stub}
  0x000001d1d59fd69c: 0424 e8dd | c6f9 06e9 | 22ff ffff | 488b 5424 | 20e9 97fd | ffff 9090 | 498b 87d8 | 0300 0049 
  0x000001d1d59fd6bc: c787 d803 | 0000 0000 | 0000 49c7 | 87e0 0300 | 0000 0000 | 0048 83c4 

  0x000001d1d59fd6d4: ;   {runtime_call unwind_exception Runtime1 stub}
  0x000001d1d59fd6d4: 605d e925 | abf0 06f4 | f4f4 f4f4 
[Stub Code]
  0x000001d1d59fd6e0: ;   {no_reloc}
  0x000001d1d59fd6e0: 0f1f 4400 

  0x000001d1d59fd6e4: ;   {static_stub}
  0x000001d1d59fd6e4: 0048 bb00 | 0000 0000 

  0x000001d1d59fd6ec: ;   {runtime_call}
  0x000001d1d59fd6ec: 0000 00e9 | fbff ffff 

  0x000001d1d59fd6f4: ;   {static_stub}
  0x000001d1d59fd6f4: 9048 bb00 | 0000 0000 

  0x000001d1d59fd6fc: ;   {runtime_call}
  0x000001d1d59fd6fc: 0000 00e9 | fbff ffff 

  0x000001d1d59fd704: ;   {static_stub}
  0x000001d1d59fd704: 9048 bb00 | 0000 0000 

  0x000001d1d59fd70c: ;   {runtime_call}
  0x000001d1d59fd70c: 0000 00e9 | fbff ffff 
[Exception Handler]
  0x000001d1d59fd714: ;   {runtime_call handle_exception_from_callee Runtime1 stub}
  0x000001d1d59fd714: e867 a8f9 

  0x000001d1d59fd718: ;   {external_word}
  0x000001d1d59fd718: 0648 b9a0 | e9db bffc | 7f00 0048 

  0x000001d1d59fd724: ;   {runtime_call}
  0x000001d1d59fd724: 83e4 f049 | ba10 79a4 | bffc 7f00 | 0041 ffd2 

  0x000001d1d59fd734: ;   {section_word}
  0x000001d1d59fd734: f449 ba35 | d79f d5d1 | 0100 0041 

  0x000001d1d59fd740: ;   {runtime_call DeoptimizationBlob}
  0x000001d1d59fd740: 52e9 5a95 | ef06 f4f4 
[/MachCode]


---------------  P R O C E S S  ---------------

Threads class SMR info:
_java_thread_list=0x000001d1f66c3840, length=21, elements={
0x000001d1cd8fb3e0, 0x000001d1f07a66c0, 0x000001d1f07a8090, 0x000001d1f07bf960,
0x000001d1f07c0320, 0x000001d1f07c0ce0, 0x000001d1f07c16a0, 0x000001d1f07c53b0,
0x000001d1f07c5e60, 0x000001d1f07caba0, 0x000001d1f1440ae0, 0x000001d1f6886150,
0x000001d1f63b64d0, 0x000001d1f6bef0a0, 0x000001d1f6bf0500, 0x000001d1f6c24ff0,
0x000001d1f6c4a390, 0x000001d1f77c8610, 0x000001d1f77c9460, 0x000001d1f6520b10,
0x000001d1f66c2cf0
}

Java Threads: ( => current thread )
  0x000001d1cd8fb3e0 JavaThread "main" [_thread_blocked, id=8720, stack(0x0000008683700000,0x0000008683800000)]
  0x000001d1f07a66c0 JavaThread "Reference Handler" daemon [_thread_blocked, id=7416, stack(0x0000008683e00000,0x0000008683f00000)]
  0x000001d1f07a8090 JavaThread "Finalizer" daemon [_thread_blocked, id=15904, stack(0x0000008683f00000,0x0000008684000000)]
  0x000001d1f07bf960 JavaThread "Signal Dispatcher" daemon [_thread_blocked, id=8324, stack(0x0000008684000000,0x0000008684100000)]
  0x000001d1f07c0320 JavaThread "Attach Listener" daemon [_thread_blocked, id=7476, stack(0x0000008684100000,0x0000008684200000)]
  0x000001d1f07c0ce0 JavaThread "Service Thread" daemon [_thread_blocked, id=3404, stack(0x0000008684200000,0x0000008684300000)]
  0x000001d1f07c16a0 JavaThread "Monitor Deflation Thread" daemon [_thread_blocked, id=17300, stack(0x0000008684300000,0x0000008684400000)]
  0x000001d1f07c53b0 JavaThread "C2 CompilerThread0" daemon [_thread_blocked, id=5776, stack(0x0000008684400000,0x0000008684500000)]
  0x000001d1f07c5e60 JavaThread "C1 CompilerThread0" daemon [_thread_blocked, id=10024, stack(0x0000008684500000,0x0000008684600000)]
  0x000001d1f07caba0 JavaThread "Sweeper thread" daemon [_thread_blocked, id=1688, stack(0x0000008684600000,0x0000008684700000)]
  0x000001d1f1440ae0 JavaThread "Common-Cleaner" daemon [_thread_blocked, id=2612, stack(0x0000008684800000,0x0000008684900000)]
  0x000001d1f6886150 JavaThread "Notification Thread" daemon [_thread_blocked, id=2308, stack(0x0000008684f00000,0x0000008685000000)]
  0x000001d1f63b64d0 JavaThread "QuantumRenderer-0" daemon [_thread_blocked, id=9572, stack(0x0000008685200000,0x0000008685300000)]
  0x000001d1f6bef0a0 JavaThread "InvokeLaterDispatcher" daemon [_thread_blocked, id=15804, stack(0x0000008685300000,0x0000008685400000)]
=>0x000001d1f6bf0500 JavaThread "JavaFX Application Thread" [_thread_in_native, id=2884, stack(0x0000008685400000,0x0000008685500000)]
  0x000001d1f6c24ff0 JavaThread "JavaFX-Launcher" [_thread_blocked, id=11216, stack(0x0000008685900000,0x0000008685a00000)]
  0x000001d1f6c4a390 JavaThread "Thread-2" daemon [_thread_in_native, id=12540, stack(0x0000008685800000,0x0000008685900000)]
  0x000001d1f77c8610 JavaThread "Prism Font Disposer" daemon [_thread_blocked, id=10964, stack(0x0000008686200000,0x0000008686300000)]
  0x000001d1f77c9460 JavaThread "Cleaner-0" daemon [_thread_blocked, id=10276, stack(0x0000008686300000,0x0000008686400000)]
  0x000001d1f6520b10 JavaThread "C1 CompilerThread1" daemon [_thread_blocked, id=13236, stack(0x0000008684700000,0x0000008684800000)]
  0x000001d1f66c2cf0 JavaThread "C1 CompilerThread2" daemon [_thread_blocked, id=7880, stack(0x0000008684900000,0x0000008684a00000)]

Other Threads:
  0x000001d1f07a1280 VMThread "VM Thread" [stack: 0x0000008683d00000,0x0000008683e00000] [id=7604]
  0x000001d1f6514380 WatcherThread [stack: 0x0000008685000000,0x0000008685100000] [id=7940]
  0x000001d1cd9685f0 GCTaskThread "GC Thread#0" [stack: 0x0000008683800000,0x0000008683900000] [id=8200]
  0x000001d1f6d97680 GCTaskThread "GC Thread#1" [stack: 0x0000008685a00000,0x0000008685b00000] [id=14388]
  0x000001d1f6794560 GCTaskThread "GC Thread#2" [stack: 0x0000008685b00000,0x0000008685c00000] [id=14816]
  0x000001d1f6dfebb0 GCTaskThread "GC Thread#3" [stack: 0x0000008685c00000,0x0000008685d00000] [id=14496]
  0x000001d1f6d93590 GCTaskThread "GC Thread#4" [stack: 0x0000008685d00000,0x0000008685e00000] [id=16564]
  0x000001d1f6d93c60 GCTaskThread "GC Thread#5" [stack: 0x0000008685e00000,0x0000008685f00000] [id=8660]
  0x000001d1cd979dd0 ConcurrentGCThread "G1 Main Marker" [stack: 0x0000008683900000,0x0000008683a00000] [id=11552]
  0x000001d1cd97cea0 ConcurrentGCThread "G1 Conc#0" [stack: 0x0000008683a00000,0x0000008683b00000] [id=7680]
  0x000001d1cd9ad660 ConcurrentGCThread "G1 Refine#0" [stack: 0x0000008683b00000,0x0000008683c00000] [id=4840]
  0x000001d1f06d4450 ConcurrentGCThread "G1 Service" [stack: 0x0000008683c00000,0x0000008683d00000] [id=1936]

Threads with active compile tasks:

VM state: not at safepoint (normal execution)

VM Mutex/Monitor currently owned by a thread: None

Heap address: 0x0000000703400000, size: 4044 MB, Compressed Oops mode: Zero based, Oop shift amount: 3

CDS archive(s) mapped at: [0x000001d180000000-0x000001d180bb0000-0x000001d180bb0000), size 12255232, SharedBaseAddress: 0x000001d180000000, ArchiveRelocationMode: 1.
Compressed class space mapped at: 0x000001d181000000-0x000001d1c1000000, reserved size: 1073741824
Narrow klass base: 0x000001d180000000, Narrow klass shift: 0, Narrow klass range: 0x100000000

GC Precious Log:
 CPUs: 16 total, 16 available
 Memory: 16168M
 Large Page Support: Disabled
 NUMA Support: Disabled
 Compressed Oops: Enabled (Zero based)
 Heap Region Size: 2M
 Heap Min Capacity: 8M
 Heap Initial Capacity: 254M
 Heap Max Capacity: 4044M
 Pre-touch: Disabled
 Parallel Workers: 13
 Concurrent Workers: 3
 Concurrent Refinement Workers: 13
 Periodic GC: Disabled

Heap:
 garbage-first heap   total 260096K, used 41670K [0x0000000703400000, 0x0000000800000000)
  region size 2048K, 21 young (43008K), 2 survivors (4096K)
 Metaspace       used 13873K, committed 14080K, reserved 1114112K
  class space    used 1890K, committed 1984K, reserved 1048576K

Heap Regions: E=young(eden), S=young(survivor), O=old, HS=humongous(starts), HC=humongous(continues), CS=collection set, F=free, OA=open archive, CA=closed archive, TAMS=top-at-mark-start (previous, next)
|   0|0x0000000703400000, 0x0000000703600000, 0x0000000703600000|100%|HS|  |TAMS 0x0000000703400000, 0x0000000703400000| Complete 
|   1|0x0000000703600000, 0x0000000703600000, 0x0000000703800000|  0%| F|  |TAMS 0x0000000703600000, 0x0000000703600000| Untracked 
|   2|0x0000000703800000, 0x0000000703800000, 0x0000000703a00000|  0%| F|  |TAMS 0x0000000703800000, 0x0000000703800000| Untracked 
|   3|0x0000000703a00000, 0x0000000703a00000, 0x0000000703c00000|  0%| F|  |TAMS 0x0000000703a00000, 0x0000000703a00000| Untracked 
|   4|0x0000000703c00000, 0x0000000703c00000, 0x0000000703e00000|  0%| F|  |TAMS 0x0000000703c00000, 0x0000000703c00000| Untracked 
|   5|0x0000000703e00000, 0x0000000703e00000, 0x0000000704000000|  0%| F|  |TAMS 0x0000000703e00000, 0x0000000703e00000| Untracked 
|   6|0x0000000704000000, 0x0000000704000000, 0x0000000704200000|  0%| F|  |TAMS 0x0000000704000000, 0x0000000704000000| Untracked 
|   7|0x0000000704200000, 0x0000000704200000, 0x0000000704400000|  0%| F|  |TAMS 0x0000000704200000, 0x0000000704200000| Untracked 
|   8|0x0000000704400000, 0x0000000704400000, 0x0000000704600000|  0%| F|  |TAMS 0x0000000704400000, 0x0000000704400000| Untracked 
|   9|0x0000000704600000, 0x0000000704600000, 0x0000000704800000|  0%| F|  |TAMS 0x0000000704600000, 0x0000000704600000| Untracked 
|  10|0x0000000704800000, 0x0000000704800000, 0x0000000704a00000|  0%| F|  |TAMS 0x0000000704800000, 0x0000000704800000| Untracked 
|  11|0x0000000704a00000, 0x0000000704a00000, 0x0000000704c00000|  0%| F|  |TAMS 0x0000000704a00000, 0x0000000704a00000| Untracked 
|  12|0x0000000704c00000, 0x0000000704c00000, 0x0000000704e00000|  0%| F|  |TAMS 0x0000000704c00000, 0x0000000704c00000| Untracked 
|  13|0x0000000704e00000, 0x0000000704e00000, 0x0000000705000000|  0%| F|  |TAMS 0x0000000704e00000, 0x0000000704e00000| Untracked 
|  14|0x0000000705000000, 0x0000000705000000, 0x0000000705200000|  0%| F|  |TAMS 0x0000000705000000, 0x0000000705000000| Untracked 
|  15|0x0000000705200000, 0x0000000705200000, 0x0000000705400000|  0%| F|  |TAMS 0x0000000705200000, 0x0000000705200000| Untracked 
|  16|0x0000000705400000, 0x0000000705400000, 0x0000000705600000|  0%| F|  |TAMS 0x0000000705400000, 0x0000000705400000| Untracked 
|  17|0x0000000705600000, 0x0000000705600000, 0x0000000705800000|  0%| F|  |TAMS 0x0000000705600000, 0x0000000705600000| Untracked 
|  18|0x0000000705800000, 0x0000000705800000, 0x0000000705a00000|  0%| F|  |TAMS 0x0000000705800000, 0x0000000705800000| Untracked 
|  19|0x0000000705a00000, 0x0000000705a00000, 0x0000000705c00000|  0%| F|  |TAMS 0x0000000705a00000, 0x0000000705a00000| Untracked 
|  20|0x0000000705c00000, 0x0000000705c00000, 0x0000000705e00000|  0%| F|  |TAMS 0x0000000705c00000, 0x0000000705c00000| Untracked 
|  21|0x0000000705e00000, 0x0000000705e00000, 0x0000000706000000|  0%| F|  |TAMS 0x0000000705e00000, 0x0000000705e00000| Untracked 
|  22|0x0000000706000000, 0x0000000706000000, 0x0000000706200000|  0%| F|  |TAMS 0x0000000706000000, 0x0000000706000000| Untracked 
|  23|0x0000000706200000, 0x0000000706200000, 0x0000000706400000|  0%| F|  |TAMS 0x0000000706200000, 0x0000000706200000| Untracked 
|  24|0x0000000706400000, 0x0000000706400000, 0x0000000706600000|  0%| F|  |TAMS 0x0000000706400000, 0x0000000706400000| Untracked 
|  25|0x0000000706600000, 0x0000000706600000, 0x0000000706800000|  0%| F|  |TAMS 0x0000000706600000, 0x0000000706600000| Untracked 
|  26|0x0000000706800000, 0x0000000706800000, 0x0000000706a00000|  0%| F|  |TAMS 0x0000000706800000, 0x0000000706800000| Untracked 
|  27|0x0000000706a00000, 0x0000000706a00000, 0x0000000706c00000|  0%| F|  |TAMS 0x0000000706a00000, 0x0000000706a00000| Untracked 
|  28|0x0000000706c00000, 0x0000000706c00000, 0x0000000706e00000|  0%| F|  |TAMS 0x0000000706c00000, 0x0000000706c00000| Untracked 
|  29|0x0000000706e00000, 0x0000000706e00000, 0x0000000707000000|  0%| F|  |TAMS 0x0000000706e00000, 0x0000000706e00000| Untracked 
|  30|0x0000000707000000, 0x0000000707000000, 0x0000000707200000|  0%| F|  |TAMS 0x0000000707000000, 0x0000000707000000| Untracked 
|  31|0x0000000707200000, 0x0000000707200000, 0x0000000707400000|  0%| F|  |TAMS 0x0000000707200000, 0x0000000707200000| Untracked 
|  32|0x0000000707400000, 0x0000000707400000, 0x0000000707600000|  0%| F|  |TAMS 0x0000000707400000, 0x0000000707400000| Untracked 
|  33|0x0000000707600000, 0x0000000707600000, 0x0000000707800000|  0%| F|  |TAMS 0x0000000707600000, 0x0000000707600000| Untracked 
|  34|0x0000000707800000, 0x0000000707800000, 0x0000000707a00000|  0%| F|  |TAMS 0x0000000707800000, 0x0000000707800000| Untracked 
|  35|0x0000000707a00000, 0x0000000707a00000, 0x0000000707c00000|  0%| F|  |TAMS 0x0000000707a00000, 0x0000000707a00000| Untracked 
|  36|0x0000000707c00000, 0x0000000707c00000, 0x0000000707e00000|  0%| F|  |TAMS 0x0000000707c00000, 0x0000000707c00000| Untracked 
|  37|0x0000000707e00000, 0x0000000707e00000, 0x0000000708000000|  0%| F|  |TAMS 0x0000000707e00000, 0x0000000707e00000| Untracked 
|  38|0x0000000708000000, 0x0000000708000000, 0x0000000708200000|  0%| F|  |TAMS 0x0000000708000000, 0x0000000708000000| Untracked 
|  39|0x0000000708200000, 0x0000000708200000, 0x0000000708400000|  0%| F|  |TAMS 0x0000000708200000, 0x0000000708200000| Untracked 
|  40|0x0000000708400000, 0x0000000708400000, 0x0000000708600000|  0%| F|  |TAMS 0x0000000708400000, 0x0000000708400000| Untracked 
|  41|0x0000000708600000, 0x0000000708600000, 0x0000000708800000|  0%| F|  |TAMS 0x0000000708600000, 0x0000000708600000| Untracked 
|  42|0x0000000708800000, 0x0000000708800000, 0x0000000708a00000|  0%| F|  |TAMS 0x0000000708800000, 0x0000000708800000| Untracked 
|  43|0x0000000708a00000, 0x0000000708a00000, 0x0000000708c00000|  0%| F|  |TAMS 0x0000000708a00000, 0x0000000708a00000| Untracked 
|  44|0x0000000708c00000, 0x0000000708c00000, 0x0000000708e00000|  0%| F|  |TAMS 0x0000000708c00000, 0x0000000708c00000| Untracked 
|  45|0x0000000708e00000, 0x0000000708e00000, 0x0000000709000000|  0%| F|  |TAMS 0x0000000708e00000, 0x0000000708e00000| Untracked 
|  46|0x0000000709000000, 0x0000000709000000, 0x0000000709200000|  0%| F|  |TAMS 0x0000000709000000, 0x0000000709000000| Untracked 
|  47|0x0000000709200000, 0x0000000709200000, 0x0000000709400000|  0%| F|  |TAMS 0x0000000709200000, 0x0000000709200000| Untracked 
|  48|0x0000000709400000, 0x0000000709400000, 0x0000000709600000|  0%| F|  |TAMS 0x0000000709400000, 0x0000000709400000| Untracked 
|  49|0x0000000709600000, 0x0000000709600000, 0x0000000709800000|  0%| F|  |TAMS 0x0000000709600000, 0x0000000709600000| Untracked 
|  50|0x0000000709800000, 0x0000000709800000, 0x0000000709a00000|  0%| F|  |TAMS 0x0000000709800000, 0x0000000709800000| Untracked 
|  51|0x0000000709a00000, 0x0000000709a00000, 0x0000000709c00000|  0%| F|  |TAMS 0x0000000709a00000, 0x0000000709a00000| Untracked 
|  52|0x0000000709c00000, 0x0000000709c00000, 0x0000000709e00000|  0%| F|  |TAMS 0x0000000709c00000, 0x0000000709c00000| Untracked 
|  53|0x0000000709e00000, 0x0000000709e00000, 0x000000070a000000|  0%| F|  |TAMS 0x0000000709e00000, 0x0000000709e00000| Untracked 
|  54|0x000000070a000000, 0x000000070a000000, 0x000000070a200000|  0%| F|  |TAMS 0x000000070a000000, 0x000000070a000000| Untracked 
|  55|0x000000070a200000, 0x000000070a200000, 0x000000070a400000|  0%| F|  |TAMS 0x000000070a200000, 0x000000070a200000| Untracked 
|  56|0x000000070a400000, 0x000000070a400000, 0x000000070a600000|  0%| F|  |TAMS 0x000000070a400000, 0x000000070a400000| Untracked 
|  57|0x000000070a600000, 0x000000070a600000, 0x000000070a800000|  0%| F|  |TAMS 0x000000070a600000, 0x000000070a600000| Untracked 
|  58|0x000000070a800000, 0x000000070a800000, 0x000000070aa00000|  0%| F|  |TAMS 0x000000070a800000, 0x000000070a800000| Untracked 
|  59|0x000000070aa00000, 0x000000070aa00000, 0x000000070ac00000|  0%| F|  |TAMS 0x000000070aa00000, 0x000000070aa00000| Untracked 
|  60|0x000000070ac00000, 0x000000070ac00000, 0x000000070ae00000|  0%| F|  |TAMS 0x000000070ac00000, 0x000000070ac00000| Untracked 
|  61|0x000000070ae00000, 0x000000070ae00000, 0x000000070b000000|  0%| F|  |TAMS 0x000000070ae00000, 0x000000070ae00000| Untracked 
|  62|0x000000070b000000, 0x000000070b000000, 0x000000070b200000|  0%| F|  |TAMS 0x000000070b000000, 0x000000070b000000| Untracked 
|  63|0x000000070b200000, 0x000000070b200000, 0x000000070b400000|  0%| F|  |TAMS 0x000000070b200000, 0x000000070b200000| Untracked 
|  64|0x000000070b400000, 0x000000070b400000, 0x000000070b600000|  0%| F|  |TAMS 0x000000070b400000, 0x000000070b400000| Untracked 
|  65|0x000000070b600000, 0x000000070b600000, 0x000000070b800000|  0%| F|  |TAMS 0x000000070b600000, 0x000000070b600000| Untracked 
|  66|0x000000070b800000, 0x000000070b800000, 0x000000070ba00000|  0%| F|  |TAMS 0x000000070b800000, 0x000000070b800000| Untracked 
|  67|0x000000070ba00000, 0x000000070ba00000, 0x000000070bc00000|  0%| F|  |TAMS 0x000000070ba00000, 0x000000070ba00000| Untracked 
|  68|0x000000070bc00000, 0x000000070bc00000, 0x000000070be00000|  0%| F|  |TAMS 0x000000070bc00000, 0x000000070bc00000| Untracked 
|  69|0x000000070be00000, 0x000000070be00000, 0x000000070c000000|  0%| F|  |TAMS 0x000000070be00000, 0x000000070be00000| Untracked 
|  70|0x000000070c000000, 0x000000070c000000, 0x000000070c200000|  0%| F|  |TAMS 0x000000070c000000, 0x000000070c000000| Untracked 
|  71|0x000000070c200000, 0x000000070c200000, 0x000000070c400000|  0%| F|  |TAMS 0x000000070c200000, 0x000000070c200000| Untracked 
|  72|0x000000070c400000, 0x000000070c400000, 0x000000070c600000|  0%| F|  |TAMS 0x000000070c400000, 0x000000070c400000| Untracked 
|  73|0x000000070c600000, 0x000000070c600000, 0x000000070c800000|  0%| F|  |TAMS 0x000000070c600000, 0x000000070c600000| Untracked 
|  74|0x000000070c800000, 0x000000070c800000, 0x000000070ca00000|  0%| F|  |TAMS 0x000000070c800000, 0x000000070c800000| Untracked 
|  75|0x000000070ca00000, 0x000000070ca00000, 0x000000070cc00000|  0%| F|  |TAMS 0x000000070ca00000, 0x000000070ca00000| Untracked 
|  76|0x000000070cc00000, 0x000000070cc00000, 0x000000070ce00000|  0%| F|  |TAMS 0x000000070cc00000, 0x000000070cc00000| Untracked 
|  77|0x000000070ce00000, 0x000000070ce00000, 0x000000070d000000|  0%| F|  |TAMS 0x000000070ce00000, 0x000000070ce00000| Untracked 
|  78|0x000000070d000000, 0x000000070d000000, 0x000000070d200000|  0%| F|  |TAMS 0x000000070d000000, 0x000000070d000000| Untracked 
|  79|0x000000070d200000, 0x000000070d200000, 0x000000070d400000|  0%| F|  |TAMS 0x000000070d200000, 0x000000070d200000| Untracked 
|  80|0x000000070d400000, 0x000000070d400000, 0x000000070d600000|  0%| F|  |TAMS 0x000000070d400000, 0x000000070d400000| Untracked 
|  81|0x000000070d600000, 0x000000070d600000, 0x000000070d800000|  0%| F|  |TAMS 0x000000070d600000, 0x000000070d600000| Untracked 
|  82|0x000000070d800000, 0x000000070d800000, 0x000000070da00000|  0%| F|  |TAMS 0x000000070d800000, 0x000000070d800000| Untracked 
|  83|0x000000070da00000, 0x000000070da00000, 0x000000070dc00000|  0%| F|  |TAMS 0x000000070da00000, 0x000000070da00000| Untracked 
|  84|0x000000070dc00000, 0x000000070dc00000, 0x000000070de00000|  0%| F|  |TAMS 0x000000070dc00000, 0x000000070dc00000| Untracked 
|  85|0x000000070de00000, 0x000000070de00000, 0x000000070e000000|  0%| F|  |TAMS 0x000000070de00000, 0x000000070de00000| Untracked 
|  86|0x000000070e000000, 0x000000070e000000, 0x000000070e200000|  0%| F|  |TAMS 0x000000070e000000, 0x000000070e000000| Untracked 
|  87|0x000000070e200000, 0x000000070e200000, 0x000000070e400000|  0%| F|  |TAMS 0x000000070e200000, 0x000000070e200000| Untracked 
|  88|0x000000070e400000, 0x000000070e400000, 0x000000070e600000|  0%| F|  |TAMS 0x000000070e400000, 0x000000070e400000| Untracked 
|  89|0x000000070e600000, 0x000000070e600000, 0x000000070e800000|  0%| F|  |TAMS 0x000000070e600000, 0x000000070e600000| Untracked 
|  90|0x000000070e800000, 0x000000070e800000, 0x000000070ea00000|  0%| F|  |TAMS 0x000000070e800000, 0x000000070e800000| Untracked 
|  91|0x000000070ea00000, 0x000000070ea00000, 0x000000070ec00000|  0%| F|  |TAMS 0x000000070ea00000, 0x000000070ea00000| Untracked 
|  92|0x000000070ec00000, 0x000000070ec00000, 0x000000070ee00000|  0%| F|  |TAMS 0x000000070ec00000, 0x000000070ec00000| Untracked 
|  93|0x000000070ee00000, 0x000000070ee00000, 0x000000070f000000|  0%| F|  |TAMS 0x000000070ee00000, 0x000000070ee00000| Untracked 
|  94|0x000000070f000000, 0x000000070f000000, 0x000000070f200000|  0%| F|  |TAMS 0x000000070f000000, 0x000000070f000000| Untracked 
|  95|0x000000070f200000, 0x000000070f200000, 0x000000070f400000|  0%| F|  |TAMS 0x000000070f200000, 0x000000070f200000| Untracked 
|  96|0x000000070f400000, 0x000000070f400000, 0x000000070f600000|  0%| F|  |TAMS 0x000000070f400000, 0x000000070f400000| Untracked 
|  97|0x000000070f600000, 0x000000070f600000, 0x000000070f800000|  0%| F|  |TAMS 0x000000070f600000, 0x000000070f600000| Untracked 
|  98|0x000000070f800000, 0x000000070f800000, 0x000000070fa00000|  0%| F|  |TAMS 0x000000070f800000, 0x000000070f800000| Untracked 
|  99|0x000000070fa00000, 0x000000070fa00000, 0x000000070fc00000|  0%| F|  |TAMS 0x000000070fa00000, 0x000000070fa00000| Untracked 
| 100|0x000000070fc00000, 0x000000070fc00000, 0x000000070fe00000|  0%| F|  |TAMS 0x000000070fc00000, 0x000000070fc00000| Untracked 
| 101|0x000000070fe00000, 0x000000070fe00000, 0x0000000710000000|  0%| F|  |TAMS 0x000000070fe00000, 0x000000070fe00000| Untracked 
| 102|0x0000000710000000, 0x0000000710000000, 0x0000000710200000|  0%| F|  |TAMS 0x0000000710000000, 0x0000000710000000| Untracked 
| 103|0x0000000710200000, 0x0000000710200000, 0x0000000710400000|  0%| F|  |TAMS 0x0000000710200000, 0x0000000710200000| Untracked 
| 104|0x0000000710400000, 0x0000000710400000, 0x0000000710600000|  0%| F|  |TAMS 0x0000000710400000, 0x0000000710400000| Untracked 
| 105|0x0000000710600000, 0x0000000710600000, 0x0000000710800000|  0%| F|  |TAMS 0x0000000710600000, 0x0000000710600000| Untracked 
| 106|0x0000000710800000, 0x0000000710a00000, 0x0000000710a00000|100%| E|  |TAMS 0x0000000710800000, 0x0000000710800000| Complete 
| 107|0x0000000710a00000, 0x0000000710c00000, 0x0000000710c00000|100%| E|CS|TAMS 0x0000000710a00000, 0x0000000710a00000| Complete 
| 108|0x0000000710c00000, 0x0000000710e00000, 0x0000000710e00000|100%| E|CS|TAMS 0x0000000710c00000, 0x0000000710c00000| Complete 
| 109|0x0000000710e00000, 0x0000000711000000, 0x0000000711000000|100%| E|CS|TAMS 0x0000000710e00000, 0x0000000710e00000| Complete 
| 110|0x0000000711000000, 0x0000000711200000, 0x0000000711200000|100%| E|CS|TAMS 0x0000000711000000, 0x0000000711000000| Complete 
| 111|0x0000000711200000, 0x0000000711400000, 0x0000000711400000|100%| E|CS|TAMS 0x0000000711200000, 0x0000000711200000| Complete 
| 112|0x0000000711400000, 0x0000000711600000, 0x0000000711600000|100%| E|CS|TAMS 0x0000000711400000, 0x0000000711400000| Complete 
| 113|0x0000000711600000, 0x0000000711800000, 0x0000000711800000|100%| E|CS|TAMS 0x0000000711600000, 0x0000000711600000| Complete 
| 114|0x0000000711800000, 0x00000007118b1be0, 0x0000000711a00000| 34%| S|CS|TAMS 0x0000000711800000, 0x0000000711800000| Complete 
| 115|0x0000000711a00000, 0x0000000711c00000, 0x0000000711c00000|100%| S|CS|TAMS 0x0000000711a00000, 0x0000000711a00000| Complete 
| 116|0x0000000711c00000, 0x0000000711e00000, 0x0000000711e00000|100%| E|CS|TAMS 0x0000000711c00000, 0x0000000711c00000| Complete 
| 117|0x0000000711e00000, 0x0000000712000000, 0x0000000712000000|100%| E|CS|TAMS 0x0000000711e00000, 0x0000000711e00000| Complete 
| 118|0x0000000712000000, 0x0000000712200000, 0x0000000712200000|100%| E|CS|TAMS 0x0000000712000000, 0x0000000712000000| Complete 
| 119|0x0000000712200000, 0x0000000712400000, 0x0000000712400000|100%| E|CS|TAMS 0x0000000712200000, 0x0000000712200000| Complete 
| 120|0x0000000712400000, 0x0000000712600000, 0x0000000712600000|100%| E|CS|TAMS 0x0000000712400000, 0x0000000712400000| Complete 
| 121|0x0000000712600000, 0x0000000712800000, 0x0000000712800000|100%| E|CS|TAMS 0x0000000712600000, 0x0000000712600000| Complete 
| 122|0x0000000712800000, 0x0000000712a00000, 0x0000000712a00000|100%| E|CS|TAMS 0x0000000712800000, 0x0000000712800000| Complete 
| 123|0x0000000712a00000, 0x0000000712c00000, 0x0000000712c00000|100%| E|CS|TAMS 0x0000000712a00000, 0x0000000712a00000| Complete 
| 124|0x0000000712c00000, 0x0000000712e00000, 0x0000000712e00000|100%| E|CS|TAMS 0x0000000712c00000, 0x0000000712c00000| Complete 
| 125|0x0000000712e00000, 0x0000000713000000, 0x0000000713000000|100%| E|CS|TAMS 0x0000000712e00000, 0x0000000712e00000| Complete 
| 126|0x0000000713000000, 0x0000000713200000, 0x0000000713200000|100%| E|CS|TAMS 0x0000000713000000, 0x0000000713000000| Complete 

Card table byte_map: [0x000001d1e54d0000,0x000001d1e5cc0000] _byte_map_base: 0x000001d1e1cb6000

Marking Bits (Prev, Next): (CMBitMap*) 0x000001d1cd968b10, (CMBitMap*) 0x000001d1cd968b50
 Prev Bits: [0x000001d1e64b0000, 0x000001d1ea3e0000)
 Next Bits: [0x000001d1ea3e0000, 0x000001d1ee310000)

Polling page: 0x000001d1cb7b0000

Metaspace:

Usage:
  Non-class:     11.70 MB used.
      Class:      1.85 MB used.
       Both:     13.55 MB used.

Virtual space:
  Non-class space:       64.00 MB reserved,      11.81 MB ( 18%) committed,  1 nodes.
      Class space:        1.00 GB reserved,       1.94 MB ( <1%) committed,  1 nodes.
             Both:        1.06 GB reserved,      13.75 MB (  1%) committed. 

Chunk freelists:
   Non-Class:  3.03 MB
       Class:  14.08 MB
        Both:  17.11 MB

MaxMetaspaceSize: unlimited
CompressedClassSpaceSize: 1.00 GB
Initial GC threshold: 21.00 MB
Current GC threshold: 21.00 MB
CDS: on
MetaspaceReclaimPolicy: balanced
 - commit_granule_bytes: 65536.
 - commit_granule_words: 8192.
 - virtual_space_node_default_size: 8388608.
 - enlarge_chunks_in_place: 1.
 - new_chunks_are_fully_committed: 0.
 - uncommit_free_chunks: 1.
 - use_allocation_guard: 0.
 - handle_deallocations: 1.


Internal statistics:

num_allocs_failed_limit: 0.
num_arena_births: 176.
num_arena_deaths: 0.
num_vsnodes_births: 2.
num_vsnodes_deaths: 0.
num_space_committed: 220.
num_space_uncommitted: 0.
num_chunks_returned_to_freelist: 0.
num_chunks_taken_from_freelist: 636.
num_chunk_merges: 0.
num_chunk_splits: 458.
num_chunks_enlarged: 375.
num_inconsistent_stats: 0.

CodeHeap 'non-profiled nmethods': size=119168Kb used=1491Kb max_used=1491Kb free=117676Kb
 bounds [0x000001d1dcff0000, 0x000001d1dd260000, 0x000001d1e4450000]
CodeHeap 'profiled nmethods': size=119104Kb used=6459Kb max_used=6459Kb free=112644Kb
 bounds [0x000001d1d5450000, 0x000001d1d5aa0000, 0x000001d1dc8a0000]
CodeHeap 'non-nmethods': size=7488Kb used=2534Kb max_used=3197Kb free=4953Kb
 bounds [0x000001d1dc8a0000, 0x000001d1dcbd0000, 0x000001d1dcff0000]
 total_blobs=4044 nmethods=3279 adapters=673
 compilation: enabled
              stopped_count=0, restarted_count=0
 full_count=0

Compilation events (20 events):
Event: 19.755 Thread 0x000001d1f66c2cf0 3273       3       com.sun.javafx.geom.transform.GeneralTransform3D::set (21 bytes)
Event: 19.756 Thread 0x000001d1f07c5e60 nmethod 3272 0x000001d1d5a99810 code [0x000001d1d5a999c0, 0x000001d1d5a99ca8]
Event: 19.756 Thread 0x000001d1f66c2cf0 nmethod 3273 0x000001d1d5a99d90 code [0x000001d1d5a99f40, 0x000001d1d5a9a138]
Event: 19.756 Thread 0x000001d1f07c5e60 3274       3       com.sun.javafx.tk.quantum.QuantumToolkit::endPulseRunning (29 bytes)
Event: 19.756 Thread 0x000001d1f07c5e60 nmethod 3274 0x000001d1d5a9a210 code [0x000001d1d5a9a3e0, 0x000001d1d5a9a678]
Event: 19.770 Thread 0x000001d1f07c5e60 3275   !   3       com.sun.javafx.tk.quantum.PaintCollector::renderAll (381 bytes)
Event: 19.771 Thread 0x000001d1f07c5e60 nmethod 3275 0x000001d1d5a9a790 code [0x000001d1d5a9ab20, 0x000001d1d5a9c828]
Event: 19.848 Thread 0x000001d1f07c5e60 3276       3       java.lang.invoke.DirectMethodHandle::shouldBeInitialized (127 bytes)
Event: 19.849 Thread 0x000001d1f07c5e60 nmethod 3276 0x000001d1d5a9d190 code [0x000001d1d5a9d420, 0x000001d1d5a9ddb8]
Event: 19.851 Thread 0x000001d1f07c5e60 3277       3       com.sun.javafx.event.EventDispatchChainImpl::reset (44 bytes)
Event: 19.852 Thread 0x000001d1f07c5e60 nmethod 3277 0x000001d1d5a9e090 code [0x000001d1d5a9e240, 0x000001d1d5a9e5d8]
Event: 19.865 Thread 0x000001d1f07c5e60 3278       3       jdk.internal.misc.VM::isModuleSystemInited (13 bytes)
Event: 19.865 Thread 0x000001d1f07c5e60 nmethod 3278 0x000001d1d5a9e710 code [0x000001d1d5a9e8c0, 0x000001d1d5a9ea78]
Event: 19.865 Thread 0x000001d1f07c53b0 3279       4       java.lang.StringBuilder::<init> (7 bytes)
Event: 19.865 Thread 0x000001d1f6520b10 3280       3       java.lang.String::valueOf (15 bytes)
Event: 19.865 Thread 0x000001d1f6520b10 nmethod 3280 0x000001d1d5a9eb10 code [0x000001d1d5a9ecc0, 0x000001d1d5a9eec8]
Event: 19.866 Thread 0x000001d1f07c53b0 nmethod 3279 0x000001d1dd163610 code [0x000001d1dd1637a0, 0x000001d1dd163978]
Event: 19.866 Thread 0x000001d1f07c53b0 3282       4       java.lang.StringLatin1::inflate (34 bytes)
Event: 19.870 Thread 0x000001d1f07c53b0 nmethod 3282 0x000001d1dd163a10 code [0x000001d1dd163ba0, 0x000001d1dd163eb8]
Event: 19.870 Thread 0x000001d1f07c53b0 3281       4       java.lang.StringBuilder::append (8 bytes)

GC Heap History (2 events):
Event: 0.440 GC heap before
{Heap before GC invocations=0 (full 0):
 garbage-first heap   total 260096K, used 22528K [0x0000000703400000, 0x0000000800000000)
  region size 2048K, 11 young (22528K), 0 survivors (0K)
 Metaspace       used 4923K, committed 5120K, reserved 1114112K
  class space    used 625K, committed 768K, reserved 1048576K
}
Event: 0.442 GC heap after
{Heap after GC invocations=1 (full 0):
 garbage-first heap   total 260096K, used 2758K [0x0000000703400000, 0x0000000800000000)
  region size 2048K, 2 young (4096K), 2 survivors (4096K)
 Metaspace       used 4923K, committed 5120K, reserved 1114112K
  class space    used 625K, committed 768K, reserved 1048576K
}

Dll operation events (20 events):
Event: 0.243 Loaded shared library C:\Program Files\Eclipse Adoptium\jdk-17.0.16.8-hotspot\bin\api-ms-win-crt-filesystem-l1-1-0.dll
Event: 0.244 Loaded shared library C:\Program Files\Eclipse Adoptium\jdk-17.0.16.8-hotspot\bin\api-ms-win-crt-heap-l1-1-0.dll
Event: 0.246 Loaded shared library C:\Program Files\Eclipse Adoptium\jdk-17.0.16.8-hotspot\bin\api-ms-win-crt-locale-l1-1-0.dll
Event: 0.247 Loaded shared library C:\Program Files\Eclipse Adoptium\jdk-17.0.16.8-hotspot\bin\api-ms-win-crt-math-l1-1-0.dll
Event: 0.248 Loaded shared library C:\Program Files\Eclipse Adoptium\jdk-17.0.16.8-hotspot\bin\api-ms-win-crt-multibyte-l1-1-0.dll
Event: 0.249 Loaded shared library C:\Program Files\Eclipse Adoptium\jdk-17.0.16.8-hotspot\bin\api-ms-win-crt-private-l1-1-0.dll
Event: 0.251 Loaded shared library C:\Program Files\Eclipse Adoptium\jdk-17.0.16.8-hotspot\bin\api-ms-win-crt-process-l1-1-0.dll
Event: 0.252 Loaded shared library C:\Program Files\Eclipse Adoptium\jdk-17.0.16.8-hotspot\bin\api-ms-win-crt-runtime-l1-1-0.dll
Event: 0.253 Loaded shared library C:\Program Files\Eclipse Adoptium\jdk-17.0.16.8-hotspot\bin\api-ms-win-crt-stdio-l1-1-0.dll
Event: 0.255 Loaded shared library C:\Program Files\Eclipse Adoptium\jdk-17.0.16.8-hotspot\bin\api-ms-win-crt-string-l1-1-0.dll
Event: 0.256 Loaded shared library C:\Program Files\Eclipse Adoptium\jdk-17.0.16.8-hotspot\bin\api-ms-win-crt-time-l1-1-0.dll
Event: 0.257 Loaded shared library C:\Program Files\Eclipse Adoptium\jdk-17.0.16.8-hotspot\bin\api-ms-win-crt-utility-l1-1-0.dll
Event: 0.259 Loaded shared library C:\Program Files\Eclipse Adoptium\jdk-17.0.16.8-hotspot\bin\ucrtbase.dll
Event: 0.260 Loaded shared library C:\Program Files\Eclipse Adoptium\jdk-17.0.16.8-hotspot\bin\vcruntime140.dll
Event: 0.261 Loaded shared library C:\Program Files\Eclipse Adoptium\jdk-17.0.16.8-hotspot\bin\msvcp140.dll
Event: 0.262 Loaded shared library C:\Windows\System32\concrt140.dll
Event: 0.314 Loaded shared library C:\Users\emile\.openjfx\cache\12.0.1\prism_d3d.dll
Event: 0.350 Loaded shared library C:\Users\emile\.openjfx\cache\12.0.1\glass.dll
Event: 0.455 Loaded shared library C:\Users\emile\.openjfx\cache\12.0.1\javafx_font.dll
Event: 0.518 Loaded shared library C:\Program Files\Eclipse Adoptium\jdk-17.0.16.8-hotspot\bin\jimage.dll

Deoptimization events (20 events):
Event: 13.886 Thread 0x000001d1f6bf0500 Uncommon trap: trap_request=0xffffffbe fr.pc=0x000001d1dd12bbb8 relative=0x0000000000001a38
Event: 13.886 Thread 0x000001d1f6bf0500 Uncommon trap: reason=profile_predicate action=maybe_recompile pc=0x000001d1dd12bbb8 method=javafx.css.CompoundSelector.applies(Ljavafx/css/Styleable;I[Ljava/util/Set;I)Z @ 103 c2
Event: 13.886 Thread 0x000001d1f6bf0500 DEOPT PACKING pc=0x000001d1dd12bbb8 sp=0x00000086854fc560
Event: 13.886 Thread 0x000001d1f6bf0500 DEOPT UNPACKING pc=0x000001d1dc8f69a3 sp=0x00000086854fc550 mode 2
Event: 13.886 Thread 0x000001d1f6bf0500 Uncommon trap: trap_request=0xffffffbe fr.pc=0x000001d1dd12bbb8 relative=0x0000000000001a38
Event: 13.886 Thread 0x000001d1f6bf0500 Uncommon trap: reason=profile_predicate action=maybe_recompile pc=0x000001d1dd12bbb8 method=javafx.css.CompoundSelector.applies(Ljavafx/css/Styleable;I[Ljava/util/Set;I)Z @ 103 c2
Event: 13.886 Thread 0x000001d1f6bf0500 DEOPT PACKING pc=0x000001d1dd12bbb8 sp=0x00000086854fc330
Event: 13.886 Thread 0x000001d1f6bf0500 DEOPT UNPACKING pc=0x000001d1dc8f69a3 sp=0x00000086854fc320 mode 2
Event: 13.886 Thread 0x000001d1f6bf0500 Uncommon trap: trap_request=0xffffffbe fr.pc=0x000001d1dd12bbb8 relative=0x0000000000001a38
Event: 13.886 Thread 0x000001d1f6bf0500 Uncommon trap: reason=profile_predicate action=maybe_recompile pc=0x000001d1dd12bbb8 method=javafx.css.CompoundSelector.applies(Ljavafx/css/Styleable;I[Ljava/util/Set;I)Z @ 103 c2
Event: 13.886 Thread 0x000001d1f6bf0500 DEOPT PACKING pc=0x000001d1dd12bbb8 sp=0x00000086854fc330
Event: 13.886 Thread 0x000001d1f6bf0500 DEOPT UNPACKING pc=0x000001d1dc8f69a3 sp=0x00000086854fc320 mode 2
Event: 13.892 Thread 0x000001d1f6bf0500 Uncommon trap: trap_request=0xffffff45 fr.pc=0x000001d1dd0ef4a8 relative=0x0000000000001668
Event: 13.892 Thread 0x000001d1f6bf0500 Uncommon trap: reason=unstable_if action=reinterpret pc=0x000001d1dd0ef4a8 method=javafx.scene.CssStyleHelper.lookup(Ljavafx/css/Styleable;Ljavafx/css/CssMetaData;Lcom/sun/javafx/css/StyleMap;Ljava/util/Set;Ljavafx/css/Styleable;Lcom/sun/javafx/css/Calcul
Event: 13.892 Thread 0x000001d1f6bf0500 DEOPT PACKING pc=0x000001d1dd0ef4a8 sp=0x00000086854fc970
Event: 13.892 Thread 0x000001d1f6bf0500 DEOPT UNPACKING pc=0x000001d1dc8f69a3 sp=0x00000086854fc928 mode 2
Event: 13.892 Thread 0x000001d1f6bf0500 Uncommon trap: trap_request=0xffffff45 fr.pc=0x000001d1dd0eb918 relative=0x0000000000000758
Event: 13.892 Thread 0x000001d1f6bf0500 Uncommon trap: reason=unstable_if action=reinterpret pc=0x000001d1dd0eb918 method=com.sun.javafx.css.ParsedValueImpl.containsFontRelativeSize(Ljavafx/css/ParsedValue;Z)Z @ 56 c2
Event: 13.892 Thread 0x000001d1f6bf0500 DEOPT PACKING pc=0x000001d1dd0eb918 sp=0x00000086854fc030
Event: 13.892 Thread 0x000001d1f6bf0500 DEOPT UNPACKING pc=0x000001d1dc8f69a3 sp=0x00000086854fbfb8 mode 2

Classes loaded (20 events):
Event: 6.742 Loading class java/lang/FdLibm$Cbrt
Event: 6.742 Loading class java/lang/FdLibm$Cbrt done
Event: 6.742 Loading class java/lang/FdLibm
Event: 6.742 Loading class java/lang/FdLibm done
Event: 9.981 Loading class java/util/stream/MatchOps$MatchKind
Event: 9.981 Loading class java/util/stream/MatchOps$MatchKind done
Event: 9.981 Loading class java/util/stream/MatchOps
Event: 9.981 Loading class java/util/stream/MatchOps done
Event: 9.981 Loading class java/util/stream/MatchOps$MatchOp
Event: 9.981 Loading class java/util/stream/MatchOps$MatchOp done
Event: 9.982 Loading class java/util/stream/MatchOps$BooleanTerminalSink
Event: 9.982 Loading class java/util/stream/MatchOps$BooleanTerminalSink done
Event: 9.982 Loading class java/util/stream/MatchOps$1MatchSink
Event: 9.982 Loading class java/util/stream/MatchOps$1MatchSink done
Event: 19.850 Loading class java/util/LinkedList$ListItr
Event: 19.850 Loading class java/util/LinkedList$ListItr done
Event: 19.864 Loading class java/lang/Throwable$WrappedPrintStream
Event: 19.864 Loading class java/lang/Throwable$PrintStreamOrWriter
Event: 19.864 Loading class java/lang/Throwable$PrintStreamOrWriter done
Event: 19.864 Loading class java/lang/Throwable$WrappedPrintStream done

Classes unloaded (0 events):
No events

Classes redefined (0 events):
No events

Internal exceptions (20 events):
Event: 0.429 Thread 0x000001d1f6bf0500 Exception <a 'java/lang/NoSuchMethodError'{0x0000000711cf1910}: 'void java.lang.invoke.DirectMethodHandle$Holder.invokeSpecial(java.lang.Object, java.lang.Object, java.lang.Object, java.lang.Object, java.lang.Object)'> (0x0000000711cf1910) 
thrown [s\src\hotspot\share\interpreter\linkResolver.cpp, line 759]
Event: 0.496 Thread 0x000001d1f6bf0500 Exception <a 'java/lang/NoSuchMethodError'{0x0000000712a36420}: 'void java.lang.invoke.DirectMethodHandle$Holder.invokeStaticInit(java.lang.Object, java.lang.Object)'> (0x0000000712a36420) 
thrown [s\src\hotspot\share\interpreter\linkResolver.cpp, line 759]
Event: 0.532 Thread 0x000001d1f6bf0500 Implicit null exception at 0x000001d1dd010960 to 0x000001d1dd0109fa
Event: 0.556 Thread 0x000001d1f6bf0500 Implicit null exception at 0x000001d1dd05664f to 0x000001d1dd056dac
Event: 0.556 Thread 0x000001d1f6bf0500 Implicit null exception at 0x000001d1dd05534f to 0x000001d1dd055a6c
Event: 0.556 Thread 0x000001d1f6bf0500 Implicit null exception at 0x000001d1dd00f42f to 0x000001d1dd00f4a9
Event: 0.634 Thread 0x000001d1f6bf0500 Exception <a 'java/lang/NoSuchMethodError'{0x0000000712047d18}: 'java.lang.Object java.lang.invoke.DirectMethodHandle$Holder.invokeInterface(java.lang.Object, java.lang.Object, java.lang.Object)'> (0x0000000712047d18) 
thrown [s\src\hotspot\share\interpreter\linkResolver.cpp, line 759]
Event: 0.634 Thread 0x000001d1f6bf0500 Exception <a 'java/lang/IncompatibleClassChangeError'{0x000000071204b6a0}: Found class java.lang.Object, but interface was expected> (0x000000071204b6a0) 
thrown [s\src\hotspot\share\interpreter\linkResolver.cpp, line 826]
Event: 0.673 Thread 0x000001d1f6bf0500 Exception <a 'java/lang/NoSuchMethodError'{0x00000007121e7130}: 'java.lang.Object java.lang.invoke.DirectMethodHandle$Holder.newInvokeSpecial(java.lang.Object, java.lang.Object, int)'> (0x00000007121e7130) 
thrown [s\src\hotspot\share\interpreter\linkResolver.cpp, line 759]
Event: 0.686 Thread 0x000001d1f63b64d0 Exception <a 'java/lang/NoSuchMethodError'{0x0000000711f56aa8}: 'int java.lang.invoke.DirectMethodHandle$Holder.invokeStaticInit(java.lang.Object, java.lang.Object)'> (0x0000000711f56aa8) 
thrown [s\src\hotspot\share\interpreter\linkResolver.cpp, line 759]
Event: 4.140 Thread 0x000001d1f6bf0500 Exception <a 'java/lang/NoSuchMethodError'{0x00000007117bb758}: 'long java.lang.invoke.DirectMethodHandle$Holder.invokeStatic(java.lang.Object, java.lang.Object, java.lang.Object)'> (0x00000007117bb758) 
thrown [s\src\hotspot\share\interpreter\linkResolver.cpp, line 759]
Event: 4.140 Thread 0x000001d1f6bf0500 Exception <a 'java/lang/NoSuchMethodError'{0x00000007117bef00}: 'long java.lang.invoke.DirectMethodHandle$Holder.invokeStaticInit(java.lang.Object, java.lang.Object, java.lang.Object)'> (0x00000007117bef00) 
thrown [s\src\hotspot\share\interpreter\linkResolver.cpp, line 759]
Event: 4.141 Thread 0x000001d1f6bf0500 Exception <a 'java/lang/NoSuchMethodError'{0x00000007117d6d10}: 'java.lang.Object java.lang.invoke.DirectMethodHandle$Holder.newInvokeSpecial(java.lang.Object, java.lang.Object, long)'> (0x00000007117d6d10) 
thrown [s\src\hotspot\share\interpreter\linkResolver.cpp, line 759]
Event: 4.141 Thread 0x000001d1f6bf0500 Exception <a 'java/lang/NoSuchMethodError'{0x00000007117da880}: 'java.lang.Object java.lang.invoke.Invokers$Holder.linkToTargetMethod(java.lang.Object, long, java.lang.Object)'> (0x00000007117da880) 
thrown [s\src\hotspot\share\interpreter\linkResolver.cpp, line 759]
Event: 4.245 Thread 0x000001d1f6bf0500 Exception <a 'java/lang/NoSuchMethodError'{0x00000007112e1888}: 'void java.lang.invoke.DirectMethodHandle$Holder.invokeSpecialIFC(java.lang.Object, java.lang.Object, java.lang.Object, java.lang.Object)'> (0x00000007112e1888) 
thrown [s\src\hotspot\share\interpreter\linkResolver.cpp, line 759]
Event: 4.248 Thread 0x000001d1f6bf0500 Exception <a 'java/lang/ClassNotFoundException'{0x0000000711334be8}: com/sun/javafx/scene/control/skin/resources/controls> (0x0000000711334be8) 
thrown [s\src\hotspot\share\prims\jni.cpp, line 535]
Event: 4.249 Thread 0x000001d1f6bf0500 Exception <a 'java/lang/ClassNotFoundException'{0x00000007113429c8}: com/sun/javafx/scene/control/skin/resources/controls_fr> (0x00000007113429c8) 
thrown [s\src\hotspot\share\prims\jni.cpp, line 535]
Event: 4.249 Thread 0x000001d1f6bf0500 Exception <a 'java/lang/ClassNotFoundException'{0x0000000711350538}: com/sun/javafx/scene/control/skin/resources/controls_fr_FR> (0x0000000711350538) 
thrown [s\src\hotspot\share\prims\jni.cpp, line 535]
Event: 4.270 Thread 0x000001d1f6bf0500 Exception <a 'java/lang/NoSuchMethodError'{0x00000007110eda60}: 'int java.lang.invoke.DirectMethodHandle$Holder.invokeSpecial(java.lang.Object, java.lang.Object, int)'> (0x00000007110eda60) 
thrown [s\src\hotspot\share\interpreter\linkResolver.cpp, line 759]
Event: 6.212 Thread 0x000001d1f6bf0500 Implicit null exception at 0x000001d1dd0ae76f to 0x000001d1dd0aef64

VM Operations (20 events):
Event: 6.325 Executing VM operation: Cleanup
Event: 6.325 Executing VM operation: Cleanup done
Event: 7.325 Executing VM operation: Cleanup
Event: 7.325 Executing VM operation: Cleanup done
Event: 8.325 Executing VM operation: Cleanup
Event: 8.325 Executing VM operation: Cleanup done
Event: 10.326 Executing VM operation: Cleanup
Event: 10.326 Executing VM operation: Cleanup done
Event: 11.326 Executing VM operation: Cleanup
Event: 11.326 Executing VM operation: Cleanup done
Event: 12.326 Executing VM operation: Cleanup
Event: 12.326 Executing VM operation: Cleanup done
Event: 14.327 Executing VM operation: Cleanup
Event: 14.327 Executing VM operation: Cleanup done
Event: 16.327 Executing VM operation: Cleanup
Event: 16.327 Executing VM operation: Cleanup done
Event: 17.328 Executing VM operation: Cleanup
Event: 17.328 Executing VM operation: Cleanup done
Event: 19.329 Executing VM operation: Cleanup
Event: 19.329 Executing VM operation: Cleanup done

Memory protections (0 events):
No events

Nmethod flushes (0 events):
No events

Events (20 events):
Event: 4.294 Thread 0x000001d1f14c4810 Thread added: 0x000001d1fbeacc60
Event: 4.295 Thread 0x000001d1fbfb04e0 Thread added: 0x000001d1f707b010
Event: 4.300 Thread 0x000001d1f14c4810 Thread added: 0x000001d1f719edd0
Event: 4.333 Thread 0x000001d1f14c4810 Thread added: 0x000001d1fc4cc550
Event: 4.820 Thread 0x000001d1fc4cc550 Thread exited: 0x000001d1fc4cc550
Event: 4.827 Thread 0x000001d1f719edd0 Thread exited: 0x000001d1f719edd0
Event: 4.959 Thread 0x000001d1f707b010 Thread exited: 0x000001d1f707b010
Event: 5.085 Thread 0x000001d1fbfb04e0 Thread added: 0x000001d1f707b010
Event: 5.384 Thread 0x000001d1fbeacc60 Thread exited: 0x000001d1fbeacc60
Event: 6.215 Thread 0x000001d1fbfb04e0 Thread added: 0x000001d1f6f7a110
Event: 6.215 Thread 0x000001d1f07c53b0 Thread added: 0x000001d1fbf121b0
Event: 6.582 Thread 0x000001d1fbf121b0 Thread exited: 0x000001d1fbf121b0
Event: 6.637 Thread 0x000001d1f6f7a110 Thread exited: 0x000001d1f6f7a110
Event: 7.982 Thread 0x000001d1f707b010 Thread exited: 0x000001d1f707b010
Event: 7.996 Thread 0x000001d1fbfb04e0 Thread exited: 0x000001d1fbfb04e0
Event: 7.996 Thread 0x000001d1f14c4810 Thread exited: 0x000001d1f14c4810
Event: 9.644 Thread 0x000001d1f07c5e60 Thread added: 0x000001d1f6520b10
Event: 15.579 Thread 0x000001d1f07c5e60 Thread added: 0x000001d1f66c2cf0
Event: 15.579 Thread 0x000001d1f07c5e60 Thread added: 0x000001d1f66c3210
Event: 19.750 Thread 0x000001d1f66c3210 Thread exited: 0x000001d1f66c3210


Dynamic libraries:
0x00007ff673410000 - 0x00007ff67341e000 	C:\Program Files\Eclipse Adoptium\jdk-17.0.16.8-hotspot\bin\java.exe
0x00007ffd71fc0000 - 0x00007ffd72225000 	C:\WINDOWS\SYSTEM32\ntdll.dll
0x00007ffd70400000 - 0x00007ffd704c9000 	C:\WINDOWS\System32\KERNEL32.DLL
0x00007ffd6f110000 - 0x00007ffd6f4f8000 	C:\WINDOWS\System32\KERNELBASE.dll
0x00007ffd6f850000 - 0x00007ffd6f99b000 	C:\WINDOWS\System32\ucrtbase.dll
0x00007ffd4d030000 - 0x00007ffd4d04e000 	C:\Program Files\Eclipse Adoptium\jdk-17.0.16.8-hotspot\bin\VCRUNTIME140.dll
0x00007ffd55c10000 - 0x00007ffd55c27000 	C:\Program Files\Eclipse Adoptium\jdk-17.0.16.8-hotspot\bin\jli.dll
0x00007ffd70e70000 - 0x00007ffd7103a000 	C:\WINDOWS\System32\USER32.dll
0x00007ffd5bca0000 - 0x00007ffd5bf3a000 	C:\WINDOWS\WinSxS\amd64_microsoft.windows.common-controls_6595b64144ccf1df_6.0.26100.4202_none_3e0698d4e335f517\COMCTL32.dll
0x00007ffd6fd30000 - 0x00007ffd6fd57000 	C:\WINDOWS\System32\win32u.dll
0x00007ffd71040000 - 0x00007ffd710e9000 	C:\WINDOWS\System32\msvcrt.dll
0x00007ffd70e40000 - 0x00007ffd70e6b000 	C:\WINDOWS\System32\GDI32.dll
0x00007ffd6f710000 - 0x00007ffd6f847000 	C:\WINDOWS\System32\gdi32full.dll
0x00007ffd6f5c0000 - 0x00007ffd6f663000 	C:\WINDOWS\System32\msvcp_win.dll
0x00007ffd71850000 - 0x00007ffd71880000 	C:\WINDOWS\System32\IMM32.DLL
0x00007ffd4d540000 - 0x00007ffd4d54c000 	C:\Program Files\Eclipse Adoptium\jdk-17.0.16.8-hotspot\bin\vcruntime140_1.dll
0x00007ffd3c7b0000 - 0x00007ffd3c83d000 	C:\Program Files\Eclipse Adoptium\jdk-17.0.16.8-hotspot\bin\msvcp140.dll
0x00007ffcbf490000 - 0x00007ffcc00fb000 	C:\Program Files\Eclipse Adoptium\jdk-17.0.16.8-hotspot\bin\server\jvm.dll
0x00007ffd71890000 - 0x00007ffd71943000 	C:\WINDOWS\System32\ADVAPI32.dll
0x00007ffd6fe40000 - 0x00007ffd6fee6000 	C:\WINDOWS\System32\sechost.dll
0x00007ffd71e60000 - 0x00007ffd71f75000 	C:\WINDOWS\System32\RPCRT4.dll
0x00007ffd70a70000 - 0x00007ffd70ae4000 	C:\WINDOWS\System32\WS2_32.dll
0x00007ffd6dd50000 - 0x00007ffd6ddae000 	C:\WINDOWS\SYSTEM32\POWRPROF.dll
0x00007ffd68080000 - 0x00007ffd6808b000 	C:\WINDOWS\SYSTEM32\VERSION.dll
0x00007ffd62350000 - 0x00007ffd62385000 	C:\WINDOWS\SYSTEM32\WINMM.dll
0x00007ffd6dd30000 - 0x00007ffd6dd44000 	C:\WINDOWS\SYSTEM32\UMPDC.dll
0x00007ffd6dff0000 - 0x00007ffd6e00b000 	C:\WINDOWS\SYSTEM32\kernel.appcore.dll
0x00007ffd479a0000 - 0x00007ffd479aa000 	C:\Program Files\Eclipse Adoptium\jdk-17.0.16.8-hotspot\bin\jimage.dll
0x00007ffd6ca30000 - 0x00007ffd6cc71000 	C:\WINDOWS\SYSTEM32\DBGHELP.DLL
0x00007ffd70070000 - 0x00007ffd703f5000 	C:\WINDOWS\System32\combase.dll
0x00007ffd705e0000 - 0x00007ffd706c1000 	C:\WINDOWS\System32\OLEAUT32.dll
0x00007ffd55480000 - 0x00007ffd554b9000 	C:\WINDOWS\SYSTEM32\dbgcore.DLL
0x00007ffd6f670000 - 0x00007ffd6f709000 	C:\WINDOWS\System32\bcryptPrimitives.dll
0x00007ffd3faf0000 - 0x00007ffd3fb15000 	C:\Program Files\Eclipse Adoptium\jdk-17.0.16.8-hotspot\bin\java.dll
0x00007ffcf49a0000 - 0x00007ffcf4a77000 	C:\Program Files\Eclipse Adoptium\jdk-17.0.16.8-hotspot\bin\jsvml.dll
0x00007ffd71100000 - 0x00007ffd71842000 	C:\WINDOWS\System32\SHELL32.dll
0x00007ffd6f9a0000 - 0x00007ffd6fb14000 	C:\WINDOWS\System32\wintypes.dll
0x00007ffd6cd90000 - 0x00007ffd6d5e8000 	C:\WINDOWS\SYSTEM32\windows.storage.dll
0x00007ffd706d0000 - 0x00007ffd707c1000 	C:\WINDOWS\System32\SHCORE.dll
0x00007ffd6fef0000 - 0x00007ffd6ff5a000 	C:\WINDOWS\System32\shlwapi.dll
0x00007ffd6eff0000 - 0x00007ffd6f01f000 	C:\WINDOWS\SYSTEM32\profapi.dll
0x00007ffd3e030000 - 0x00007ffd3e049000 	C:\Program Files\Eclipse Adoptium\jdk-17.0.16.8-hotspot\bin\net.dll
0x00007ffd682c0000 - 0x00007ffd683de000 	C:\WINDOWS\SYSTEM32\WINHTTP.dll
0x00007ffd6e560000 - 0x00007ffd6e5ca000 	C:\WINDOWS\system32\mswsock.dll
0x00007ffd3dce0000 - 0x00007ffd3dcf6000 	C:\Program Files\Eclipse Adoptium\jdk-17.0.16.8-hotspot\bin\nio.dll
0x00007ffd42110000 - 0x00007ffd42128000 	C:\Program Files\Eclipse Adoptium\jdk-17.0.16.8-hotspot\bin\zip.dll
0x000001d1cd010000 - 0x000001d1cd014000 	C:\Program Files\Eclipse Adoptium\jdk-17.0.16.8-hotspot\bin\api-ms-win-core-console-l1-1-0.dll
0x000001d1cd020000 - 0x000001d1cd024000 	C:\Program Files\Eclipse Adoptium\jdk-17.0.16.8-hotspot\bin\api-ms-win-core-datetime-l1-1-0.dll
0x000001d1cd030000 - 0x000001d1cd034000 	C:\Program Files\Eclipse Adoptium\jdk-17.0.16.8-hotspot\bin\api-ms-win-core-debug-l1-1-0.dll
0x000001d1cd040000 - 0x000001d1cd044000 	C:\Program Files\Eclipse Adoptium\jdk-17.0.16.8-hotspot\bin\api-ms-win-core-errorhandling-l1-1-0.dll
0x000001d1cd050000 - 0x000001d1cd055000 	C:\Program Files\Eclipse Adoptium\jdk-17.0.16.8-hotspot\bin\api-ms-win-core-file-l1-1-0.dll
0x000001d1cd060000 - 0x000001d1cd064000 	C:\Program Files\Eclipse Adoptium\jdk-17.0.16.8-hotspot\bin\api-ms-win-core-file-l1-2-0.dll
0x000001d1cd070000 - 0x000001d1cd074000 	C:\Program Files\Eclipse Adoptium\jdk-17.0.16.8-hotspot\bin\api-ms-win-core-file-l2-1-0.dll
0x000001d1cd080000 - 0x000001d1cd084000 	C:\Program Files\Eclipse Adoptium\jdk-17.0.16.8-hotspot\bin\api-ms-win-core-handle-l1-1-0.dll
0x000001d1cd090000 - 0x000001d1cd094000 	C:\Program Files\Eclipse Adoptium\jdk-17.0.16.8-hotspot\bin\api-ms-win-core-heap-l1-1-0.dll
0x000001d1cd800000 - 0x000001d1cd804000 	C:\Program Files\Eclipse Adoptium\jdk-17.0.16.8-hotspot\bin\api-ms-win-core-interlocked-l1-1-0.dll
0x000001d1cd810000 - 0x000001d1cd814000 	C:\Program Files\Eclipse Adoptium\jdk-17.0.16.8-hotspot\bin\api-ms-win-core-libraryloader-l1-1-0.dll
0x000001d1cd820000 - 0x000001d1cd824000 	C:\Program Files\Eclipse Adoptium\jdk-17.0.16.8-hotspot\bin\api-ms-win-core-localization-l1-2-0.dll
0x000001d1cd830000 - 0x000001d1cd834000 	C:\Program Files\Eclipse Adoptium\jdk-17.0.16.8-hotspot\bin\api-ms-win-core-memory-l1-1-0.dll
0x000001d1cd840000 - 0x000001d1cd844000 	C:\Program Files\Eclipse Adoptium\jdk-17.0.16.8-hotspot\bin\api-ms-win-core-namedpipe-l1-1-0.dll
0x000001d1cd850000 - 0x000001d1cd854000 	C:\Program Files\Eclipse Adoptium\jdk-17.0.16.8-hotspot\bin\api-ms-win-core-processenvironment-l1-1-0.dll
0x000001d1cd860000 - 0x000001d1cd864000 	C:\Program Files\Eclipse Adoptium\jdk-17.0.16.8-hotspot\bin\api-ms-win-core-processthreads-l1-1-0.dll
0x000001d1cd870000 - 0x000001d1cd874000 	C:\Program Files\Eclipse Adoptium\jdk-17.0.16.8-hotspot\bin\api-ms-win-core-processthreads-l1-1-1.dll
0x000001d1cd880000 - 0x000001d1cd884000 	C:\Program Files\Eclipse Adoptium\jdk-17.0.16.8-hotspot\bin\api-ms-win-core-profile-l1-1-0.dll
0x000001d1cd890000 - 0x000001d1cd894000 	C:\Program Files\Eclipse Adoptium\jdk-17.0.16.8-hotspot\bin\api-ms-win-core-rtlsupport-l1-1-0.dll
0x000001d1cd8a0000 - 0x000001d1cd8a4000 	C:\Program Files\Eclipse Adoptium\jdk-17.0.16.8-hotspot\bin\api-ms-win-core-string-l1-1-0.dll
0x000001d1f1900000 - 0x000001d1f1904000 	C:\Program Files\Eclipse Adoptium\jdk-17.0.16.8-hotspot\bin\api-ms-win-core-synch-l1-1-0.dll
0x000001d1f1910000 - 0x000001d1f1914000 	C:\Program Files\Eclipse Adoptium\jdk-17.0.16.8-hotspot\bin\api-ms-win-core-synch-l1-2-0.dll
0x000001d1f1920000 - 0x000001d1f1924000 	C:\Program Files\Eclipse Adoptium\jdk-17.0.16.8-hotspot\bin\api-ms-win-core-sysinfo-l1-1-0.dll
0x000001d1f1930000 - 0x000001d1f1934000 	C:\Program Files\Eclipse Adoptium\jdk-17.0.16.8-hotspot\bin\api-ms-win-core-timezone-l1-1-0.dll
0x000001d1f1940000 - 0x000001d1f1944000 	C:\Program Files\Eclipse Adoptium\jdk-17.0.16.8-hotspot\bin\api-ms-win-core-util-l1-1-0.dll
0x000001d1f1950000 - 0x000001d1f1954000 	C:\Program Files\Eclipse Adoptium\jdk-17.0.16.8-hotspot\bin\api-ms-win-crt-conio-l1-1-0.dll
0x000001d1f1960000 - 0x000001d1f1965000 	C:\Program Files\Eclipse Adoptium\jdk-17.0.16.8-hotspot\bin\api-ms-win-crt-convert-l1-1-0.dll
0x000001d1f1970000 - 0x000001d1f1974000 	C:\Program Files\Eclipse Adoptium\jdk-17.0.16.8-hotspot\bin\api-ms-win-crt-environment-l1-1-0.dll
0x000001d1f1980000 - 0x000001d1f1984000 	C:\Program Files\Eclipse Adoptium\jdk-17.0.16.8-hotspot\bin\api-ms-win-crt-filesystem-l1-1-0.dll
0x000001d1f1990000 - 0x000001d1f1994000 	C:\Program Files\Eclipse Adoptium\jdk-17.0.16.8-hotspot\bin\api-ms-win-crt-heap-l1-1-0.dll
0x000001d1f19a0000 - 0x000001d1f19a4000 	C:\Program Files\Eclipse Adoptium\jdk-17.0.16.8-hotspot\bin\api-ms-win-crt-locale-l1-1-0.dll
0x000001d1f19b0000 - 0x000001d1f19b6000 	C:\Program Files\Eclipse Adoptium\jdk-17.0.16.8-hotspot\bin\api-ms-win-crt-math-l1-1-0.dll
0x000001d1f19c0000 - 0x000001d1f19c6000 	C:\Program Files\Eclipse Adoptium\jdk-17.0.16.8-hotspot\bin\api-ms-win-crt-multibyte-l1-1-0.dll
0x000001d1f19d0000 - 0x000001d1f19e1000 	C:\Program Files\Eclipse Adoptium\jdk-17.0.16.8-hotspot\bin\api-ms-win-crt-private-l1-1-0.dll
0x000001d1f19f0000 - 0x000001d1f19f4000 	C:\Program Files\Eclipse Adoptium\jdk-17.0.16.8-hotspot\bin\api-ms-win-crt-process-l1-1-0.dll
0x000001d1f1a00000 - 0x000001d1f1a05000 	C:\Program Files\Eclipse Adoptium\jdk-17.0.16.8-hotspot\bin\api-ms-win-crt-runtime-l1-1-0.dll
0x000001d1f1a10000 - 0x000001d1f1a15000 	C:\Program Files\Eclipse Adoptium\jdk-17.0.16.8-hotspot\bin\api-ms-win-crt-stdio-l1-1-0.dll
0x000001d1f1a20000 - 0x000001d1f1a25000 	C:\Program Files\Eclipse Adoptium\jdk-17.0.16.8-hotspot\bin\api-ms-win-crt-string-l1-1-0.dll
0x000001d1f1a30000 - 0x000001d1f1a34000 	C:\Program Files\Eclipse Adoptium\jdk-17.0.16.8-hotspot\bin\api-ms-win-crt-time-l1-1-0.dll
0x000001d1f1a40000 - 0x000001d1f1a44000 	C:\Program Files\Eclipse Adoptium\jdk-17.0.16.8-hotspot\bin\api-ms-win-crt-utility-l1-1-0.dll
0x00007ffd55830000 - 0x00007ffd5597b000 	C:\Program Files\Eclipse Adoptium\jdk-17.0.16.8-hotspot\bin\ucrtbase.dll
0x00007ffd59110000 - 0x00007ffd5915e000 	C:\Windows\System32\concrt140.dll
0x00007ffd5c710000 - 0x00007ffd5c733000 	C:\Users\emile\.openjfx\cache\12.0.1\prism_d3d.dll
0x00007ffd48ad0000 - 0x00007ffd48c87000 	C:\WINDOWS\system32\d3d9.dll
0x00007ffd6c2b0000 - 0x00007ffd6c2e6000 	C:\WINDOWS\SYSTEM32\dwmapi.dll
0x00007ffd6c100000 - 0x00007ffd6c14d000 	C:\WINDOWS\SYSTEM32\dxcore.dll
0x00007ffd68df0000 - 0x00007ffd68e9f000 	C:\WINDOWS\system32\uxtheme.dll
0x00007ffd48920000 - 0x00007ffd48acd000 	C:\WINDOWS\System32\DriverStore\FileRepository\iigd_dch.inf_amd64_b53c057d22ce6f37\igdumdim64.dll
0x00007ffd70890000 - 0x00007ffd70a2e000 	C:\WINDOWS\System32\ole32.dll
0x00007ffcba7e0000 - 0x00007ffcbd883000 	C:\WINDOWS\System32\DriverStore\FileRepository\iigd_dch.inf_amd64_b53c057d22ce6f37\igd9dxva64.dll
0x00007ffd719c0000 - 0x00007ffd71e46000 	C:\WINDOWS\System32\SETUPAPI.dll
0x00007ffd6ed70000 - 0x00007ffd6edc7000 	C:\WINDOWS\SYSTEM32\cfgmgr32.dll
0x00007ffd53aa0000 - 0x00007ffd53ea9000 	C:\WINDOWS\System32\DriverStore\FileRepository\iigd_dch.inf_amd64_b53c057d22ce6f37\igdgmm64.dll
0x00007ffd6c070000 - 0x00007ffd6c0d1000 	C:\WINDOWS\SYSTEM32\directxdatabasehelper.dll
0x00007ffd57560000 - 0x00007ffd575a5000 	C:\Users\emile\.openjfx\cache\12.0.1\glass.dll
0x00007ffd6ff70000 - 0x00007ffd70066000 	C:\WINDOWS\System32\COMDLG32.dll
0x00007ffd70af0000 - 0x00007ffd70c50000 	C:\WINDOWS\System32\MSCTF.dll
0x00007ffd3ae20000 - 0x00007ffd3ae47000 	C:\WINDOWS\System32\DriverStore\FileRepository\iigd_dch.inf_amd64_b53c057d22ce6f37\igdinfo64.dll
0x00007ffd50300000 - 0x00007ffd53a94000 	C:\WINDOWS\System32\DriverStore\FileRepository\iigd_dch.inf_amd64_b53c057d22ce6f37\igc64.dll
0x00007ffd5c420000 - 0x00007ffd5c434000 	C:\Users\emile\.openjfx\cache\12.0.1\javafx_font.dll
0x00007ffd65570000 - 0x00007ffd657db000 	C:\WINDOWS\SYSTEM32\dwrite.dll
0x00007ffd707d0000 - 0x00007ffd70878000 	C:\WINDOWS\System32\clbcatq.dll
0x00007ffd688a0000 - 0x00007ffd68ad9000 	C:\WINDOWS\SYSTEM32\WindowsCodecs.dll
0x00007ffd42fc0000 - 0x00007ffd4301a000 	C:\WINDOWS\system32\dataexchange.dll
0x00007ffd5b820000 - 0x00007ffd5ba5a000 	C:\WINDOWS\system32\twinapi.appcore.dll
0x00007ffd590b0000 - 0x00007ffd590dc000 	C:\Program Files\Common Files\Microsoft Shared\Ink\rtscom.dll
0x00007ffd4f870000 - 0x00007ffd4f9c0000 	C:\WINDOWS\SYSTEM32\textinputframework.dll
0x00007ffd666e0000 - 0x00007ffd66805000 	C:\WINDOWS\SYSTEM32\CoreMessaging.dll
0x00007ffd54820000 - 0x00007ffd54b03000 	C:\WINDOWS\SYSTEM32\CoreUIComponents.dll
0x00007ffd6e830000 - 0x00007ffd6e83c000 	C:\WINDOWS\SYSTEM32\CRYPTBASE.DLL
0x00007ffd659a0000 - 0x00007ffd65fd9000 	C:\WINDOWS\SYSTEM32\d2d1.dll
0x00007ffd65300000 - 0x00007ffd65566000 	C:\WINDOWS\SYSTEM32\d3d11.dll
0x00007ffd6c150000 - 0x00007ffd6c285000 	C:\WINDOWS\SYSTEM32\dxgi.dll
0x00007ffcd5550000 - 0x00007ffcd5afc000 	C:\WINDOWS\SYSTEM32\D3D10Warp.dll

dbghelp: loaded successfully - version: 4.0.5 - missing functions: none
symbol engine: initialized successfully - sym options: 0x614 - pdb path: .;C:\Program Files\Eclipse Adoptium\jdk-17.0.16.8-hotspot\bin;C:\WINDOWS\SYSTEM32;C:\WINDOWS\WinSxS\amd64_microsoft.windows.common-controls_6595b64144ccf1df_6.0.26100.4202_none_3e0698d4e335f517;C:\Program Files\Eclipse Adoptium\jdk-17.0.16.8-hotspot\bin\server;C:\Users\emile\.openjfx\cache\12.0.1;C:\WINDOWS\System32\DriverStore\FileRepository\iigd_dch.inf_amd64_b53c057d22ce6f37;C:\Program Files\Common Files\Microsoft Shared\Ink

VM Arguments:
jvm_args: --add-modules=javafx.controls --module-path=C:\Users\emile\.gradle\caches\modules-2\files-2.1\org.openjfx\javafx-controls\12.0.1\838555460c025b8df0fbc0fa03bf3f3767698f89\javafx-controls-12.0.1-win.jar;C:\Users\emile\.gradle\caches\modules-2\files-2.1\org.openjfx\javafx-graphics\12.0.1\18a01ffdd4edb82e7da3bc99937c6a608d1eaaa6\javafx-graphics-12.0.1-win.jar;C:\Users\emile\.gradle\caches\modules-2\files-2.1\org.openjfx\javafx-base\12.0.1\6f5947b255bb26e072862b3bb0c32d54d8effe84\javafx-base-12.0.1-win.jar -Dfile.encoding=windows-1252 -Duser.country=FR -Duser.language=fr -Duser.variant 
java_command: game.Main
java_class_path (initial): C:\Users\emile\IdeaProjects\projet-aout2\build\classes\java\main;C:\Users\emile\IdeaProjects\projet-aout2\build\resources\main;C:\Users\emile\.gradle\caches\modules-2\files-2.1\org.openjfx\javafx-controls\12.0.1\838555460c025b8df0fbc0fa03bf3f3767698f89\javafx-controls-12.0.1-win.jar;C:\Users\emile\.gradle\caches\modules-2\files-2.1\org.openjfx\javafx-graphics\12.0.1\18a01ffdd4edb82e7da3bc99937c6a608d1eaaa6\javafx-graphics-12.0.1-win.jar;C:\Users\emile\.gradle\caches\modules-2\files-2.1\org.openjfx\javafx-graphics\12.0.1\19ec56a15d7dd9c49112912547425b718485d7db\javafx-graphics-12.0.1.jar;C:\Users\emile\.gradle\caches\modules-2\files-2.1\org.openjfx\javafx-base\12.0.1\6f5947b255bb26e072862b3bb0c32d54d8effe84\javafx-base-12.0.1-win.jar;C:\Users\emile\.gradle\caches\modules-2\files-2.1\org.openjfx\javafx-base\12.0.1\6abae81d00e0c6f4fde02e2666f9c0b989ff47e4\javafx-base-12.0.1.jar
Launcher Type: SUN_STANDARD

[Global flags]
     intx CICompilerCount                          = 12                                        {product} {ergonomic}
     uint ConcGCThreads                            = 3                                         {product} {ergonomic}
     uint G1ConcRefinementThreads                  = 13                                        {product} {ergonomic}
   size_t G1HeapRegionSize                         = 2097152                                   {product} {ergonomic}
    uintx GCDrainStackTargetSize                   = 64                                        {product} {ergonomic}
   size_t InitialHeapSize                          = 266338304                                 {product} {ergonomic}
   size_t MarkStackSize                            = 4194304                                   {product} {ergonomic}
   size_t MaxHeapSize                              = 4240441344                                {product} {ergonomic}
   size_t MaxNewSize                               = 2543845376                                {product} {ergonomic}
   size_t MinHeapDeltaBytes                        = 2097152                                   {product} {ergonomic}
   size_t MinHeapSize                              = 8388608                                   {product} {ergonomic}
    uintx NonNMethodCodeHeapSize                   = 7602480                                {pd product} {ergonomic}
    uintx NonProfiledCodeHeapSize                  = 122027880                              {pd product} {ergonomic}
    uintx ProfiledCodeHeapSize                     = 122027880                              {pd product} {ergonomic}
    uintx ReservedCodeCacheSize                    = 251658240                              {pd product} {ergonomic}
     bool SegmentedCodeCache                       = true                                      {product} {ergonomic}
   size_t SoftMaxHeapSize                          = 4240441344                             {manageable} {ergonomic}
     bool UseCompressedClassPointers               = true                           {product lp64_product} {ergonomic}
     bool UseCompressedOops                        = true                           {product lp64_product} {ergonomic}
     bool UseG1GC                                  = true                                      {product} {ergonomic}
     bool UseLargePagesIndividualAllocation        = false                                  {pd product} {ergonomic}

Logging:
Log output configuration:
 #0: stdout all=warning uptime,level,tags
 #1: stderr all=off uptime,level,tags

Environment Variables:
JAVA_HOME=C:\Program Files\Eclipse Adoptium\jdk-17.0.16.8-hotspot\
PATH=C:\Program Files\Eclipse Adoptium\jdk-17.0.16.8-hotspot\bin;C:\WINDOWS\system32;C:\WINDOWS;C:\WINDOWS\System32\Wbem;C:\WINDOWS\System32\WindowsPowerShell\v1.0\;C:\WINDOWS\System32\OpenSSH\;C:\Program Files\dotnet\;C:\Program Files\Git\cmd;C:\Program Files (x86)\NVIDIA Corporation\PhysX\Common;C:\Gradle\gradle-8.14.3\bin;C:\Users\emile\AppData\Local\Programs\Python\Python313\Scripts\;C:\Users\emile\AppData\Local\Programs\Python\Python313\;C:\Users\emile\AppData\Local\Microsoft\WindowsApps;C:\Users\emile\AppData\Local\Programs\Microsoft VS Code\bin;C:\Program Files\Racket;;C:\Program Files\JetBrains\PyCharm Community Edition 2024.3.4\bin;;C:\Program Files\JetBrains\IntelliJ IDEA Community Edition 2025.2\bin
USERNAME=emile
TERM=xterm
OS=Windows_NT
PROCESSOR_IDENTIFIER=Intel64 Family 6 Model 165 Stepping 2, GenuineIntel
TMP=C:\Users\emile\AppData\Local\Temp
TEMP=C:\Users\emile\AppData\Local\Temp



Periodic native trim disabled


---------------  S Y S T E M  ---------------

OS:
 Windows 11 , 64 bit Build 26100 (10.0.26100.4202)
OS uptime: 0 days 2:51 hours

CPU: total 16 (initial active 16) (8 cores per cpu, 2 threads per core) family 6 model 165 stepping 2 microcode 0xe0, cx8, cmov, fxsr, ht, mmx, 3dnowpref, sse, sse2, sse3, ssse3, sse4.1, sse4.2, popcnt, lzcnt, tsc, tscinvbit, avx, avx2, aes, erms, clmul, bmi1, bmi2, adx, fma, vzeroupper, clflush, clflushopt
Processor Information for all 16 processors :
  Max Mhz: 2208, Current Mhz: 2208, Mhz Limit: 2208

Memory: 4k page, system-wide physical 16168M (7865M free)
TotalPageFile size 17192M (AvailPageFile size 7242M)
current process WorkingSet (physical memory assigned to process): 172M, peak: 191M
current process commit charge ("private bytes"): 430M, peak: 454M

vm_info: OpenJDK 64-Bit Server VM (17.0.16+8) for windows-amd64 JRE (17.0.16+8), built on Jul 16 2025 10:37:56 by "admin" with MS VC++ 17.7 (VS2022)

END.
